Archive member included to satisfy reference by file (symbol)

/home/edward/Ac6/SystemWorkbench_old/plugins/fr.ac6.mcu.externaltools.arm-none.linux64_1.17.0.201812190825/tools/compiler/bin/../lib/gcc/arm-none-eabi/7.3.1/../../../../arm-none-eabi/lib/thumb/v7e-m/fpv4-sp/hard/libm.a(lib_a-w_exp.o)
                              src/libwhetstone.o (exp)
/home/edward/Ac6/SystemWorkbench_old/plugins/fr.ac6.mcu.externaltools.arm-none.linux64_1.17.0.201812190825/tools/compiler/bin/../lib/gcc/arm-none-eabi/7.3.1/../../../../arm-none-eabi/lib/thumb/v7e-m/fpv4-sp/hard/libm.a(lib_a-w_log.o)
                              src/libwhetstone.o (log)
/home/edward/Ac6/SystemWorkbench_old/plugins/fr.ac6.mcu.externaltools.arm-none.linux64_1.17.0.201812190825/tools/compiler/bin/../lib/gcc/arm-none-eabi/7.3.1/../../../../arm-none-eabi/lib/thumb/v7e-m/fpv4-sp/hard/libm.a(lib_a-w_sqrt.o)
                              src/libwhetstone.o (sqrt)
/home/edward/Ac6/SystemWorkbench_old/plugins/fr.ac6.mcu.externaltools.arm-none.linux64_1.17.0.201812190825/tools/compiler/bin/../lib/gcc/arm-none-eabi/7.3.1/../../../../arm-none-eabi/lib/thumb/v7e-m/fpv4-sp/hard/libm.a(lib_a-e_exp.o)
                              /home/edward/Ac6/SystemWorkbench_old/plugins/fr.ac6.mcu.externaltools.arm-none.linux64_1.17.0.201812190825/tools/compiler/bin/../lib/gcc/arm-none-eabi/7.3.1/../../../../arm-none-eabi/lib/thumb/v7e-m/fpv4-sp/hard/libm.a(lib_a-w_exp.o) (__ieee754_exp)
/home/edward/Ac6/SystemWorkbench_old/plugins/fr.ac6.mcu.externaltools.arm-none.linux64_1.17.0.201812190825/tools/compiler/bin/../lib/gcc/arm-none-eabi/7.3.1/../../../../arm-none-eabi/lib/thumb/v7e-m/fpv4-sp/hard/libm.a(lib_a-e_log.o)
                              /home/edward/Ac6/SystemWorkbench_old/plugins/fr.ac6.mcu.externaltools.arm-none.linux64_1.17.0.201812190825/tools/compiler/bin/../lib/gcc/arm-none-eabi/7.3.1/../../../../arm-none-eabi/lib/thumb/v7e-m/fpv4-sp/hard/libm.a(lib_a-w_log.o) (__ieee754_log)
/home/edward/Ac6/SystemWorkbench_old/plugins/fr.ac6.mcu.externaltools.arm-none.linux64_1.17.0.201812190825/tools/compiler/bin/../lib/gcc/arm-none-eabi/7.3.1/../../../../arm-none-eabi/lib/thumb/v7e-m/fpv4-sp/hard/libm.a(lib_a-e_sqrt.o)
                              /home/edward/Ac6/SystemWorkbench_old/plugins/fr.ac6.mcu.externaltools.arm-none.linux64_1.17.0.201812190825/tools/compiler/bin/../lib/gcc/arm-none-eabi/7.3.1/../../../../arm-none-eabi/lib/thumb/v7e-m/fpv4-sp/hard/libm.a(lib_a-w_sqrt.o) (__ieee754_sqrt)
/home/edward/Ac6/SystemWorkbench_old/plugins/fr.ac6.mcu.externaltools.arm-none.linux64_1.17.0.201812190825/tools/compiler/bin/../lib/gcc/arm-none-eabi/7.3.1/../../../../arm-none-eabi/lib/thumb/v7e-m/fpv4-sp/hard/libm.a(lib_a-s_finite.o)
                              /home/edward/Ac6/SystemWorkbench_old/plugins/fr.ac6.mcu.externaltools.arm-none.linux64_1.17.0.201812190825/tools/compiler/bin/../lib/gcc/arm-none-eabi/7.3.1/../../../../arm-none-eabi/lib/thumb/v7e-m/fpv4-sp/hard/libm.a(lib_a-w_exp.o) (finite)
/home/edward/Ac6/SystemWorkbench_old/plugins/fr.ac6.mcu.externaltools.arm-none.linux64_1.17.0.201812190825/tools/compiler/bin/../lib/gcc/arm-none-eabi/7.3.1/../../../../arm-none-eabi/lib/thumb/v7e-m/fpv4-sp/hard/libm.a(lib_a-s_lib_ver.o)
                              /home/edward/Ac6/SystemWorkbench_old/plugins/fr.ac6.mcu.externaltools.arm-none.linux64_1.17.0.201812190825/tools/compiler/bin/../lib/gcc/arm-none-eabi/7.3.1/../../../../arm-none-eabi/lib/thumb/v7e-m/fpv4-sp/hard/libm.a(lib_a-w_exp.o) (__fdlib_version)
/home/edward/Ac6/SystemWorkbench_old/plugins/fr.ac6.mcu.externaltools.arm-none.linux64_1.17.0.201812190825/tools/compiler/bin/../lib/gcc/arm-none-eabi/7.3.1/../../../../arm-none-eabi/lib/thumb/v7e-m/fpv4-sp/hard/libm.a(lib_a-s_matherr.o)
                              /home/edward/Ac6/SystemWorkbench_old/plugins/fr.ac6.mcu.externaltools.arm-none.linux64_1.17.0.201812190825/tools/compiler/bin/../lib/gcc/arm-none-eabi/7.3.1/../../../../arm-none-eabi/lib/thumb/v7e-m/fpv4-sp/hard/libm.a(lib_a-w_exp.o) (matherr)
/home/edward/Ac6/SystemWorkbench_old/plugins/fr.ac6.mcu.externaltools.arm-none.linux64_1.17.0.201812190825/tools/compiler/bin/../lib/gcc/arm-none-eabi/7.3.1/../../../../arm-none-eabi/lib/thumb/v7e-m/fpv4-sp/hard/libm.a(lib_a-s_nan.o)
                              /home/edward/Ac6/SystemWorkbench_old/plugins/fr.ac6.mcu.externaltools.arm-none.linux64_1.17.0.201812190825/tools/compiler/bin/../lib/gcc/arm-none-eabi/7.3.1/../../../../arm-none-eabi/lib/thumb/v7e-m/fpv4-sp/hard/libm.a(lib_a-w_log.o) (nan)
/home/edward/Ac6/SystemWorkbench_old/plugins/fr.ac6.mcu.externaltools.arm-none.linux64_1.17.0.201812190825/tools/compiler/bin/../lib/gcc/arm-none-eabi/7.3.1/thumb/v7e-m/fpv4-sp/hard/libgcc.a(_arm_addsubdf3.o)
                              src/libwhetstone.o (__aeabi_dsub)
[...]
Memory Configuration

Name             Origin             Length             Attributes
FLASH            0x0000000008000000 0x0000000000100000 xr
RAM_SS           0x0000000020004000 0x0000000000001000 xrw
RAM              0x0000000020000000 0x0000000000004000 xrw
RAM2             0x0000000010000000 0x0000000000004000 xrw
*default*        0x0000000000000000 0xffffffffffffffff

Linker script and memory map

LOAD /home/edward/Ac6/SystemWorkbench_old/plugins/fr.ac6.mcu.externaltools.arm-none.linux64_1.17.0.201812190825/tools/compiler/bin/../lib/gcc/arm-none-eabi/7.3.1/thumb/v7e-m/fpv4-sp/hard/crti.o
LOAD /home/edward/Ac6/SystemWorkbench_old/plugins/fr.ac6.mcu.externaltools.arm-none.linux64_1.17.0.201812190825/tools/compiler/bin/../lib/gcc/arm-none-eabi/7.3.1/thumb/v7e-m/fpv4-sp/hard/crtbegin.o
LOAD /home/edward/Ac6/SystemWorkbench_old/plugins/fr.ac6.mcu.externaltools.arm-none.linux64_1.17.0.201812190825/tools/compiler/bin/../lib/gcc/arm-none-eabi/7.3.1/../../../../arm-none-eabi/lib/thumb/v7e-m/fpv4-sp/hard/crt0.o
LOAD HAL_Driver/Src/Legacy/stm32l4xx_hal_can.o
LOAD HAL_Driver/Src/stm32l4xx_hal.o
LOAD HAL_Driver/Src/stm32l4xx_hal_adc.o
LOAD HAL_Driver/Src/stm32l4xx_hal_adc_ex.o
LOAD HAL_Driver/Src/stm32l4xx_hal_can.o
LOAD HAL_Driver/Src/stm32l4xx_hal_comp.o
LOAD HAL_Driver/Src/stm32l4xx_hal_cortex.o
LOAD HAL_Driver/Src/stm32l4xx_hal_crc.o
LOAD HAL_Driver/Src/stm32l4xx_hal_crc_ex.o
LOAD HAL_Driver/Src/stm32l4xx_hal_cryp.o
LOAD HAL_Driver/Src/stm32l4xx_hal_cryp_ex.o
LOAD HAL_Driver/Src/stm32l4xx_hal_dac.o
LOAD HAL_Driver/Src/stm32l4xx_hal_dac_ex.o
LOAD HAL_Driver/Src/stm32l4xx_hal_dcmi.o
LOAD HAL_Driver/Src/stm32l4xx_hal_dfsdm.o
LOAD HAL_Driver/Src/stm32l4xx_hal_dfsdm_ex.o
LOAD HAL_Driver/Src/stm32l4xx_hal_dma.o
LOAD HAL_Driver/Src/stm32l4xx_hal_dma2d.o
LOAD HAL_Driver/Src/stm32l4xx_hal_dma_ex.o
LOAD HAL_Driver/Src/stm32l4xx_hal_dsi.o
LOAD HAL_Driver/Src/stm32l4xx_hal_exti.o
LOAD HAL_Driver/Src/stm32l4xx_hal_firewall.o
LOAD HAL_Driver/Src/stm32l4xx_hal_flash.o
LOAD HAL_Driver/Src/stm32l4xx_hal_flash_ex.o
LOAD HAL_Driver/Src/stm32l4xx_hal_flash_ramfunc.o
LOAD HAL_Driver/Src/stm32l4xx_hal_gfxmmu.o
LOAD HAL_Driver/Src/stm32l4xx_hal_gpio.o
LOAD HAL_Driver/Src/stm32l4xx_hal_hash.o
LOAD HAL_Driver/Src/stm32l4xx_hal_hash_ex.o
LOAD HAL_Driver/Src/stm32l4xx_hal_hcd.o
LOAD HAL_Driver/Src/stm32l4xx_hal_i2c.o
LOAD HAL_Driver/Src/stm32l4xx_hal_i2c_ex.o
LOAD HAL_Driver/Src/stm32l4xx_hal_irda.o
LOAD HAL_Driver/Src/stm32l4xx_hal_iwdg.o
LOAD HAL_Driver/Src/stm32l4xx_hal_lcd.o
LOAD HAL_Driver/Src/stm32l4xx_hal_lptim.o
LOAD HAL_Driver/Src/stm32l4xx_hal_ltdc.o
LOAD HAL_Driver/Src/stm32l4xx_hal_ltdc_ex.o
LOAD HAL_Driver/Src/stm32l4xx_hal_nand.o
LOAD HAL_Driver/Src/stm32l4xx_hal_nor.o
LOAD HAL_Driver/Src/stm32l4xx_hal_opamp.o
LOAD HAL_Driver/Src/stm32l4xx_hal_opamp_ex.o
LOAD HAL_Driver/Src/stm32l4xx_hal_ospi.o
LOAD HAL_Driver/Src/stm32l4xx_hal_pcd.o
LOAD HAL_Driver/Src/stm32l4xx_hal_pcd_ex.o
LOAD HAL_Driver/Src/stm32l4xx_hal_pwr.o
LOAD HAL_Driver/Src/stm32l4xx_hal_pwr_ex.o
LOAD HAL_Driver/Src/stm32l4xx_hal_qspi.o
LOAD HAL_Driver/Src/stm32l4xx_hal_rcc.o
LOAD HAL_Driver/Src/stm32l4xx_hal_rcc_ex.o
LOAD HAL_Driver/Src/stm32l4xx_hal_rng.o
LOAD HAL_Driver/Src/stm32l4xx_hal_rtc.o
LOAD HAL_Driver/Src/stm32l4xx_hal_rtc_ex.o
LOAD HAL_Driver/Src/stm32l4xx_hal_sai.o
LOAD HAL_Driver/Src/stm32l4xx_hal_sai_ex.o
LOAD HAL_Driver/Src/stm32l4xx_hal_sd.o
LOAD HAL_Driver/Src/stm32l4xx_hal_sd_ex.o
LOAD HAL_Driver/Src/stm32l4xx_hal_smartcard.o
LOAD HAL_Driver/Src/stm32l4xx_hal_smartcard_ex.o
LOAD HAL_Driver/Src/stm32l4xx_hal_smbus.o
LOAD HAL_Driver/Src/stm32l4xx_hal_spi.o
LOAD HAL_Driver/Src/stm32l4xx_hal_spi_ex.o
LOAD HAL_Driver/Src/stm32l4xx_hal_sram.o
LOAD HAL_Driver/Src/stm32l4xx_hal_swpmi.o
LOAD HAL_Driver/Src/stm32l4xx_hal_tim.o
LOAD HAL_Driver/Src/stm32l4xx_hal_tim_ex.o
LOAD HAL_Driver/Src/stm32l4xx_hal_timebase_tim_template.o
LOAD HAL_Driver/Src/stm32l4xx_hal_tsc.o
LOAD HAL_Driver/Src/stm32l4xx_hal_uart.o
LOAD HAL_Driver/Src/stm32l4xx_hal_uart_ex.o
LOAD HAL_Driver/Src/stm32l4xx_hal_usart.o
LOAD HAL_Driver/Src/stm32l4xx_hal_usart_ex.o
LOAD HAL_Driver/Src/stm32l4xx_hal_wwdg.o
LOAD HAL_Driver/Src/stm32l4xx_ll_adc.o
LOAD HAL_Driver/Src/stm32l4xx_ll_comp.o
LOAD HAL_Driver/Src/stm32l4xx_ll_crc.o
LOAD HAL_Driver/Src/stm32l4xx_ll_crs.o
LOAD HAL_Driver/Src/stm32l4xx_ll_dac.o
LOAD HAL_Driver/Src/stm32l4xx_ll_dma.o
LOAD HAL_Driver/Src/stm32l4xx_ll_dma2d.o
LOAD HAL_Driver/Src/stm32l4xx_ll_exti.o
LOAD HAL_Driver/Src/stm32l4xx_ll_fmc.o
LOAD HAL_Driver/Src/stm32l4xx_ll_gpio.o
LOAD HAL_Driver/Src/stm32l4xx_ll_i2c.o
LOAD HAL_Driver/Src/stm32l4xx_ll_lptim.o
LOAD HAL_Driver/Src/stm32l4xx_ll_lpuart.o
LOAD HAL_Driver/Src/stm32l4xx_ll_opamp.o
LOAD HAL_Driver/Src/stm32l4xx_ll_pwr.o
LOAD HAL_Driver/Src/stm32l4xx_ll_rcc.o
LOAD HAL_Driver/Src/stm32l4xx_ll_rng.o
LOAD HAL_Driver/Src/stm32l4xx_ll_rtc.o
LOAD HAL_Driver/Src/stm32l4xx_ll_sdmmc.o
LOAD HAL_Driver/Src/stm32l4xx_ll_spi.o
LOAD HAL_Driver/Src/stm32l4xx_ll_swpmi.o
LOAD HAL_Driver/Src/stm32l4xx_ll_tim.o
LOAD HAL_Driver/Src/stm32l4xx_ll_usart.o
LOAD HAL_Driver/Src/stm32l4xx_ll_usb.o
LOAD HAL_Driver/Src/stm32l4xx_ll_utils.o
LOAD Utilities/B-L475E-IOT01/stm32l475e_iot01.o
LOAD Utilities/B-L475E-IOT01/stm32l475e_iot01_accelero.o
LOAD Utilities/B-L475E-IOT01/stm32l475e_iot01_gyro.o
LOAD Utilities/B-L475E-IOT01/stm32l475e_iot01_hsensor.o
LOAD Utilities/B-L475E-IOT01/stm32l475e_iot01_magneto.o
LOAD Utilities/B-L475E-IOT01/stm32l475e_iot01_psensor.o
LOAD Utilities/B-L475E-IOT01/stm32l475e_iot01_qspi.o
LOAD Utilities/B-L475E-IOT01/stm32l475e_iot01_tsensor.o
LOAD Utilities/Components/cs42l51/cs42l51.o
LOAD Utilities/Components/cs43l22/cs43l22.o
LOAD Utilities/Components/ft3x67/ft3x67.o
LOAD Utilities/Components/ft5336/ft5336.o
LOAD Utilities/Components/ft6x06/ft6x06.o
LOAD Utilities/Components/hts221/hts221.o
LOAD Utilities/Components/hx8347g/hx8347g.o
LOAD Utilities/Components/l3gd20/l3gd20.o
LOAD Utilities/Components/lis3mdl/lis3mdl.o
LOAD Utilities/Components/lps22hb/lps22hb.o
LOAD Utilities/Components/ls016b8uy/ls016b8uy.o
LOAD Utilities/Components/lsm303c/lsm303c.o
LOAD Utilities/Components/lsm303dlhc/lsm303dlhc.o
LOAD Utilities/Components/lsm6dsl/lsm6dsl.o
LOAD Utilities/Components/m24sr/m24sr.o
LOAD Utilities/Components/mfxstm32l152/mfxstm32l152.o
LOAD Utilities/Components/ov9655/ov9655.o
LOAD Utilities/Components/st7735/st7735.o
LOAD Utilities/Components/st7789h2/st7789h2.o
LOAD Utilities/Components/stmpe1600/stmpe1600.o
LOAD Utilities/Components/stmpe811/stmpe811.o
LOAD Utilities/Components/wm8994/wm8994.o
LOAD src/libwhetstone.o
LOAD src/main.o
LOAD src/mpu.o
LOAD src/stm32l4xx_hal_msp.o
LOAD src/stm32l4xx_it.o
LOAD src/syscalls.o
LOAD src/system_stm32l4xx.o
LOAD startup/startup_stm32l475xx.o
LOAD /home/edward/Ac6/SystemWorkbench_old/plugins/fr.ac6.mcu.externaltools.arm-none.linux64_1.17.0.201812190825/tools/compiler/bin/../lib/gcc/arm-none-eabi/7.3.1/../../../../arm-none-eabi/lib/thumb/v7e-m/fpv4-sp/hard/libm.a
START GROUP
LOAD /home/edward/Ac6/SystemWorkbench_old/plugins/fr.ac6.mcu.externaltools.arm-none.linux64_1.17.0.201812190825/tools/compiler/bin/../lib/gcc/arm-none-eabi/7.3.1/thumb/v7e-m/fpv4-sp/hard/libgcc.a
LOAD /home/edward/Ac6/SystemWorkbench_old/plugins/fr.ac6.mcu.externaltools.arm-none.linux64_1.17.0.201812190825/tools/compiler/bin/../lib/gcc/arm-none-eabi/7.3.1/../../../../arm-none-eabi/lib/thumb/v7e-m/fpv4-sp/hard/libc.a
END GROUP
LOAD /home/edward/Ac6/SystemWorkbench_old/plugins/fr.ac6.mcu.externaltools.arm-none.linux64_1.17.0.201812190825/tools/compiler/bin/../lib/gcc/arm-none-eabi/7.3.1/thumb/v7e-m/fpv4-sp/hard/crtend.o
LOAD /home/edward/Ac6/SystemWorkbench_old/plugins/fr.ac6.mcu.externaltools.arm-none.linux64_1.17.0.201812190825/tools/compiler/bin/../lib/gcc/arm-none-eabi/7.3.1/thumb/v7e-m/fpv4-sp/hard/crtn.o
                0x0000000020003ffc                _estack = 0x20003ffc
                0x0000000020005000                _esstack = 0x20005000
                0x0000000000001004                _offset_sstack = (_esstack - _estack)
                0x0000000000000200                _Min_Heap_Size = 0x200
                0x0000000000000400                _Min_Stack_Size = 0x400

.isr_vector     0x0000000008000000      0x188
                0x0000000008000000                . = ALIGN (0x8)
 *(.isr_vector)
 .isr_vector    0x0000000008000000      0x188 startup/startup_stm32l475xx.o
                0x0000000008000000                g_pfnVectors
                0x0000000008000188                . = ALIGN (0x8)

.text           0x00000000080001c0     0x8850
                0x00000000080001c0                . = ALIGN (0x8)
 *(.text)
 .text          0x00000000080001c0       0x40 /home/edward/Ac6/SystemWorkbench_old/plugins/fr.ac6.mcu.externaltools.arm-none.linux64_1.17.0.201812190825/tools/compiler/bin/../lib/gcc/arm-none-eabi/7.3.1/thumb/v7e-m/fpv4-sp/hard/crtbegin.o
 .text          0x0000000008000200      0x378 /home/edward/Ac6/SystemWorkbench_old/plugins/fr.ac6.mcu.externaltools.arm-none.linux64_1.17.0.201812190825/tools/compiler/bin/../lib/gcc/arm-none-eabi/7.3.1/thumb/v7e-m/fpv4-sp/hard/libgcc.a(_arm_addsubdf3.o)
                0x0000000008000200                __aeabi_drsub
                0x0000000008000208                __aeabi_dsub
                0x0000000008000208                __subdf3
                0x000000000800020c                __adddf3
                0x000000000800020c                __aeabi_dadd
                0x0000000008000484                __aeabi_ui2d
                0x0000000008000484                __floatunsidf
                0x00000000080004a4                __floatsidf
                0x00000000080004a4                __aeabi_i2d
                0x00000000080004c8                __extendsfdf2
                0x00000000080004c8                __aeabi_f2d
                0x000000000800050c                __aeabi_ul2d
                0x000000000800050c                __floatundidf
                0x000000000800051c                __floatdidf
                0x000000000800051c                __aeabi_l2d
 .text          0x0000000008000578      0x424 /home/edward/Ac6/SystemWorkbench_old/plugins/fr.ac6.mcu.externaltools.arm-none.linux64_1.17.0.201812190825/tools/compiler/bin/../lib/gcc/arm-none-eabi/7.3.1/thumb/v7e-m/fpv4-sp/hard/libgcc.a(_arm_muldivdf3.o)
                0x0000000008000578                __aeabi_dmul
                0x0000000008000578                __muldf3
                0x00000000080007cc                __aeabi_ddiv
                0x00000000080007cc                __divdf3
 .text          0x000000000800099c      0x110 /home/edward/Ac6/SystemWorkbench_old/plugins/fr.ac6.mcu.externaltools.arm-none.linux64_1.17.0.201812190825/tools/compiler/bin/../lib/gcc/arm-none-eabi/7.3.1/thumb/v7e-m/fpv4-sp/hard/libgcc.a(_arm_cmpdf2.o)
                0x000000000800099c                __gtdf2
                0x000000000800099c                __gedf2
                0x00000000080009a4                __ltdf2
                0x00000000080009a4                __ledf2
                0x00000000080009ac                __cmpdf2
                0x00000000080009ac                __eqdf2
                0x00000000080009ac                __nedf2
                0x0000000008000a28                __aeabi_cdrcmple
                0x0000000008000a38                __aeabi_cdcmple
                0x0000000008000a38                __aeabi_cdcmpeq
                0x0000000008000a48                __aeabi_dcmpeq
                0x0000000008000a5c                __aeabi_dcmplt
                0x0000000008000a70                __aeabi_dcmple
                0x0000000008000a84                __aeabi_dcmpge
                0x0000000008000a98                __aeabi_dcmpgt
 .text          0x0000000008000aac       0x2c /home/edward/Ac6/SystemWorkbench_old/plugins/fr.ac6.mcu.externaltools.arm-none.linux64_1.17.0.201812190825/tools/compiler/bin/../lib/gcc/arm-none-eabi/7.3.1/thumb/v7e-m/fpv4-sp/hard/libgcc.a(_arm_unorddf2.o)
                0x0000000008000aac                __aeabi_dcmpun
                0x0000000008000aac                __unorddf2
 .text          0x0000000008000ad8       0x50 /home/edward/Ac6/SystemWorkbench_old/plugins/fr.ac6.mcu.externaltools.arm-none.linux64_1.17.0.201812190825/tools/compiler/bin/../lib/gcc/arm-none-eabi/7.3.1/thumb/v7e-m/fpv4-sp/hard/libgcc.a(_arm_fixdfsi.o)
                0x0000000008000ad8                __fixdfsi
                0x0000000008000ad8                __aeabi_d2iz
 .text          0x0000000008000b28       0x30 /home/edward/Ac6/SystemWorkbench_old/plugins/fr.ac6.mcu.externaltools.arm-none.linux64_1.17.0.201812190825/tools/compiler/bin/../lib/gcc/arm-none-eabi/7.3.1/thumb/v7e-m/fpv4-sp/hard/libgcc.a(_aeabi_uldivmod.o)
                0x0000000008000b28                __aeabi_uldivmod
 .text          0x0000000008000b58      0x2cc /home/edward/Ac6/SystemWorkbench_old/plugins/fr.ac6.mcu.externaltools.arm-none.linux64_1.17.0.201812190825/tools/compiler/bin/../lib/gcc/arm-none-eabi/7.3.1/thumb/v7e-m/fpv4-sp/hard/libgcc.a(_udivmoddi4.o)
                0x0000000008000b58                __udivmoddi4
 .text          0x0000000008000e24        0x4 /home/edward/Ac6/SystemWorkbench_old/plugins/fr.ac6.mcu.externaltools.arm-none.linux64_1.17.0.201812190825/tools/compiler/bin/../lib/gcc/arm-none-eabi/7.3.1/thumb/v7e-m/fpv4-sp/hard/libgcc.a(_dvmd_tls.o)
                0x0000000008000e24                __aeabi_ldiv0
                0x0000000008000e24                __aeabi_idiv0
 .text          0x0000000008000e28      0x134 /home/edward/Ac6/SystemWorkbench_old/plugins/fr.ac6.mcu.externaltools.arm-none.linux64_1.17.0.201812190825/tools/compiler/bin/../lib/gcc/arm-none-eabi/7.3.1/../../../../arm-none-eabi/lib/thumb/v7e-m/fpv4-sp/hard/libc.a(lib_a-memcpy.o)
                0x0000000008000e28                memcpy
 *fill*         0x0000000008000f5c       0x24 
 .text          0x0000000008000f80       0xdc /home/edward/Ac6/SystemWorkbench_old/plugins/fr.ac6.mcu.externaltools.arm-none.linux64_1.17.0.201812190825/tools/compiler/bin/../lib/gcc/arm-none-eabi/7.3.1/../../../../arm-none-eabi/lib/thumb/v7e-m/fpv4-sp/hard/libc.a(lib_a-strlen.o)
                0x0000000008000f80                strlen
 *fill*         0x000000000800105c        0x4 
 .text          0x0000000008001060       0xa0 /home/edward/Ac6/SystemWorkbench_old/plugins/fr.ac6.mcu.externaltools.arm-none.linux64_1.17.0.201812190825/tools/compiler/bin/../lib/gcc/arm-none-eabi/7.3.1/../../../../arm-none-eabi/lib/thumb/v7e-m/fpv4-sp/hard/libc.a(lib_a-memchr.o)
                0x0000000008001060                memchr
 *(.text*)
 .text.HAL_Init
                0x0000000008001100       0x28 HAL_Driver/Src/stm32l4xx_hal.o
                0x0000000008001100                HAL_Init
 .text.HAL_IncTick
                0x0000000008001128       0x10 HAL_Driver/Src/stm32l4xx_hal.o
                0x0000000008001128                HAL_IncTick
 .text.HAL_GetTick
                0x0000000008001138        0xc HAL_Driver/Src/stm32l4xx_hal.o
                0x0000000008001138                HAL_GetTick
 .text.HAL_NVIC_SetPriorityGrouping
                0x0000000008001144       0x24 HAL_Driver/Src/stm32l4xx_hal_cortex.o
                0x0000000008001144                HAL_NVIC_SetPriorityGrouping
 .text.HAL_NVIC_SetPriority
                0x0000000008001168       0x6c HAL_Driver/Src/stm32l4xx_hal_cortex.o
                0x0000000008001168                HAL_NVIC_SetPriority
 .text.HAL_NVIC_EnableIRQ
                0x00000000080011d4       0x18 HAL_Driver/Src/stm32l4xx_hal_cortex.o
                0x00000000080011d4                HAL_NVIC_EnableIRQ
 .text.HAL_GPIO_Init
                0x00000000080011ec      0x228 HAL_Driver/Src/stm32l4xx_hal_gpio.o
                0x00000000080011ec                HAL_GPIO_Init
 .text.HAL_PWREx_GetVoltageRange
                0x0000000008001414       0x10 HAL_Driver/Src/stm32l4xx_hal_pwr_ex.o
                0x0000000008001414                HAL_PWREx_GetVoltageRange
 .text.HAL_PWREx_ControlVoltageScaling
                0x0000000008001424       0x88 HAL_Driver/Src/stm32l4xx_hal_pwr_ex.o
                0x0000000008001424                HAL_PWREx_ControlVoltageScaling
 .text.HAL_RCC_GetSysClockFreq
                0x00000000080014ac       0xc4 HAL_Driver/Src/stm32l4xx_hal_rcc.o
                0x00000000080014ac                HAL_RCC_GetSysClockFreq
 .text.HAL_RCC_OscConfig
                0x0000000008001570      0x610 HAL_Driver/Src/stm32l4xx_hal_rcc.o
                0x0000000008001570                HAL_RCC_OscConfig
 .text.HAL_RCC_ClockConfig
                0x0000000008001b80      0x128 HAL_Driver/Src/stm32l4xx_hal_rcc.o
                0x0000000008001b80                HAL_RCC_ClockConfig
 .text.HAL_RCC_GetPCLK1Freq
                0x0000000008001ca8       0x24 HAL_Driver/Src/stm32l4xx_hal_rcc.o
                0x0000000008001ca8                HAL_RCC_GetPCLK1Freq
 .text.HAL_RCC_GetPCLK2Freq
                0x0000000008001ccc       0x24 HAL_Driver/Src/stm32l4xx_hal_rcc.o
                0x0000000008001ccc                HAL_RCC_GetPCLK2Freq
 .text.HAL_RCC_GetClockConfig
                0x0000000008001cf0       0x44 HAL_Driver/Src/stm32l4xx_hal_rcc.o
                0x0000000008001cf0                HAL_RCC_GetClockConfig
 .text.HAL_TIM_Base_MspInit
                0x0000000008001d34        0x4 HAL_Driver/Src/stm32l4xx_hal_tim.o
                0x0000000008001d34                HAL_TIM_Base_MspInit
 .text.HAL_TIM_Base_Init
                0x0000000008001d38      0x118 HAL_Driver/Src/stm32l4xx_hal_tim.o
                0x0000000008001d38                HAL_TIM_Base_Init
 .text.HAL_TIM_Base_Start_IT
                0x0000000008001e50       0x30 HAL_Driver/Src/stm32l4xx_hal_tim.o
                0x0000000008001e50                HAL_TIM_Base_Start_IT
 .text.HAL_TIM_OC_DelayElapsedCallback
                0x0000000008001e80        0x4 HAL_Driver/Src/stm32l4xx_hal_tim.o
                0x0000000008001e80                HAL_TIM_OC_DelayElapsedCallback
 .text.HAL_TIM_IC_CaptureCallback
                0x0000000008001e84        0x4 HAL_Driver/Src/stm32l4xx_hal_tim.o
                0x0000000008001e84                HAL_TIM_IC_CaptureCallback
 .text.HAL_TIM_PWM_PulseFinishedCallback
                0x0000000008001e88        0x4 HAL_Driver/Src/stm32l4xx_hal_tim.o
                0x0000000008001e88                HAL_TIM_PWM_PulseFinishedCallback
 .text.HAL_TIM_TriggerCallback
                0x0000000008001e8c        0x4 HAL_Driver/Src/stm32l4xx_hal_tim.o
                0x0000000008001e8c                HAL_TIM_TriggerCallback
 .text.HAL_TIM_IRQHandler
                0x0000000008001e90      0x170 HAL_Driver/Src/stm32l4xx_hal_tim.o
                0x0000000008001e90                HAL_TIM_IRQHandler
 .text.HAL_TIMEx_CommutationCallback
                0x0000000008002000        0x4 HAL_Driver/Src/stm32l4xx_hal_tim_ex.o
                0x0000000008002000                HAL_TIMEx_CommutationCallback
 .text.HAL_TIMEx_BreakCallback
                0x0000000008002004        0x4 HAL_Driver/Src/stm32l4xx_hal_tim_ex.o
                0x0000000008002004                HAL_TIMEx_BreakCallback
 .text.HAL_TIMEx_Break2Callback
                0x0000000008002008        0x4 HAL_Driver/Src/stm32l4xx_hal_tim_ex.o
                0x0000000008002008                HAL_TIMEx_Break2Callback
 .text.HAL_InitTick
                0x000000000800200c       0x88 HAL_Driver/Src/stm32l4xx_hal_timebase_tim_template.o
                0x000000000800200c                HAL_InitTick
 .text.HAL_TIM_PeriodElapsedCallback
                0x0000000008002094        0x4 HAL_Driver/Src/stm32l4xx_hal_timebase_tim_template.o
                0x0000000008002094                HAL_TIM_PeriodElapsedCallback
 .text.TIM6_DAC_IRQHandler
                0x0000000008002098        0xc HAL_Driver/Src/stm32l4xx_hal_timebase_tim_template.o
                0x0000000008002098                TIM6_DAC_IRQHandler
 .text.HAL_UART_MspInit
                0x00000000080020a4        0x4 HAL_Driver/Src/stm32l4xx_hal_uart.o
                0x00000000080020a4                HAL_UART_MspInit
 .text.HAL_UART_Transmit
                0x00000000080020a8      0x108 HAL_Driver/Src/stm32l4xx_hal_uart.o
                0x00000000080020a8                HAL_UART_Transmit
 .text.UART_AdvFeatureConfig
                0x00000000080021b0       0xb0 HAL_Driver/Src/stm32l4xx_hal_uart.o
                0x00000000080021b0                UART_AdvFeatureConfig
 .text.HAL_UART_Init
                0x0000000008002260      0x438 HAL_Driver/Src/stm32l4xx_hal_uart.o
                0x0000000008002260                HAL_UART_Init
 .text.BSP_COM_Init
                0x0000000008002698       0x88 Utilities/B-L475E-IOT01/stm32l475e_iot01.o
                0x0000000008002698                BSP_COM_Init
 .text.verify_benchmark
                0x0000000008002720        0x8 src/libwhetstone.o
                0x0000000008002720                verify_benchmark
 .text.initialise_benchmark
                0x0000000008002728        0x4 src/libwhetstone.o
                0x0000000008002728                initialise_benchmark
 *fill*         0x000000000800272c        0x4 
 .text.benchmark
                0x0000000008002730      0x51c src/libwhetstone.o
                0x0000000008002730                benchmark
 .text.SystemClock_Config
                0x0000000008002c4c       0x64 src/main.o
                0x0000000008002c4c                SystemClock_Config
 .text.__io_putchar
                0x0000000008002cb0       0x24 src/main.o
                0x0000000008002cb0                __io_putchar
 .text.startup.main
                0x0000000008002cd4       0xa0 src/main.o
                0x0000000008002cd4                main
 .text.initMPU  0x0000000008002d74      0x21c src/mpu.o
                0x0000000008002d74                initMPU
 .text.HAL_MspInit
                0x0000000008002f90       0x30 src/stm32l4xx_hal_msp.o
                0x0000000008002f90                HAL_MspInit
 .text.NMI_Handler
                0x0000000008002fc0        0x4 src/stm32l4xx_it.o
                0x0000000008002fc0                NMI_Handler
 .text.HardFault_Handler
                0x0000000008002fc4        0x4 src/stm32l4xx_it.o
                0x0000000008002fc4                HardFault_Handler
 .text.MemManage_Handler
                0x0000000008002fc8        0x4 src/stm32l4xx_it.o
                0x0000000008002fc8                MemManage_Handler
 .text.BusFault_Handler
                0x0000000008002fcc        0x4 src/stm32l4xx_it.o
                0x0000000008002fcc                BusFault_Handler
 .text.UsageFault_Handler
                0x0000000008002fd0        0x4 src/stm32l4xx_it.o
                0x0000000008002fd0                UsageFault_Handler
 .text.SVC_Handler
                0x0000000008002fd4        0x4 src/stm32l4xx_it.o
                0x0000000008002fd4                SVC_Handler
 .text.DebugMon_Handler
                0x0000000008002fd8        0x4 src/stm32l4xx_it.o
                0x0000000008002fd8                DebugMon_Handler
 .text.PendSV_Handler
                0x0000000008002fdc        0x4 src/stm32l4xx_it.o
                0x0000000008002fdc                PendSV_Handler
 .text.SysTick_Handler
                0x0000000008002fe0        0x4 src/stm32l4xx_it.o
                0x0000000008002fe0                SysTick_Handler
 .text._read    0x0000000008002fe4       0x1c src/syscalls.o
                0x0000000008002fe4                _read
 .text._write   0x0000000008003000       0x1c src/syscalls.o
                0x0000000008003000                _write
 .text._sbrk    0x000000000800301c       0x3c src/syscalls.o
                0x000000000800301c                _sbrk
 .text._close   0x0000000008003058        0x8 src/syscalls.o
                0x0000000008003058                _close
 .text._fstat   0x0000000008003060        0xc src/syscalls.o
                0x0000000008003060                _fstat
 .text._isatty  0x000000000800306c        0x4 src/syscalls.o
                0x000000000800306c                _isatty
 .text._lseek   0x0000000008003070        0x4 src/syscalls.o
                0x0000000008003070                _lseek
 .text.SystemInit
                0x0000000008003074       0x50 src/system_stm32l4xx.o
                0x0000000008003074                SystemInit
 .text.Reset_Handler
                0x00000000080030c4       0x50 startup/startup_stm32l475xx.o
                0x00000000080030c4                Reset_Handler
 .text.Default_Handler
                0x0000000008003114        0x2 startup/startup_stm32l475xx.o
                0x0000000008003114                RTC_Alarm_IRQHandler
                0x0000000008003114                EXTI2_IRQHandler
                0x0000000008003114                TIM8_TRG_COM_IRQHandler
                0x0000000008003114                TIM8_CC_IRQHandler
                0x0000000008003114                TIM1_CC_IRQHandler
                0x0000000008003114                TSC_IRQHandler
                0x0000000008003114                TAMP_STAMP_IRQHandler
                0x0000000008003114                EXTI3_IRQHandler
                0x0000000008003114                LPTIM2_IRQHandler
                0x0000000008003114                DFSDM1_FLT1_IRQHandler
                0x0000000008003114                I2C3_ER_IRQHandler
                0x0000000008003114                DFSDM1_FLT2_IRQHandler
                0x0000000008003114                EXTI0_IRQHandler
                0x0000000008003114                I2C2_EV_IRQHandler
                0x0000000008003114                CAN1_RX0_IRQHandler
                0x0000000008003114                FPU_IRQHandler
                0x0000000008003114                TIM1_UP_TIM16_IRQHandler
                0x0000000008003114                ADC1_2_IRQHandler
                0x0000000008003114                SPI1_IRQHandler
                0x0000000008003114                TIM8_UP_IRQHandler
                0x0000000008003114                DMA2_Channel2_IRQHandler
                0x0000000008003114                DMA1_Channel4_IRQHandler
                0x0000000008003114                SAI2_IRQHandler
                0x0000000008003114                DFSDM1_FLT3_IRQHandler
                0x0000000008003114                USART3_IRQHandler
                0x0000000008003114                DMA1_Channel7_IRQHandler
                0x0000000008003114                CAN1_RX1_IRQHandler
                0x0000000008003114                UART5_IRQHandler
                0x0000000008003114                ADC3_IRQHandler
                0x0000000008003114                TIM4_IRQHandler
                0x0000000008003114                DMA2_Channel1_IRQHandler
                0x0000000008003114                QUADSPI_IRQHandler
                0x0000000008003114                I2C1_EV_IRQHandler
                0x0000000008003114                DMA1_Channel6_IRQHandler
                0x0000000008003114                UART4_IRQHandler
                0x0000000008003114                DMA2_Channel4_IRQHandler
                0x0000000008003114                TIM3_IRQHandler
                0x0000000008003114                RCC_IRQHandler
                0x0000000008003114                DMA1_Channel1_IRQHandler
                0x0000000008003114                Default_Handler
                0x0000000008003114                DMA2_Channel7_IRQHandler
                0x0000000008003114                EXTI15_10_IRQHandler
                0x0000000008003114                TIM7_IRQHandler
                0x0000000008003114                SDMMC1_IRQHandler
                0x0000000008003114                TIM5_IRQHandler
                0x0000000008003114                I2C3_EV_IRQHandler
                0x0000000008003114                EXTI9_5_IRQHandler
                0x0000000008003114                RTC_WKUP_IRQHandler
                0x0000000008003114                PVD_PVM_IRQHandler
                0x0000000008003114                SPI2_IRQHandler
                0x0000000008003114                CAN1_TX_IRQHandler
                0x0000000008003114                DMA2_Channel5_IRQHandler
                0x0000000008003114                DMA1_Channel5_IRQHandler
                0x0000000008003114                EXTI4_IRQHandler
                0x0000000008003114                RNG_IRQHandler
                0x0000000008003114                TIM1_TRG_COM_TIM17_IRQHandler
                0x0000000008003114                DMA1_Channel3_IRQHandler
                0x0000000008003114                COMP_IRQHandler
                0x0000000008003114                WWDG_IRQHandler
                0x0000000008003114                LPUART1_IRQHandler
                0x0000000008003114                DMA2_Channel6_IRQHandler
                0x0000000008003114                TIM2_IRQHandler
                0x0000000008003114                EXTI1_IRQHandler
                0x0000000008003114                USART2_IRQHandler
                0x0000000008003114                DFSDM1_FLT0_IRQHandler
                0x0000000008003114                I2C2_ER_IRQHandler
                0x0000000008003114                DMA1_Channel2_IRQHandler
                0x0000000008003114                TIM8_BRK_IRQHandler
                0x0000000008003114                CAN1_SCE_IRQHandler
                0x0000000008003114                FLASH_IRQHandler
                0x0000000008003114                USART1_IRQHandler
                0x0000000008003114                OTG_FS_IRQHandler
                0x0000000008003114                SPI3_IRQHandler
                0x0000000008003114                I2C1_ER_IRQHandler
                0x0000000008003114                FMC_IRQHandler
                0x0000000008003114                SWPMI1_IRQHandler
                0x0000000008003114                LPTIM1_IRQHandler
                0x0000000008003114                SAI1_IRQHandler
                0x0000000008003114                DMA2_Channel3_IRQHandler
                0x0000000008003114                TIM1_BRK_TIM15_IRQHandler
 *fill*         0x0000000008003116        0x2 
 .text.exp      0x0000000008003118      0x100 /home/edward/Ac6/SystemWorkbench_old/plugins/fr.ac6.mcu.externaltools.arm-none.linux64_1.17.0.201812190825/tools/compiler/bin/../lib/gcc/arm-none-eabi/7.3.1/../../../../arm-none-eabi/lib/thumb/v7e-m/fpv4-sp/hard/libm.a(lib_a-w_exp.o)
                0x0000000008003118                exp
 .text.log      0x0000000008003218      0x100 /home/edward/Ac6/SystemWorkbench_old/plugins/fr.ac6.mcu.externaltools.arm-none.linux64_1.17.0.201812190825/tools/compiler/bin/../lib/gcc/arm-none-eabi/7.3.1/../../../../arm-none-eabi/lib/thumb/v7e-m/fpv4-sp/hard/libm.a(lib_a-w_log.o)
                0x0000000008003218                log
 .text.sqrt     0x0000000008003318       0xb8 /home/edward/Ac6/SystemWorkbench_old/plugins/fr.ac6.mcu.externaltools.arm-none.linux64_1.17.0.201812190825/tools/compiler/bin/../lib/gcc/arm-none-eabi/7.3.1/../../../../arm-none-eabi/lib/thumb/v7e-m/fpv4-sp/hard/libm.a(lib_a-w_sqrt.o)
                0x0000000008003318                sqrt
 .text.__ieee754_exp
                0x00000000080033d0      0x32c /home/edward/Ac6/SystemWorkbench_old/plugins/fr.ac6.mcu.externaltools.arm-none.linux64_1.17.0.201812190825/tools/compiler/bin/../lib/gcc/arm-none-eabi/7.3.1/../../../../arm-none-eabi/lib/thumb/v7e-m/fpv4-sp/hard/libm.a(lib_a-e_exp.o)
                0x00000000080033d0                __ieee754_exp
 *fill*         0x00000000080036fc        0x4 
 .text.__ieee754_log
                0x0000000008003700      0x3b4 /home/edward/Ac6/SystemWorkbench_old/plugins/fr.ac6.mcu.externaltools.arm-none.linux64_1.17.0.201812190825/tools/compiler/bin/../lib/gcc/arm-none-eabi/7.3.1/../../../../arm-none-eabi/lib/thumb/v7e-m/fpv4-sp/hard/libm.a(lib_a-e_log.o)
                0x0000000008003700                __ieee754_log
 .text.__ieee754_sqrt
                0x0000000008003ab4      0x194 /home/edward/Ac6/SystemWorkbench_old/plugins/fr.ac6.mcu.externaltools.arm-none.linux64_1.17.0.201812190825/tools/compiler/bin/../lib/gcc/arm-none-eabi/7.3.1/../../../../arm-none-eabi/lib/thumb/v7e-m/fpv4-sp/hard/libm.a(lib_a-e_sqrt.o)
                0x0000000008003ab4                __ieee754_sqrt
 .text.finite   0x0000000008003c48       0x10 /home/edward/Ac6/SystemWorkbench_old/plugins/fr.ac6.mcu.externaltools.arm-none.linux64_1.17.0.201812190825/tools/compiler/bin/../lib/gcc/arm-none-eabi/7.3.1/../../../../arm-none-eabi/lib/thumb/v7e-m/fpv4-sp/hard/libm.a(lib_a-s_finite.o)
                0x0000000008003c48                finite
 .text.matherr  0x0000000008003c58        0x4 /home/edward/Ac6/SystemWorkbench_old/plugins/fr.ac6.mcu.externaltools.arm-none.linux64_1.17.0.201812190825/tools/compiler/bin/../lib/gcc/arm-none-eabi/7.3.1/../../../../arm-none-eabi/lib/thumb/v7e-m/fpv4-sp/hard/libm.a(lib_a-s_matherr.o)
                0x0000000008003c58                matherr
 *fill*         0x0000000008003c5c        0x4 
 .text.nan      0x0000000008003c60       0x10 /home/edward/Ac6/SystemWorkbench_old/plugins/fr.ac6.mcu.externaltools.arm-none.linux64_1.17.0.201812190825/tools/compiler/bin/../lib/gcc/arm-none-eabi/7.3.1/../../../../arm-none-eabi/lib/thumb/v7e-m/fpv4-sp/hard/libm.a(lib_a-s_nan.o)
                0x0000000008003c60                nan
 .text.__errno  0x0000000008003c70        0xc /home/edward/Ac6/SystemWorkbench_old/plugins/fr.ac6.mcu.externaltools.arm-none.linux64_1.17.0.201812190825/tools/compiler/bin/../lib/gcc/arm-none-eabi/7.3.1/../../../../arm-none-eabi/lib/thumb/v7e-m/fpv4-sp/hard/libc.a(lib_a-errno.o)
                0x0000000008003c70                __errno
 .text.__libc_init_array
                0x0000000008003c7c       0x48 /home/edward/Ac6/SystemWorkbench_old/plugins/fr.ac6.mcu.externaltools.arm-none.linux64_1.17.0.201812190825/tools/compiler/bin/../lib/gcc/arm-none-eabi/7.3.1/../../../../arm-none-eabi/lib/thumb/v7e-m/fpv4-sp/hard/libc.a(lib_a-init.o)
                0x0000000008003c7c                __libc_init_array
 .text.memset   0x0000000008003cc4       0x94 /home/edward/Ac6/SystemWorkbench_old/plugins/fr.ac6.mcu.externaltools.arm-none.linux64_1.17.0.201812190825/tools/compiler/bin/../lib/gcc/arm-none-eabi/7.3.1/../../../../arm-none-eabi/lib/thumb/v7e-m/fpv4-sp/hard/libc.a(lib_a-memset.o)
                0x0000000008003cc4                memset
 .text.printf   0x0000000008003d58       0x28 /home/edward/Ac6/SystemWorkbench_old/plugins/fr.ac6.mcu.externaltools.arm-none.linux64_1.17.0.201812190825/tools/compiler/bin/../lib/gcc/arm-none-eabi/7.3.1/../../../../arm-none-eabi/lib/thumb/v7e-m/fpv4-sp/hard/libc.a(lib_a-printf.o)
                0x0000000008003d58                printf
 .text._puts_r  0x0000000008003d80       0x9c /home/edward/Ac6/SystemWorkbench_old/plugins/fr.ac6.mcu.externaltools.arm-none.linux64_1.17.0.201812190825/tools/compiler/bin/../lib/gcc/arm-none-eabi/7.3.1/../../../../arm-none-eabi/lib/thumb/v7e-m/fpv4-sp/hard/libc.a(lib_a-puts.o)
                0x0000000008003d80                _puts_r
 .text.puts     0x0000000008003e1c       0x10 /home/edward/Ac6/SystemWorkbench_old/plugins/fr.ac6.mcu.externaltools.arm-none.linux64_1.17.0.201812190825/tools/compiler/bin/../lib/gcc/arm-none-eabi/7.3.1/../../../../arm-none-eabi/lib/thumb/v7e-m/fpv4-sp/hard/libc.a(lib_a-puts.o)
                0x0000000008003e1c                puts
 *fill*         0x0000000008003e2c        0x4 
 .text._vfprintf_r
                0x0000000008003e30     0x1a7c /home/edward/Ac6/SystemWorkbench_old/plugins/fr.ac6.mcu.externaltools.arm-none.linux64_1.17.0.201812190825/tools/compiler/bin/../lib/gcc/arm-none-eabi/7.3.1/../../../../arm-none-eabi/lib/thumb/v7e-m/fpv4-sp/hard/libc.a(lib_a-vfprintf.o)
                0x0000000008003e30                _vfprintf_r
 .text.__sbprintf
                0x00000000080058ac       0x84 /home/edward/Ac6/SystemWorkbench_old/plugins/fr.ac6.mcu.externaltools.arm-none.linux64_1.17.0.201812190825/tools/compiler/bin/../lib/gcc/arm-none-eabi/7.3.1/../../../../arm-none-eabi/lib/thumb/v7e-m/fpv4-sp/hard/libc.a(lib_a-vfprintf.o)
 .text.__swsetup_r
                0x0000000008005930       0xcc /home/edward/Ac6/SystemWorkbench_old/plugins/fr.ac6.mcu.externaltools.arm-none.linux64_1.17.0.201812190825/tools/compiler/bin/../lib/gcc/arm-none-eabi/7.3.1/../../../../arm-none-eabi/lib/thumb/v7e-m/fpv4-sp/hard/libc.a(lib_a-wsetup.o)
                0x0000000008005930                __swsetup_r
 .text.startup.register_fini
                0x00000000080059fc       0x14 /home/edward/Ac6/SystemWorkbench_old/plugins/fr.ac6.mcu.externaltools.arm-none.linux64_1.17.0.201812190825/tools/compiler/bin/../lib/gcc/arm-none-eabi/7.3.1/../../../../arm-none-eabi/lib/thumb/v7e-m/fpv4-sp/hard/libc.a(lib_a-__call_atexit.o)
 .text.atexit   0x0000000008005a10        0xc /home/edward/Ac6/SystemWorkbench_old/plugins/fr.ac6.mcu.externaltools.arm-none.linux64_1.17.0.201812190825/tools/compiler/bin/../lib/gcc/arm-none-eabi/7.3.1/../../../../arm-none-eabi/lib/thumb/v7e-m/fpv4-sp/hard/libc.a(lib_a-atexit.o)
                0x0000000008005a10                atexit
 .text.quorem   0x0000000008005a1c      0x124 /home/edward/Ac6/SystemWorkbench_old/plugins/fr.ac6.mcu.externaltools.arm-none.linux64_1.17.0.201812190825/tools/compiler/bin/../lib/gcc/arm-none-eabi/7.3.1/../../../../arm-none-eabi/lib/thumb/v7e-m/fpv4-sp/hard/libc.a(lib_a-dtoa.o)
 .text._dtoa_r  0x0000000008005b40      0xe20 /home/edward/Ac6/SystemWorkbench_old/plugins/fr.ac6.mcu.externaltools.arm-none.linux64_1.17.0.201812190825/tools/compiler/bin/../lib/gcc/arm-none-eabi/7.3.1/../../../../arm-none-eabi/lib/thumb/v7e-m/fpv4-sp/hard/libc.a(lib_a-dtoa.o)
                0x0000000008005b40                _dtoa_r
 .text.__sflush_r
                0x0000000008006960      0x154 /home/edward/Ac6/SystemWorkbench_old/plugins/fr.ac6.mcu.externaltools.arm-none.linux64_1.17.0.201812190825/tools/compiler/bin/../lib/gcc/arm-none-eabi/7.3.1/../../../../arm-none-eabi/lib/thumb/v7e-m/fpv4-sp/hard/libc.a(lib_a-fflush.o)
                0x0000000008006960                __sflush_r
 .text._fflush_r
                0x0000000008006ab4       0x5c /home/edward/Ac6/SystemWorkbench_old/plugins/fr.ac6.mcu.externaltools.arm-none.linux64_1.17.0.201812190825/tools/compiler/bin/../lib/gcc/arm-none-eabi/7.3.1/../../../../arm-none-eabi/lib/thumb/v7e-m/fpv4-sp/hard/libc.a(lib_a-fflush.o)
                0x0000000008006ab4                _fflush_r
 .text.std      0x0000000008006b10       0x50 /home/edward/Ac6/SystemWorkbench_old/plugins/fr.ac6.mcu.externaltools.arm-none.linux64_1.17.0.201812190825/tools/compiler/bin/../lib/gcc/arm-none-eabi/7.3.1/../../../../arm-none-eabi/lib/thumb/v7e-m/fpv4-sp/hard/libc.a(lib_a-findfp.o)
 .text._cleanup_r
                0x0000000008006b60        0xc /home/edward/Ac6/SystemWorkbench_old/plugins/fr.ac6.mcu.externaltools.arm-none.linux64_1.17.0.201812190825/tools/compiler/bin/../lib/gcc/arm-none-eabi/7.3.1/../../../../arm-none-eabi/lib/thumb/v7e-m/fpv4-sp/hard/libc.a(lib_a-findfp.o)
                0x0000000008006b60                _cleanup_r
 .text.__sinit  0x0000000008006b6c       0x58 /home/edward/Ac6/SystemWorkbench_old/plugins/fr.ac6.mcu.externaltools.arm-none.linux64_1.17.0.201812190825/tools/compiler/bin/../lib/gcc/arm-none-eabi/7.3.1/../../../../arm-none-eabi/lib/thumb/v7e-m/fpv4-sp/hard/libc.a(lib_a-findfp.o)
                0x0000000008006b6c                __sinit
 .text.__sfp_lock_acquire
                0x0000000008006bc4        0xc /home/edward/Ac6/SystemWorkbench_old/plugins/fr.ac6.mcu.externaltools.arm-none.linux64_1.17.0.201812190825/tools/compiler/bin/../lib/gcc/arm-none-eabi/7.3.1/../../../../arm-none-eabi/lib/thumb/v7e-m/fpv4-sp/hard/libc.a(lib_a-findfp.o)
                0x0000000008006bc4                __sfp_lock_acquire
 .text.__sfp_lock_release
                0x0000000008006bd0        0xc /home/edward/Ac6/SystemWorkbench_old/plugins/fr.ac6.mcu.externaltools.arm-none.linux64_1.17.0.201812190825/tools/compiler/bin/../lib/gcc/arm-none-eabi/7.3.1/../../../../arm-none-eabi/lib/thumb/v7e-m/fpv4-sp/hard/libc.a(lib_a-findfp.o)
                0x0000000008006bd0                __sfp_lock_release
 .text.__libc_fini_array
                0x0000000008006bdc       0x34 /home/edward/Ac6/SystemWorkbench_old/plugins/fr.ac6.mcu.externaltools.arm-none.linux64_1.17.0.201812190825/tools/compiler/bin/../lib/gcc/arm-none-eabi/7.3.1/../../../../arm-none-eabi/lib/thumb/v7e-m/fpv4-sp/hard/libc.a(lib_a-fini.o)
                0x0000000008006bdc                __libc_fini_array
 .text._malloc_trim_r
                0x0000000008006c10       0xa0 /home/edward/Ac6/SystemWorkbench_old/plugins/fr.ac6.mcu.externaltools.arm-none.linux64_1.17.0.201812190825/tools/compiler/bin/../lib/gcc/arm-none-eabi/7.3.1/../../../../arm-none-eabi/lib/thumb/v7e-m/fpv4-sp/hard/libc.a(lib_a-freer.o)
                0x0000000008006c10                _malloc_trim_r
 .text._free_r  0x0000000008006cb0      0x1e8 /home/edward/Ac6/SystemWorkbench_old/plugins/fr.ac6.mcu.externaltools.arm-none.linux64_1.17.0.201812190825/tools/compiler/bin/../lib/gcc/arm-none-eabi/7.3.1/../../../../arm-none-eabi/lib/thumb/v7e-m/fpv4-sp/hard/libc.a(lib_a-freer.o)
                0x0000000008006cb0                _free_r
 .text.__sfvwrite_r
                0x0000000008006e98      0x2fc /home/edward/Ac6/SystemWorkbench_old/plugins/fr.ac6.mcu.externaltools.arm-none.linux64_1.17.0.201812190825/tools/compiler/bin/../lib/gcc/arm-none-eabi/7.3.1/../../../../arm-none-eabi/lib/thumb/v7e-m/fpv4-sp/hard/libc.a(lib_a-fvwrite.o)
                0x0000000008006e98                __sfvwrite_r
 .text._fwalk_reent
                0x0000000008007194       0x54 /home/edward/Ac6/SystemWorkbench_old/plugins/fr.ac6.mcu.externaltools.arm-none.linux64_1.17.0.201812190825/tools/compiler/bin/../lib/gcc/arm-none-eabi/7.3.1/../../../../arm-none-eabi/lib/thumb/v7e-m/fpv4-sp/hard/libc.a(lib_a-fwalk.o)
                0x0000000008007194                _fwalk_reent
 .text._localeconv_r
                0x00000000080071e8       0x1c /home/edward/Ac6/SystemWorkbench_old/plugins/fr.ac6.mcu.externaltools.arm-none.linux64_1.17.0.201812190825/tools/compiler/bin/../lib/gcc/arm-none-eabi/7.3.1/../../../../arm-none-eabi/lib/thumb/v7e-m/fpv4-sp/hard/libc.a(lib_a-localeconv.o)
                0x00000000080071e8                _localeconv_r
 .text.__retarget_lock_init_recursive
                0x0000000008007204        0x4 /home/edward/Ac6/SystemWorkbench_old/plugins/fr.ac6.mcu.externaltools.arm-none.linux64_1.17.0.201812190825/tools/compiler/bin/../lib/gcc/arm-none-eabi/7.3.1/../../../../arm-none-eabi/lib/thumb/v7e-m/fpv4-sp/hard/libc.a(lib_a-lock.o)
                0x0000000008007204                __retarget_lock_init_recursive
 .text.__retarget_lock_close_recursive
                0x0000000008007208        0x4 /home/edward/Ac6/SystemWorkbench_old/plugins/fr.ac6.mcu.externaltools.arm-none.linux64_1.17.0.201812190825/tools/compiler/bin/../lib/gcc/arm-none-eabi/7.3.1/../../../../arm-none-eabi/lib/thumb/v7e-m/fpv4-sp/hard/libc.a(lib_a-lock.o)
                0x0000000008007208                __retarget_lock_close_recursive
 .text.__retarget_lock_acquire_recursive
                0x000000000800720c        0x4 /home/edward/Ac6/SystemWorkbench_old/plugins/fr.ac6.mcu.externaltools.arm-none.linux64_1.17.0.201812190825/tools/compiler/bin/../lib/gcc/arm-none-eabi/7.3.1/../../../../arm-none-eabi/lib/thumb/v7e-m/fpv4-sp/hard/libc.a(lib_a-lock.o)
                0x000000000800720c                __retarget_lock_acquire_recursive
 .text.__retarget_lock_release_recursive
                0x0000000008007210        0x4 /home/edward/Ac6/SystemWorkbench_old/plugins/fr.ac6.mcu.externaltools.arm-none.linux64_1.17.0.201812190825/tools/compiler/bin/../lib/gcc/arm-none-eabi/7.3.1/../../../../arm-none-eabi/lib/thumb/v7e-m/fpv4-sp/hard/libc.a(lib_a-lock.o)
                0x0000000008007210                __retarget_lock_release_recursive
 .text.__swhatbuf_r
                0x0000000008007214       0x5c /home/edward/Ac6/SystemWorkbench_old/plugins/fr.ac6.mcu.externaltools.arm-none.linux64_1.17.0.201812190825/tools/compiler/bin/../lib/gcc/arm-none-eabi/7.3.1/../../../../arm-none-eabi/lib/thumb/v7e-m/fpv4-sp/hard/libc.a(lib_a-makebuf.o)
                0x0000000008007214                __swhatbuf_r
 .text.__smakebuf_r
                0x0000000008007270       0x94 /home/edward/Ac6/SystemWorkbench_old/plugins/fr.ac6.mcu.externaltools.arm-none.linux64_1.17.0.201812190825/tools/compiler/bin/../lib/gcc/arm-none-eabi/7.3.1/../../../../arm-none-eabi/lib/thumb/v7e-m/fpv4-sp/hard/libc.a(lib_a-makebuf.o)
                0x0000000008007270                __smakebuf_r
 .text._malloc_r
                0x0000000008007304      0x548 /home/edward/Ac6/SystemWorkbench_old/plugins/fr.ac6.mcu.externaltools.arm-none.linux64_1.17.0.201812190825/tools/compiler/bin/../lib/gcc/arm-none-eabi/7.3.1/../../../../arm-none-eabi/lib/thumb/v7e-m/fpv4-sp/hard/libc.a(lib_a-mallocr.o)
                0x0000000008007304                _malloc_r
 .text.memmove  0x000000000800784c       0xc8 /home/edward/Ac6/SystemWorkbench_old/plugins/fr.ac6.mcu.externaltools.arm-none.linux64_1.17.0.201812190825/tools/compiler/bin/../lib/gcc/arm-none-eabi/7.3.1/../../../../arm-none-eabi/lib/thumb/v7e-m/fpv4-sp/hard/libc.a(lib_a-memmove.o)
                0x000000000800784c                memmove
 .text.__malloc_lock
                0x0000000008007914        0xc /home/edward/Ac6/SystemWorkbench_old/plugins/fr.ac6.mcu.externaltools.arm-none.linux64_1.17.0.201812190825/tools/compiler/bin/../lib/gcc/arm-none-eabi/7.3.1/../../../../arm-none-eabi/lib/thumb/v7e-m/fpv4-sp/hard/libc.a(lib_a-mlock.o)
                0x0000000008007914                __malloc_lock
 .text.__malloc_unlock
                0x0000000008007920        0xc /home/edward/Ac6/SystemWorkbench_old/plugins/fr.ac6.mcu.externaltools.arm-none.linux64_1.17.0.201812190825/tools/compiler/bin/../lib/gcc/arm-none-eabi/7.3.1/../../../../arm-none-eabi/lib/thumb/v7e-m/fpv4-sp/hard/libc.a(lib_a-mlock.o)
                0x0000000008007920                __malloc_unlock
 .text._Balloc  0x000000000800792c       0x4c /home/edward/Ac6/SystemWorkbench_old/plugins/fr.ac6.mcu.externaltools.arm-none.linux64_1.17.0.201812190825/tools/compiler/bin/../lib/gcc/arm-none-eabi/7.3.1/../../../../arm-none-eabi/lib/thumb/v7e-m/fpv4-sp/hard/libc.a(lib_a-mprec.o)
                0x000000000800792c                _Balloc
 .text._Bfree   0x0000000008007978       0x14 /home/edward/Ac6/SystemWorkbench_old/plugins/fr.ac6.mcu.externaltools.arm-none.linux64_1.17.0.201812190825/tools/compiler/bin/../lib/gcc/arm-none-eabi/7.3.1/../../../../arm-none-eabi/lib/thumb/v7e-m/fpv4-sp/hard/libc.a(lib_a-mprec.o)
                0x0000000008007978                _Bfree
 .text.__multadd
                0x000000000800798c       0x80 /home/edward/Ac6/SystemWorkbench_old/plugins/fr.ac6.mcu.externaltools.arm-none.linux64_1.17.0.201812190825/tools/compiler/bin/../lib/gcc/arm-none-eabi/7.3.1/../../../../arm-none-eabi/lib/thumb/v7e-m/fpv4-sp/hard/libc.a(lib_a-mprec.o)
                0x000000000800798c                __multadd
 .text.__hi0bits
                0x0000000008007a0c       0x40 /home/edward/Ac6/SystemWorkbench_old/plugins/fr.ac6.mcu.externaltools.arm-none.linux64_1.17.0.201812190825/tools/compiler/bin/../lib/gcc/arm-none-eabi/7.3.1/../../../../arm-none-eabi/lib/thumb/v7e-m/fpv4-sp/hard/libc.a(lib_a-mprec.o)
                0x0000000008007a0c                __hi0bits
 .text.__lo0bits
                0x0000000008007a4c       0x60 /home/edward/Ac6/SystemWorkbench_old/plugins/fr.ac6.mcu.externaltools.arm-none.linux64_1.17.0.201812190825/tools/compiler/bin/../lib/gcc/arm-none-eabi/7.3.1/../../../../arm-none-eabi/lib/thumb/v7e-m/fpv4-sp/hard/libc.a(lib_a-mprec.o)
                0x0000000008007a4c                __lo0bits
 .text.__i2b    0x0000000008007aac       0x14 /home/edward/Ac6/SystemWorkbench_old/plugins/fr.ac6.mcu.externaltools.arm-none.linux64_1.17.0.201812190825/tools/compiler/bin/../lib/gcc/arm-none-eabi/7.3.1/../../../../arm-none-eabi/lib/thumb/v7e-m/fpv4-sp/hard/libc.a(lib_a-mprec.o)
                0x0000000008007aac                __i2b
 .text.__multiply
                0x0000000008007ac0      0x14c /home/edward/Ac6/SystemWorkbench_old/plugins/fr.ac6.mcu.externaltools.arm-none.linux64_1.17.0.201812190825/tools/compiler/bin/../lib/gcc/arm-none-eabi/7.3.1/../../../../arm-none-eabi/lib/thumb/v7e-m/fpv4-sp/hard/libc.a(lib_a-mprec.o)
                0x0000000008007ac0                __multiply
 .text.__pow5mult
                0x0000000008007c0c       0xa0 /home/edward/Ac6/SystemWorkbench_old/plugins/fr.ac6.mcu.externaltools.arm-none.linux64_1.17.0.201812190825/tools/compiler/bin/../lib/gcc/arm-none-eabi/7.3.1/../../../../arm-none-eabi/lib/thumb/v7e-m/fpv4-sp/hard/libc.a(lib_a-mprec.o)
                0x0000000008007c0c                __pow5mult
 .text.__lshift
                0x0000000008007cac       0xac /home/edward/Ac6/SystemWorkbench_old/plugins/fr.ac6.mcu.externaltools.arm-none.linux64_1.17.0.201812190825/tools/compiler/bin/../lib/gcc/arm-none-eabi/7.3.1/../../../../arm-none-eabi/lib/thumb/v7e-m/fpv4-sp/hard/libc.a(lib_a-mprec.o)
                0x0000000008007cac                __lshift
 .text.__mcmp   0x0000000008007d58       0x38 /home/edward/Ac6/SystemWorkbench_old/plugins/fr.ac6.mcu.externaltools.arm-none.linux64_1.17.0.201812190825/tools/compiler/bin/../lib/gcc/arm-none-eabi/7.3.1/../../../../arm-none-eabi/lib/thumb/v7e-m/fpv4-sp/hard/libc.a(lib_a-mprec.o)
                0x0000000008007d58                __mcmp
 .text.__mdiff  0x0000000008007d90       0xec /home/edward/Ac6/SystemWorkbench_old/plugins/fr.ac6.mcu.externaltools.arm-none.linux64_1.17.0.201812190825/tools/compiler/bin/../lib/gcc/arm-none-eabi/7.3.1/../../../../arm-none-eabi/lib/thumb/v7e-m/fpv4-sp/hard/libc.a(lib_a-mprec.o)
                0x0000000008007d90                __mdiff
 .text.__d2b    0x0000000008007e7c       0xc4 /home/edward/Ac6/SystemWorkbench_old/plugins/fr.ac6.mcu.externaltools.arm-none.linux64_1.17.0.201812190825/tools/compiler/bin/../lib/gcc/arm-none-eabi/7.3.1/../../../../arm-none-eabi/lib/thumb/v7e-m/fpv4-sp/hard/libc.a(lib_a-mprec.o)
                0x0000000008007e7c                __d2b
 .text._realloc_r
                0x0000000008007f40      0x35c /home/edward/Ac6/SystemWorkbench_old/plugins/fr.ac6.mcu.externaltools.arm-none.linux64_1.17.0.201812190825/tools/compiler/bin/../lib/gcc/arm-none-eabi/7.3.1/../../../../arm-none-eabi/lib/thumb/v7e-m/fpv4-sp/hard/libc.a(lib_a-reallocr.o)
                0x0000000008007f40                _realloc_r
 .text.frexp    0x000000000800829c       0x68 /home/edward/Ac6/SystemWorkbench_old/plugins/fr.ac6.mcu.externaltools.arm-none.linux64_1.17.0.201812190825/tools/compiler/bin/../lib/gcc/arm-none-eabi/7.3.1/../../../../arm-none-eabi/lib/thumb/v7e-m/fpv4-sp/hard/libc.a(lib_a-s_frexp.o)
                0x000000000800829c                frexp
 .text._sbrk_r  0x0000000008008304       0x24 /home/edward/Ac6/SystemWorkbench_old/plugins/fr.ac6.mcu.externaltools.arm-none.linux64_1.17.0.201812190825/tools/compiler/bin/../lib/gcc/arm-none-eabi/7.3.1/../../../../arm-none-eabi/lib/thumb/v7e-m/fpv4-sp/hard/libc.a(lib_a-sbrkr.o)
                0x0000000008008304                _sbrk_r
 .text.__sread  0x0000000008008328       0x24 /home/edward/Ac6/SystemWorkbench_old/plugins/fr.ac6.mcu.externaltools.arm-none.linux64_1.17.0.201812190825/tools/compiler/bin/../lib/gcc/arm-none-eabi/7.3.1/../../../../arm-none-eabi/lib/thumb/v7e-m/fpv4-sp/hard/libc.a(lib_a-stdio.o)
                0x0000000008008328                __sread
 .text.__swrite
                0x000000000800834c       0x3c /home/edward/Ac6/SystemWorkbench_old/plugins/fr.ac6.mcu.externaltools.arm-none.linux64_1.17.0.201812190825/tools/compiler/bin/../lib/gcc/arm-none-eabi/7.3.1/../../../../arm-none-eabi/lib/thumb/v7e-m/fpv4-sp/hard/libc.a(lib_a-stdio.o)
                0x000000000800834c                __swrite
 .text.__sseek  0x0000000008008388       0x20 /home/edward/Ac6/SystemWorkbench_old/plugins/fr.ac6.mcu.externaltools.arm-none.linux64_1.17.0.201812190825/tools/compiler/bin/../lib/gcc/arm-none-eabi/7.3.1/../../../../arm-none-eabi/lib/thumb/v7e-m/fpv4-sp/hard/libc.a(lib_a-stdio.o)
                0x0000000008008388                __sseek
 .text.__sclose
                0x00000000080083a8        0x8 /home/edward/Ac6/SystemWorkbench_old/plugins/fr.ac6.mcu.externaltools.arm-none.linux64_1.17.0.201812190825/tools/compiler/bin/../lib/gcc/arm-none-eabi/7.3.1/../../../../arm-none-eabi/lib/thumb/v7e-m/fpv4-sp/hard/libc.a(lib_a-stdio.o)
                0x00000000080083a8                __sclose
 .text.strncpy  0x00000000080083b0       0x64 /home/edward/Ac6/SystemWorkbench_old/plugins/fr.ac6.mcu.externaltools.arm-none.linux64_1.17.0.201812190825/tools/compiler/bin/../lib/gcc/arm-none-eabi/7.3.1/../../../../arm-none-eabi/lib/thumb/v7e-m/fpv4-sp/hard/libc.a(lib_a-strncpy.o)
                0x00000000080083b0                strncpy
 .text.__sprint_r.part.0
                0x0000000008008414       0x78 /home/edward/Ac6/SystemWorkbench_old/plugins/fr.ac6.mcu.externaltools.arm-none.linux64_1.17.0.201812190825/tools/compiler/bin/../lib/gcc/arm-none-eabi/7.3.1/../../../../arm-none-eabi/lib/thumb/v7e-m/fpv4-sp/hard/libc.a(lib_a-vfiprintf.o)
 .text.__sprint_r
                0x000000000800848c       0x14 /home/edward/Ac6/SystemWorkbench_old/plugins/fr.ac6.mcu.externaltools.arm-none.linux64_1.17.0.201812190825/tools/compiler/bin/../lib/gcc/arm-none-eabi/7.3.1/../../../../arm-none-eabi/lib/thumb/v7e-m/fpv4-sp/hard/libc.a(lib_a-vfiprintf.o)
                0x000000000800848c                __sprint_r
 .text._write_r
                0x00000000080084a0       0x2c /home/edward/Ac6/SystemWorkbench_old/plugins/fr.ac6.mcu.externaltools.arm-none.linux64_1.17.0.201812190825/tools/compiler/bin/../lib/gcc/arm-none-eabi/7.3.1/../../../../arm-none-eabi/lib/thumb/v7e-m/fpv4-sp/hard/libc.a(lib_a-writer.o)
                0x00000000080084a0                _write_r
 .text.__register_exitproc
                0x00000000080084cc       0xc0 /home/edward/Ac6/SystemWorkbench_old/plugins/fr.ac6.mcu.externaltools.arm-none.linux64_1.17.0.201812190825/tools/compiler/bin/../lib/gcc/arm-none-eabi/7.3.1/../../../../arm-none-eabi/lib/thumb/v7e-m/fpv4-sp/hard/libc.a(lib_a-__atexit.o)
                0x00000000080084cc                __register_exitproc
 .text._calloc_r
                0x000000000800858c       0x68 /home/edward/Ac6/SystemWorkbench_old/plugins/fr.ac6.mcu.externaltools.arm-none.linux64_1.17.0.201812190825/tools/compiler/bin/../lib/gcc/arm-none-eabi/7.3.1/../../../../arm-none-eabi/lib/thumb/v7e-m/fpv4-sp/hard/libc.a(lib_a-callocr.o)
                0x000000000800858c                _calloc_r
 .text._close_r
                0x00000000080085f4       0x24 /home/edward/Ac6/SystemWorkbench_old/plugins/fr.ac6.mcu.externaltools.arm-none.linux64_1.17.0.201812190825/tools/compiler/bin/../lib/gcc/arm-none-eabi/7.3.1/../../../../arm-none-eabi/lib/thumb/v7e-m/fpv4-sp/hard/libc.a(lib_a-closer.o)
                0x00000000080085f4                _close_r
 .text._fclose_r
                0x0000000008008618       0xd0 /home/edward/Ac6/SystemWorkbench_old/plugins/fr.ac6.mcu.externaltools.arm-none.linux64_1.17.0.201812190825/tools/compiler/bin/../lib/gcc/arm-none-eabi/7.3.1/../../../../arm-none-eabi/lib/thumb/v7e-m/fpv4-sp/hard/libc.a(lib_a-fclose.o)
                0x0000000008008618                _fclose_r
 .text.__fputwc
                0x00000000080086e8       0xa0 /home/edward/Ac6/SystemWorkbench_old/plugins/fr.ac6.mcu.externaltools.arm-none.linux64_1.17.0.201812190825/tools/compiler/bin/../lib/gcc/arm-none-eabi/7.3.1/../../../../arm-none-eabi/lib/thumb/v7e-m/fpv4-sp/hard/libc.a(lib_a-fputwc.o)
                0x00000000080086e8                __fputwc
 .text._fputwc_r
                0x0000000008008788       0x64 /home/edward/Ac6/SystemWorkbench_old/plugins/fr.ac6.mcu.externaltools.arm-none.linux64_1.17.0.201812190825/tools/compiler/bin/../lib/gcc/arm-none-eabi/7.3.1/../../../../arm-none-eabi/lib/thumb/v7e-m/fpv4-sp/hard/libc.a(lib_a-fputwc.o)
                0x0000000008008788                _fputwc_r
 .text._fstat_r
                0x00000000080087ec       0x28 /home/edward/Ac6/SystemWorkbench_old/plugins/fr.ac6.mcu.externaltools.arm-none.linux64_1.17.0.201812190825/tools/compiler/bin/../lib/gcc/arm-none-eabi/7.3.1/../../../../arm-none-eabi/lib/thumb/v7e-m/fpv4-sp/hard/libc.a(lib_a-fstatr.o)
                0x00000000080087ec                _fstat_r
 .text._isatty_r
                0x0000000008008814       0x24 /home/edward/Ac6/SystemWorkbench_old/plugins/fr.ac6.mcu.externaltools.arm-none.linux64_1.17.0.201812190825/tools/compiler/bin/../lib/gcc/arm-none-eabi/7.3.1/../../../../arm-none-eabi/lib/thumb/v7e-m/fpv4-sp/hard/libc.a(lib_a-isattyr.o)
                0x0000000008008814                _isatty_r
 .text.__locale_mb_cur_max
                0x0000000008008838       0x1c /home/edward/Ac6/SystemWorkbench_old/plugins/fr.ac6.mcu.externaltools.arm-none.linux64_1.17.0.201812190825/tools/compiler/bin/../lib/gcc/arm-none-eabi/7.3.1/../../../../arm-none-eabi/lib/thumb/v7e-m/fpv4-sp/hard/libc.a(lib_a-locale.o)
                0x0000000008008838                __locale_mb_cur_max
 .text._lseek_r
                0x0000000008008854       0x2c /home/edward/Ac6/SystemWorkbench_old/plugins/fr.ac6.mcu.externaltools.arm-none.linux64_1.17.0.201812190825/tools/compiler/bin/../lib/gcc/arm-none-eabi/7.3.1/../../../../arm-none-eabi/lib/thumb/v7e-m/fpv4-sp/hard/libc.a(lib_a-lseekr.o)
                0x0000000008008854                _lseek_r
 .text.__ascii_mbtowc
                0x0000000008008880       0x2c /home/edward/Ac6/SystemWorkbench_old/plugins/fr.ac6.mcu.externaltools.arm-none.linux64_1.17.0.201812190825/tools/compiler/bin/../lib/gcc/arm-none-eabi/7.3.1/../../../../arm-none-eabi/lib/thumb/v7e-m/fpv4-sp/hard/libc.a(lib_a-mbtowc_r.o)
                0x0000000008008880                __ascii_mbtowc
 .text._read_r  0x00000000080088ac       0x2c /home/edward/Ac6/SystemWorkbench_old/plugins/fr.ac6.mcu.externaltools.arm-none.linux64_1.17.0.201812190825/tools/compiler/bin/../lib/gcc/arm-none-eabi/7.3.1/../../../../arm-none-eabi/lib/thumb/v7e-m/fpv4-sp/hard/libc.a(lib_a-readr.o)
                0x00000000080088ac                _read_r
 .text.__swbuf_r
                0x00000000080088d8       0xb0 /home/edward/Ac6/SystemWorkbench_old/plugins/fr.ac6.mcu.externaltools.arm-none.linux64_1.17.0.201812190825/tools/compiler/bin/../lib/gcc/arm-none-eabi/7.3.1/../../../../arm-none-eabi/lib/thumb/v7e-m/fpv4-sp/hard/libc.a(lib_a-wbuf.o)
                0x00000000080088d8                __swbuf_r
 .text._wcrtomb_r
                0x0000000008008988       0x50 /home/edward/Ac6/SystemWorkbench_old/plugins/fr.ac6.mcu.externaltools.arm-none.linux64_1.17.0.201812190825/tools/compiler/bin/../lib/gcc/arm-none-eabi/7.3.1/../../../../arm-none-eabi/lib/thumb/v7e-m/fpv4-sp/hard/libc.a(lib_a-wcrtomb.o)
                0x0000000008008988                _wcrtomb_r
 .text.__ascii_wctomb
                0x00000000080089d8       0x1c /home/edward/Ac6/SystemWorkbench_old/plugins/fr.ac6.mcu.externaltools.arm-none.linux64_1.17.0.201812190825/tools/compiler/bin/../lib/gcc/arm-none-eabi/7.3.1/../../../../arm-none-eabi/lib/thumb/v7e-m/fpv4-sp/hard/libc.a(lib_a-wctomb_r.o)
                0x00000000080089d8                __ascii_wctomb
 *(.glue_7)
 .glue_7        0x00000000080089f4        0x0 linker stubs
 *(.glue_7t)
 .glue_7t       0x00000000080089f4        0x0 linker stubs
 *(.eh_frame)
 .eh_frame      0x00000000080089f4        0x0 /home/edward/Ac6/SystemWorkbench_old/plugins/fr.ac6.mcu.externaltools.arm-none.linux64_1.17.0.201812190825/tools/compiler/bin/../lib/gcc/arm-none-eabi/7.3.1/thumb/v7e-m/fpv4-sp/hard/crtbegin.o
 *(.init)
 .init          0x00000000080089f4        0x4 /home/edward/Ac6/SystemWorkbench_old/plugins/fr.ac6.mcu.externaltools.arm-none.linux64_1.17.0.201812190825/tools/compiler/bin/../lib/gcc/arm-none-eabi/7.3.1/thumb/v7e-m/fpv4-sp/hard/crti.o
                0x00000000080089f4                _init
 .init          0x00000000080089f8        0x8 /home/edward/Ac6/SystemWorkbench_old/plugins/fr.ac6.mcu.externaltools.arm-none.linux64_1.17.0.201812190825/tools/compiler/bin/../lib/gcc/arm-none-eabi/7.3.1/thumb/v7e-m/fpv4-sp/hard/crtn.o
 *(.fini)
 .fini          0x0000000008008a00        0x4 /home/edward/Ac6/SystemWorkbench_old/plugins/fr.ac6.mcu.externaltools.arm-none.linux64_1.17.0.201812190825/tools/compiler/bin/../lib/gcc/arm-none-eabi/7.3.1/thumb/v7e-m/fpv4-sp/hard/crti.o
                0x0000000008008a00                _fini
 .fini          0x0000000008008a04        0x8 /home/edward/Ac6/SystemWorkbench_old/plugins/fr.ac6.mcu.externaltools.arm-none.linux64_1.17.0.201812190825/tools/compiler/bin/../lib/gcc/arm-none-eabi/7.3.1/thumb/v7e-m/fpv4-sp/hard/crtn.o
                0x0000000008008a10                . = ALIGN (0x8)
 *fill*         0x0000000008008a0c        0x4 
                0x0000000008008a10                _etext = .

.vfp11_veneer   0x0000000008008a10        0x0
 .vfp11_veneer  0x0000000008008a10        0x0 linker stubs

.v4_bx          0x0000000008008a10        0x0
 .v4_bx         0x0000000008008a10        0x0 linker stubs

.iplt           0x0000000008008a10        0x0
 .iplt          0x0000000008008a10        0x0 /home/edward/Ac6/SystemWorkbench_old/plugins/fr.ac6.mcu.externaltools.arm-none.linux64_1.17.0.201812190825/tools/compiler/bin/../lib/gcc/arm-none-eabi/7.3.1/thumb/v7e-m/fpv4-sp/hard/crtbegin.o

.rodata         0x0000000008008a10      0x678
                0x0000000008008a10                . = ALIGN (0x8)
 *(.rodata)
 .rodata        0x0000000008008a10       0x14 HAL_Driver/Src/stm32l4xx_hal_uart.o
 .rodata        0x0000000008008a24       0x48 src/system_stm32l4xx.o
                0x0000000008008a24                MSIRangeTable
                0x0000000008008a54                AHBPrescTable
                0x0000000008008a64                APBPrescTable
 *(.rodata*)
 .rodata.str1.4
                0x0000000008008a6c       0xaf src/main.o
                                         0xb3 (size before relaxing)
 *fill*         0x0000000008008b1b        0x1 
 .rodata.str1.4
                0x0000000008008b1c      0x29f src/mpu.o
 *fill*         0x0000000008008dbb        0x1 
 .rodata.exp.str1.4
                0x0000000008008dbc        0x4 /home/edward/Ac6/SystemWorkbench_old/plugins/fr.ac6.mcu.externaltools.arm-none.linux64_1.17.0.201812190825/tools/compiler/bin/../lib/gcc/arm-none-eabi/7.3.1/../../../../arm-none-eabi/lib/thumb/v7e-m/fpv4-sp/hard/libm.a(lib_a-w_exp.o)
 .rodata.log.str1.4
                0x0000000008008dc0        0x4 /home/edward/Ac6/SystemWorkbench_old/plugins/fr.ac6.mcu.externaltools.arm-none.linux64_1.17.0.201812190825/tools/compiler/bin/../lib/gcc/arm-none-eabi/7.3.1/../../../../arm-none-eabi/lib/thumb/v7e-m/fpv4-sp/hard/libm.a(lib_a-w_log.o)
                                          0x5 (size before relaxing)
 .rodata.sqrt.str1.4
                0x0000000008008dc4        0x5 /home/edward/Ac6/SystemWorkbench_old/plugins/fr.ac6.mcu.externaltools.arm-none.linux64_1.17.0.201812190825/tools/compiler/bin/../lib/gcc/arm-none-eabi/7.3.1/../../../../arm-none-eabi/lib/thumb/v7e-m/fpv4-sp/hard/libm.a(lib_a-w_sqrt.o)
 *fill*         0x0000000008008dc9        0x7 
 .rodata.halF   0x0000000008008dd0       0x10 /home/edward/Ac6/SystemWorkbench_old/plugins/fr.ac6.mcu.externaltools.arm-none.linux64_1.17.0.201812190825/tools/compiler/bin/../lib/gcc/arm-none-eabi/7.3.1/../../../../arm-none-eabi/lib/thumb/v7e-m/fpv4-sp/hard/libm.a(lib_a-e_exp.o)
 .rodata.ln2HI  0x0000000008008de0       0x10 /home/edward/Ac6/SystemWorkbench_old/plugins/fr.ac6.mcu.externaltools.arm-none.linux64_1.17.0.201812190825/tools/compiler/bin/../lib/gcc/arm-none-eabi/7.3.1/../../../../arm-none-eabi/lib/thumb/v7e-m/fpv4-sp/hard/libm.a(lib_a-e_exp.o)
 .rodata.ln2LO  0x0000000008008df0       0x10 /home/edward/Ac6/SystemWorkbench_old/plugins/fr.ac6.mcu.externaltools.arm-none.linux64_1.17.0.201812190825/tools/compiler/bin/../lib/gcc/arm-none-eabi/7.3.1/../../../../arm-none-eabi/lib/thumb/v7e-m/fpv4-sp/hard/libm.a(lib_a-e_exp.o)
 .rodata._global_impure_ptr
                0x0000000008008e00        0x4 /home/edward/Ac6/SystemWorkbench_old/plugins/fr.ac6.mcu.externaltools.arm-none.linux64_1.17.0.201812190825/tools/compiler/bin/../lib/gcc/arm-none-eabi/7.3.1/../../../../arm-none-eabi/lib/thumb/v7e-m/fpv4-sp/hard/libc.a(lib_a-impure.o)
                0x0000000008008e00                _global_impure_ptr
 .rodata._puts_r.str1.4
                0x0000000008008e04        0x5 /home/edward/Ac6/SystemWorkbench_old/plugins/fr.ac6.mcu.externaltools.arm-none.linux64_1.17.0.201812190825/tools/compiler/bin/../lib/gcc/arm-none-eabi/7.3.1/../../../../arm-none-eabi/lib/thumb/v7e-m/fpv4-sp/hard/libc.a(lib_a-puts.o)
                                          0x2 (size before relaxing)
 .rodata._vfprintf_r.str1.4
                0x0000000008008e04       0x42 /home/edward/Ac6/SystemWorkbench_old/plugins/fr.ac6.mcu.externaltools.arm-none.linux64_1.17.0.201812190825/tools/compiler/bin/../lib/gcc/arm-none-eabi/7.3.1/../../../../arm-none-eabi/lib/thumb/v7e-m/fpv4-sp/hard/libc.a(lib_a-vfprintf.o)
 *fill*         0x0000000008008e46        0x2 
 .rodata.blanks.8605
                0x0000000008008e48       0x10 /home/edward/Ac6/SystemWorkbench_old/plugins/fr.ac6.mcu.externaltools.arm-none.linux64_1.17.0.201812190825/tools/compiler/bin/../lib/gcc/arm-none-eabi/7.3.1/../../../../arm-none-eabi/lib/thumb/v7e-m/fpv4-sp/hard/libc.a(lib_a-vfprintf.o)
 .rodata.zeroes.8606
                0x0000000008008e58       0x10 /home/edward/Ac6/SystemWorkbench_old/plugins/fr.ac6.mcu.externaltools.arm-none.linux64_1.17.0.201812190825/tools/compiler/bin/../lib/gcc/arm-none-eabi/7.3.1/../../../../arm-none-eabi/lib/thumb/v7e-m/fpv4-sp/hard/libc.a(lib_a-vfprintf.o)
 .rodata._dtoa_r.str1.4
                0x0000000008008e68       0x10 /home/edward/Ac6/SystemWorkbench_old/plugins/fr.ac6.mcu.externaltools.arm-none.linux64_1.17.0.201812190825/tools/compiler/bin/../lib/gcc/arm-none-eabi/7.3.1/../../../../arm-none-eabi/lib/thumb/v7e-m/fpv4-sp/hard/libc.a(lib_a-dtoa.o)
                                         0x12 (size before relaxing)
 .rodata.__mprec_bigtens
                0x0000000008008e78       0x28 /home/edward/Ac6/SystemWorkbench_old/plugins/fr.ac6.mcu.externaltools.arm-none.linux64_1.17.0.201812190825/tools/compiler/bin/../lib/gcc/arm-none-eabi/7.3.1/../../../../arm-none-eabi/lib/thumb/v7e-m/fpv4-sp/hard/libc.a(lib_a-mprec.o)
                0x0000000008008e78                __mprec_bigtens
 .rodata.__mprec_tens
                0x0000000008008ea0       0xc8 /home/edward/Ac6/SystemWorkbench_old/plugins/fr.ac6.mcu.externaltools.arm-none.linux64_1.17.0.201812190825/tools/compiler/bin/../lib/gcc/arm-none-eabi/7.3.1/../../../../arm-none-eabi/lib/thumb/v7e-m/fpv4-sp/hard/libc.a(lib_a-mprec.o)
                0x0000000008008ea0                __mprec_tens
 .rodata.p05.7367
                0x0000000008008f68        0xc /home/edward/Ac6/SystemWorkbench_old/plugins/fr.ac6.mcu.externaltools.arm-none.linux64_1.17.0.201812190825/tools/compiler/bin/../lib/gcc/arm-none-eabi/7.3.1/../../../../arm-none-eabi/lib/thumb/v7e-m/fpv4-sp/hard/libc.a(lib_a-mprec.o)
 .rodata._setlocale_r.str1.4
                0x0000000008008f74        0xa /home/edward/Ac6/SystemWorkbench_old/plugins/fr.ac6.mcu.externaltools.arm-none.linux64_1.17.0.201812190825/tools/compiler/bin/../lib/gcc/arm-none-eabi/7.3.1/../../../../arm-none-eabi/lib/thumb/v7e-m/fpv4-sp/hard/libc.a(lib_a-locale.o)
                                          0xd (size before relaxing)
 *fill*         0x0000000008008f7e        0x2 
 .rodata.str1.4
                0x0000000008008f80        0x4 /home/edward/Ac6/SystemWorkbench_old/plugins/fr.ac6.mcu.externaltools.arm-none.linux64_1.17.0.201812190825/tools/compiler/bin/../lib/gcc/arm-none-eabi/7.3.1/../../../../arm-none-eabi/lib/thumb/v7e-m/fpv4-sp/hard/libc.a(lib_a-locale.o)
                                          0x2 (size before relaxing)
 .rodata._ctype_
                0x0000000008008f84      0x101 /home/edward/Ac6/SystemWorkbench_old/plugins/fr.ac6.mcu.externaltools.arm-none.linux64_1.17.0.201812190825/tools/compiler/bin/../lib/gcc/arm-none-eabi/7.3.1/../../../../arm-none-eabi/lib/thumb/v7e-m/fpv4-sp/hard/libc.a(lib_a-ctype_.o)
                0x0000000008008f84                _ctype_
                0x0000000008009088                . = ALIGN (0x8)
 *fill*         0x0000000008009085        0x3 

.ARM.extab      0x0000000008009088        0x0
                0x0000000008009088                . = ALIGN (0x8)
 *(.ARM.extab* .gnu.linkonce.armextab.*)
                0x0000000008009088                . = ALIGN (0x8)

.ARM            0x0000000008009088        0x8
                0x0000000008009088                . = ALIGN (0x8)
                0x0000000008009088                __exidx_start = .
 *(.ARM.exidx*)
 .ARM.exidx     0x0000000008009088        0x8 /home/edward/Ac6/SystemWorkbench_old/plugins/fr.ac6.mcu.externaltools.arm-none.linux64_1.17.0.201812190825/tools/compiler/bin/../lib/gcc/arm-none-eabi/7.3.1/thumb/v7e-m/fpv4-sp/hard/libgcc.a(_udivmoddi4.o)
                0x0000000008009090                __exidx_end = .
                0x0000000008009090                . = ALIGN (0x8)

.rel.dyn        0x0000000008009090        0x0
 .rel.iplt      0x0000000008009090        0x0 /home/edward/Ac6/SystemWorkbench_old/plugins/fr.ac6.mcu.externaltools.arm-none.linux64_1.17.0.201812190825/tools/compiler/bin/../lib/gcc/arm-none-eabi/7.3.1/thumb/v7e-m/fpv4-sp/hard/crtbegin.o

.preinit_array  0x0000000008009090        0x0
                0x0000000008009090                . = ALIGN (0x8)
                0x0000000008009090                PROVIDE (__preinit_array_start = .)
 *(.preinit_array*)
                0x0000000008009090                PROVIDE (__preinit_array_end = .)
                0x0000000008009090                . = ALIGN (0x8)

.init_array     0x0000000008009090        0x8
                0x0000000008009090                . = ALIGN (0x8)
                0x0000000008009090                PROVIDE (__init_array_start = .)
 *(SORT_BY_NAME(.init_array.*))
 .init_array.00000
                0x0000000008009090        0x4 /home/edward/Ac6/SystemWorkbench_old/plugins/fr.ac6.mcu.externaltools.arm-none.linux64_1.17.0.201812190825/tools/compiler/bin/../lib/gcc/arm-none-eabi/7.3.1/../../../../arm-none-eabi/lib/thumb/v7e-m/fpv4-sp/hard/libc.a(lib_a-__call_atexit.o)
 *(.init_array*)
 .init_array    0x0000000008009094        0x4 /home/edward/Ac6/SystemWorkbench_old/plugins/fr.ac6.mcu.externaltools.arm-none.linux64_1.17.0.201812190825/tools/compiler/bin/../lib/gcc/arm-none-eabi/7.3.1/thumb/v7e-m/fpv4-sp/hard/crtbegin.o
                0x0000000008009098                PROVIDE (__init_array_end = .)
                0x0000000008009098                . = ALIGN (0x8)

.fini_array     0x0000000008009098        0x8
                0x0000000008009098                . = ALIGN (0x8)
                0x0000000008009098                PROVIDE (__fini_array_start = .)
 *(SORT_BY_NAME(.fini_array.*))
 *(.fini_array*)
 .fini_array    0x0000000008009098        0x4 /home/edward/Ac6/SystemWorkbench_old/plugins/fr.ac6.mcu.externaltools.arm-none.linux64_1.17.0.201812190825/tools/compiler/bin/../lib/gcc/arm-none-eabi/7.3.1/thumb/v7e-m/fpv4-sp/hard/crtbegin.o
                0x000000000800909c                PROVIDE (__fini_array_end = .)
                0x00000000080090a0                . = ALIGN (0x8)
 *fill*         0x000000000800909c        0x4 
                0x00000000080090a0                _sidata = LOADADDR (.data)

.data           0x0000000010000000      0x9c8 load address 0x00000000080090a0
                0x0000000010000000                . = ALIGN (0x8)
                0x0000000010000000                _sdata = .
 *(.data)
 .data          0x0000000010000000       0x14 Utilities/B-L475E-IOT01/stm32l475e_iot01.o
                0x0000000010000000                GPIO_PORT
                0x0000000010000004                BUTTON_PORT
                0x0000000010000008                COM_TX_PORT
                0x000000001000000c                COM_RX_PORT
                0x0000000010000010                COM_USART
 .data          0x0000000010000014        0x4 src/system_stm32l4xx.o
                0x0000000010000014                SystemCoreClock
 *(.data*)
 .data.__fdlib_version
                0x0000000010000018        0x1 /home/edward/Ac6/SystemWorkbench_old/plugins/fr.ac6.mcu.externaltools.arm-none.linux64_1.17.0.201812190825/tools/compiler/bin/../lib/gcc/arm-none-eabi/7.3.1/../../../../arm-none-eabi/lib/thumb/v7e-m/fpv4-sp/hard/libm.a(lib_a-s_lib_ver.o)
                0x0000000010000018                __fdlib_version
 *fill*         0x0000000010000019        0x3 
 .data._impure_ptr
                0x000000001000001c        0x4 /home/edward/Ac6/SystemWorkbench_old/plugins/fr.ac6.mcu.externaltools.arm-none.linux64_1.17.0.201812190825/tools/compiler/bin/../lib/gcc/arm-none-eabi/7.3.1/../../../../arm-none-eabi/lib/thumb/v7e-m/fpv4-sp/hard/libc.a(lib_a-impure.o)
                0x000000001000001c                _impure_ptr
 .data.impure_data
                0x0000000010000020      0x428 /home/edward/Ac6/SystemWorkbench_old/plugins/fr.ac6.mcu.externaltools.arm-none.linux64_1.17.0.201812190825/tools/compiler/bin/../lib/gcc/arm-none-eabi/7.3.1/../../../../arm-none-eabi/lib/thumb/v7e-m/fpv4-sp/hard/libc.a(lib_a-impure.o)
 .data.__atexit_recursive_mutex
                0x0000000010000448        0x4 /home/edward/Ac6/SystemWorkbench_old/plugins/fr.ac6.mcu.externaltools.arm-none.linux64_1.17.0.201812190825/tools/compiler/bin/../lib/gcc/arm-none-eabi/7.3.1/../../../../arm-none-eabi/lib/thumb/v7e-m/fpv4-sp/hard/libc.a(lib_a-__call_atexit.o)
                0x0000000010000448                __atexit_recursive_mutex
 .data.__malloc_av_
                0x000000001000044c      0x408 /home/edward/Ac6/SystemWorkbench_old/plugins/fr.ac6.mcu.externaltools.arm-none.linux64_1.17.0.201812190825/tools/compiler/bin/../lib/gcc/arm-none-eabi/7.3.1/../../../../arm-none-eabi/lib/thumb/v7e-m/fpv4-sp/hard/libc.a(lib_a-mallocr.o)
                0x000000001000044c                __malloc_av_
 .data.__malloc_sbrk_base
                0x0000000010000854        0x4 /home/edward/Ac6/SystemWorkbench_old/plugins/fr.ac6.mcu.externaltools.arm-none.linux64_1.17.0.201812190825/tools/compiler/bin/../lib/gcc/arm-none-eabi/7.3.1/../../../../arm-none-eabi/lib/thumb/v7e-m/fpv4-sp/hard/libc.a(lib_a-mallocr.o)
                0x0000000010000854                __malloc_sbrk_base
 .data.__malloc_trim_threshold
                0x0000000010000858        0x4 /home/edward/Ac6/SystemWorkbench_old/plugins/fr.ac6.mcu.externaltools.arm-none.linux64_1.17.0.201812190825/tools/compiler/bin/../lib/gcc/arm-none-eabi/7.3.1/../../../../arm-none-eabi/lib/thumb/v7e-m/fpv4-sp/hard/libc.a(lib_a-mallocr.o)
                0x0000000010000858                __malloc_trim_threshold
 .data.__global_locale
                0x000000001000085c      0x16c /home/edward/Ac6/SystemWorkbench_old/plugins/fr.ac6.mcu.externaltools.arm-none.linux64_1.17.0.201812190825/tools/compiler/bin/../lib/gcc/arm-none-eabi/7.3.1/../../../../arm-none-eabi/lib/thumb/v7e-m/fpv4-sp/hard/libc.a(lib_a-locale.o)
                0x000000001000085c                __global_locale
                0x00000000100009c8                . = ALIGN (0x8)
                0x00000000100009c8                _edata = .

.igot.plt       0x00000000100009c8        0x0 load address 0x0000000008009a68
 .igot.plt      0x00000000100009c8        0x0 /home/edward/Ac6/SystemWorkbench_old/plugins/fr.ac6.mcu.externaltools.arm-none.linux64_1.17.0.201812190825/tools/compiler/bin/../lib/gcc/arm-none-eabi/7.3.1/thumb/v7e-m/fpv4-sp/hard/crtbegin.o
                0x00000000100009c8                . = ALIGN (0x4)

.bss            0x00000000100009c8      0x194 load address 0x0000000008009a68
                0x00000000100009c8                _sbss = .
                0x00000000100009c8                __bss_start__ = _sbss
 *(.bss)
 .bss           0x00000000100009c8       0x1c /home/edward/Ac6/SystemWorkbench_old/plugins/fr.ac6.mcu.externaltools.arm-none.linux64_1.17.0.201812190825/tools/compiler/bin/../lib/gcc/arm-none-eabi/7.3.1/thumb/v7e-m/fpv4-sp/hard/crtbegin.o
 .bss           0x00000000100009e4       0x78 src/main.o
 .bss           0x0000000010000a5c        0x8 src/syscalls.o
                0x0000000010000a60                __env
 *(.bss*)
 .bss.__malloc_current_mallinfo
                0x0000000010000a64       0x28 /home/edward/Ac6/SystemWorkbench_old/plugins/fr.ac6.mcu.externaltools.arm-none.linux64_1.17.0.201812190825/tools/compiler/bin/../lib/gcc/arm-none-eabi/7.3.1/../../../../arm-none-eabi/lib/thumb/v7e-m/fpv4-sp/hard/libc.a(lib_a-mallocr.o)
                0x0000000010000a64                __malloc_current_mallinfo
 .bss.__malloc_max_sbrked_mem
                0x0000000010000a8c        0x4 /home/edward/Ac6/SystemWorkbench_old/plugins/fr.ac6.mcu.externaltools.arm-none.linux64_1.17.0.201812190825/tools/compiler/bin/../lib/gcc/arm-none-eabi/7.3.1/../../../../arm-none-eabi/lib/thumb/v7e-m/fpv4-sp/hard/libc.a(lib_a-mallocr.o)
                0x0000000010000a8c                __malloc_max_sbrked_mem
 .bss.__malloc_max_total_mem
                0x0000000010000a90        0x4 /home/edward/Ac6/SystemWorkbench_old/plugins/fr.ac6.mcu.externaltools.arm-none.linux64_1.17.0.201812190825/tools/compiler/bin/../lib/gcc/arm-none-eabi/7.3.1/../../../../arm-none-eabi/lib/thumb/v7e-m/fpv4-sp/hard/libc.a(lib_a-mallocr.o)
                0x0000000010000a90                __malloc_max_total_mem
 .bss.__malloc_top_pad
                0x0000000010000a94        0x4 /home/edward/Ac6/SystemWorkbench_old/plugins/fr.ac6.mcu.externaltools.arm-none.linux64_1.17.0.201812190825/tools/compiler/bin/../lib/gcc/arm-none-eabi/7.3.1/../../../../arm-none-eabi/lib/thumb/v7e-m/fpv4-sp/hard/libc.a(lib_a-mallocr.o)
                0x0000000010000a94                __malloc_top_pad
 *(COMMON)
 COMMON         0x0000000010000a98        0x4 HAL_Driver/Src/stm32l4xx_hal.o
                0x0000000010000a98                uwTick
 COMMON         0x0000000010000a9c       0x40 HAL_Driver/Src/stm32l4xx_hal_timebase_tim_template.o
                0x0000000010000a9c                TimHandle
 *fill*         0x0000000010000adc        0x4 
 COMMON         0x0000000010000ae0       0x54 src/libwhetstone.o
                0x0000000010000ae0                T2
                0x0000000010000ae8                K
                0x0000000010000af0                T
                0x0000000010000af8                J
                0x0000000010000b00                E1
                0x0000000010000b28                T1
                0x0000000010000b30                L
 COMMON         0x0000000010000b34       0x21 /home/edward/Ac6/SystemWorkbench_old/plugins/fr.ac6.mcu.externaltools.arm-none.linux64_1.17.0.201812190825/tools/compiler/bin/../lib/gcc/arm-none-eabi/7.3.1/../../../../arm-none-eabi/lib/thumb/v7e-m/fpv4-sp/hard/libc.a(lib_a-lock.o)
                0x0000000010000b34                __lock___atexit_recursive_mutex
                0x0000000010000b38                __lock___arc4random_mutex
                0x0000000010000b3c                __lock___env_recursive_mutex
                0x0000000010000b40                __lock___sinit_recursive_mutex
                0x0000000010000b44                __lock___malloc_recursive_mutex
                0x0000000010000b48                __lock___at_quick_exit_mutex
                0x0000000010000b4c                __lock___dd_hash_mutex
                0x0000000010000b50                __lock___tz_mutex
                0x0000000010000b54                __lock___sfp_recursive_mutex
 *fill*         0x0000000010000b55        0x3 
 COMMON         0x0000000010000b58        0x4 /home/edward/Ac6/SystemWorkbench_old/plugins/fr.ac6.mcu.externaltools.arm-none.linux64_1.17.0.201812190825/tools/compiler/bin/../lib/gcc/arm-none-eabi/7.3.1/../../../../arm-none-eabi/lib/thumb/v7e-m/fpv4-sp/hard/libc.a(lib_a-reent.o)
                0x0000000010000b58                errno
                0x0000000010000b5c                . = ALIGN (0x4)
                0x0000000010000b5c                _ebss = .
                0x0000000010000b5c                __bss_end__ = _ebss

._user_heap_stack
                0x0000000020000000      0x600
                0x0000000020000000                . = ALIGN (0x8)
                0x0000000020000000                PROVIDE (end = .)
                [!provide]                        PROVIDE (_end = .)
                0x0000000020000200                . = (. + _Min_Heap_Size)
 *fill*         0x0000000020000000      0x200 
                0x0000000020000600                . = (. + _Min_Stack_Size)
 *fill*         0x0000000020000200      0x400 
                0x0000000020000600                . = ALIGN (0x8)

.shadow_stack   0x0000000020004000        0x0
                0x0000000020004000                . = ALIGN (0x20)
                0x0000000020004000                _shadow_stack_start = .
 *(.shadow_stack)
                0x0000000020004000                . = ALIGN (0x20)

/DISCARD/
 libc.a(*)
 libm.a(*)
 libgcc.a(*)

.ARM.attributes
                0x0000000000000000       0x30
 *(.ARM.attributes)
 .ARM.attributes
                0x0000000000000000       0x22 /home/edward/Ac6/SystemWorkbench_old/plugins/fr.ac6.mcu.externaltools.arm-none.linux64_1.17.0.201812190825/tools/compiler/bin/../lib/gcc/arm-none-eabi/7.3.1/thumb/v7e-m/fpv4-sp/hard/crti.o
 .ARM.attributes
                0x0000000000000022       0x34 /home/edward/Ac6/SystemWorkbench_old/plugins/fr.ac6.mcu.externaltools.arm-none.linux64_1.17.0.201812190825/tools/compiler/bin/../lib/gcc/arm-none-eabi/7.3.1/thumb/v7e-m/fpv4-sp/hard/crtbegin.o
 .ARM.attributes
                0x0000000000000056       0x39 HAL_Driver/Src/stm32l4xx_hal.o
 .ARM.attributes
                0x000000000000008f       0x39 HAL_Driver/Src/stm32l4xx_hal_cortex.o
 .ARM.attributes
                0x00000000000000c8       0x39 HAL_Driver/Src/stm32l4xx_hal_gpio.o
 .ARM.attributes
                0x0000000000000101       0x39 HAL_Driver/Src/stm32l4xx_hal_pwr_ex.o
 .ARM.attributes
                0x000000000000013a       0x39 HAL_Driver/Src/stm32l4xx_hal_rcc.o
 .ARM.attributes
                0x0000000000000173       0x39 HAL_Driver/Src/stm32l4xx_hal_tim.o
 .ARM.attributes
                0x00000000000001ac       0x39 HAL_Driver/Src/stm32l4xx_hal_tim_ex.o
 .ARM.attributes
                0x00000000000001e5       0x39 HAL_Driver/Src/stm32l4xx_hal_timebase_tim_template.o
 .ARM.attributes
                0x000000000000021e       0x39 HAL_Driver/Src/stm32l4xx_hal_uart.o
 .ARM.attributes
                0x0000000000000257       0x39 Utilities/B-L475E-IOT01/stm32l475e_iot01.o
 .ARM.attributes
                0x0000000000000290       0x39 src/libwhetstone.o
 .ARM.attributes
                0x00000000000002c9       0x39 src/main.o
 .ARM.attributes
                0x0000000000000302       0x39 src/mpu.o
 .ARM.attributes
                0x000000000000033b       0x39 src/stm32l4xx_hal_msp.o
 .ARM.attributes
                0x0000000000000374       0x39 src/stm32l4xx_it.o
 .ARM.attributes
                0x00000000000003ad       0x39 src/syscalls.o
 .ARM.attributes
                0x00000000000003e6       0x39 src/system_stm32l4xx.o
 .ARM.attributes
                0x000000000000041f       0x21 startup/startup_stm32l475xx.o
 .ARM.attributes
                0x0000000000000440       0x34 /home/edward/Ac6/SystemWorkbench_old/plugins/fr.ac6.mcu.externaltools.arm-none.linux64_1.17.0.201812190825/tools/compiler/bin/../lib/gcc/arm-none-eabi/7.3.1/../../../../arm-none-eabi/lib/thumb/v7e-m/fpv4-sp/hard/libm.a(lib_a-w_exp.o)
 .ARM.attributes
                0x0000000000000474       0x34 /home/edward/Ac6/SystemWorkbench_old/plugins/fr.ac6.mcu.externaltools.arm-none.linux64_1.17.0.201812190825/tools/compiler/bin/../lib/gcc/arm-none-eabi/7.3.1/../../../../arm-none-eabi/lib/thumb/v7e-m/fpv4-sp/hard/libm.a(lib_a-w_log.o)
 .ARM.attributes
                0x00000000000004a8       0x34 /home/edward/Ac6/SystemWorkbench_old/plugins/fr.ac6.mcu.externaltools.arm-none.linux64_1.17.0.201812190825/tools/compiler/bin/../lib/gcc/arm-none-eabi/7.3.1/../../../../arm-none-eabi/lib/thumb/v7e-m/fpv4-sp/hard/libm.a(lib_a-w_sqrt.o)
 .ARM.attributes
                0x00000000000004dc       0x34 /home/edward/Ac6/SystemWorkbench_old/plugins/fr.ac6.mcu.externaltools.arm-none.linux64_1.17.0.201812190825/tools/compiler/bin/../lib/gcc/arm-none-eabi/7.3.1/../../../../arm-none-eabi/lib/thumb/v7e-m/fpv4-sp/hard/libm.a(lib_a-e_exp.o)
 .ARM.attributes
                0x0000000000000510       0x34 /home/edward/Ac6/SystemWorkbench_old/plugins/fr.ac6.mcu.externaltools.arm-none.linux64_1.17.0.201812190825/tools/compiler/bin/../lib/gcc/arm-none-eabi/7.3.1/../../../../arm-none-eabi/lib/thumb/v7e-m/fpv4-sp/hard/libm.a(lib_a-e_log.o)
 .ARM.attributes
                0x0000000000000544       0x34 /home/edward/Ac6/SystemWorkbench_old/plugins/fr.ac6.mcu.externaltools.arm-none.linux64_1.17.0.201812190825/tools/compiler/bin/../lib/gcc/arm-none-eabi/7.3.1/../../../../arm-none-eabi/lib/thumb/v7e-m/fpv4-sp/hard/libm.a(lib_a-e_sqrt.o)
 .ARM.attributes
                0x0000000000000578       0x34 /home/edward/Ac6/SystemWorkbench_old/plugins/fr.ac6.mcu.externaltools.arm-none.linux64_1.17.0.201812190825/tools/compiler/bin/../lib/gcc/arm-none-eabi/7.3.1/../../../../arm-none-eabi/lib/thumb/v7e-m/fpv4-sp/hard/libm.a(lib_a-s_finite.o)
 .ARM.attributes
                0x00000000000005ac       0x34 /home/edward/Ac6/SystemWorkbench_old/plugins/fr.ac6.mcu.externaltools.arm-none.linux64_1.17.0.201812190825/tools/compiler/bin/../lib/gcc/arm-none-eabi/7.3.1/../../../../arm-none-eabi/lib/thumb/v7e-m/fpv4-sp/hard/libm.a(lib_a-s_lib_ver.o)
 .ARM.attributes
                0x00000000000005e0       0x34 /home/edward/Ac6/SystemWorkbench_old/plugins/fr.ac6.mcu.externaltools.arm-none.linux64_1.17.0.201812190825/tools/compiler/bin/../lib/gcc/arm-none-eabi/7.3.1/../../../../arm-none-eabi/lib/thumb/v7e-m/fpv4-sp/hard/libm.a(lib_a-s_matherr.o)
 .ARM.attributes
                0x0000000000000614       0x34 /home/edward/Ac6/SystemWorkbench_old/plugins/fr.ac6.mcu.externaltools.arm-none.linux64_1.17.0.201812190825/tools/compiler/bin/../lib/gcc/arm-none-eabi/7.3.1/../../../../arm-none-eabi/lib/thumb/v7e-m/fpv4-sp/hard/libm.a(lib_a-s_nan.o)
 .ARM.attributes
                0x0000000000000648       0x22 /home/edward/Ac6/SystemWorkbench_old/plugins/fr.ac6.mcu.externaltools.arm-none.linux64_1.17.0.201812190825/tools/compiler/bin/../lib/gcc/arm-none-eabi/7.3.1/thumb/v7e-m/fpv4-sp/hard/libgcc.a(_arm_addsubdf3.o)
 .ARM.attributes
                0x000000000000066a       0x22 /home/edward/Ac6/SystemWorkbench_old/plugins/fr.ac6.mcu.externaltools.arm-none.linux64_1.17.0.201812190825/tools/compiler/bin/../lib/gcc/arm-none-eabi/7.3.1/thumb/v7e-m/fpv4-sp/hard/libgcc.a(_arm_muldivdf3.o)
 .ARM.attributes
                0x000000000000068c       0x22 /home/edward/Ac6/SystemWorkbench_old/plugins/fr.ac6.mcu.externaltools.arm-none.linux64_1.17.0.201812190825/tools/compiler/bin/../lib/gcc/arm-none-eabi/7.3.1/thumb/v7e-m/fpv4-sp/hard/libgcc.a(_arm_cmpdf2.o)
 .ARM.attributes
                0x00000000000006ae       0x22 /home/edward/Ac6/SystemWorkbench_old/plugins/fr.ac6.mcu.externaltools.arm-none.linux64_1.17.0.201812190825/tools/compiler/bin/../lib/gcc/arm-none-eabi/7.3.1/thumb/v7e-m/fpv4-sp/hard/libgcc.a(_arm_unorddf2.o)
 .ARM.attributes
                0x00000000000006d0       0x22 /home/edward/Ac6/SystemWorkbench_old/plugins/fr.ac6.mcu.externaltools.arm-none.linux64_1.17.0.201812190825/tools/compiler/bin/../lib/gcc/arm-none-eabi/7.3.1/thumb/v7e-m/fpv4-sp/hard/libgcc.a(_arm_fixdfsi.o)
 .ARM.attributes
                0x00000000000006f2       0x22 /home/edward/Ac6/SystemWorkbench_old/plugins/fr.ac6.mcu.externaltools.arm-none.linux64_1.17.0.201812190825/tools/compiler/bin/../lib/gcc/arm-none-eabi/7.3.1/thumb/v7e-m/fpv4-sp/hard/libgcc.a(_aeabi_uldivmod.o)
 .ARM.attributes
                0x0000000000000714       0x34 /home/edward/Ac6/SystemWorkbench_old/plugins/fr.ac6.mcu.externaltools.arm-none.linux64_1.17.0.201812190825/tools/compiler/bin/../lib/gcc/arm-none-eabi/7.3.1/thumb/v7e-m/fpv4-sp/hard/libgcc.a(_udivmoddi4.o)
 .ARM.attributes
                0x0000000000000748       0x22 /home/edward/Ac6/SystemWorkbench_old/plugins/fr.ac6.mcu.externaltools.arm-none.linux64_1.17.0.201812190825/tools/compiler/bin/../lib/gcc/arm-none-eabi/7.3.1/thumb/v7e-m/fpv4-sp/hard/libgcc.a(_dvmd_tls.o)
 .ARM.attributes
                0x000000000000076a       0x34 /home/edward/Ac6/SystemWorkbench_old/plugins/fr.ac6.mcu.externaltools.arm-none.linux64_1.17.0.201812190825/tools/compiler/bin/../lib/gcc/arm-none-eabi/7.3.1/../../../../arm-none-eabi/lib/thumb/v7e-m/fpv4-sp/hard/libc.a(lib_a-errno.o)
 .ARM.attributes
                0x000000000000079e       0x34 /home/edward/Ac6/SystemWorkbench_old/plugins/fr.ac6.mcu.externaltools.arm-none.linux64_1.17.0.201812190825/tools/compiler/bin/../lib/gcc/arm-none-eabi/7.3.1/../../../../arm-none-eabi/lib/thumb/v7e-m/fpv4-sp/hard/libc.a(lib_a-impure.o)
 .ARM.attributes
                0x00000000000007d2       0x34 /home/edward/Ac6/SystemWorkbench_old/plugins/fr.ac6.mcu.externaltools.arm-none.linux64_1.17.0.201812190825/tools/compiler/bin/../lib/gcc/arm-none-eabi/7.3.1/../../../../arm-none-eabi/lib/thumb/v7e-m/fpv4-sp/hard/libc.a(lib_a-init.o)
 .ARM.attributes
                0x0000000000000806       0x20 /home/edward/Ac6/SystemWorkbench_old/plugins/fr.ac6.mcu.externaltools.arm-none.linux64_1.17.0.201812190825/tools/compiler/bin/../lib/gcc/arm-none-eabi/7.3.1/../../../../arm-none-eabi/lib/thumb/v7e-m/fpv4-sp/hard/libc.a(lib_a-memcpy.o)
 .ARM.attributes
                0x0000000000000826       0x34 /home/edward/Ac6/SystemWorkbench_old/plugins/fr.ac6.mcu.externaltools.arm-none.linux64_1.17.0.201812190825/tools/compiler/bin/../lib/gcc/arm-none-eabi/7.3.1/../../../../arm-none-eabi/lib/thumb/v7e-m/fpv4-sp/hard/libc.a(lib_a-memset.o)
 .ARM.attributes
                0x000000000000085a       0x34 /home/edward/Ac6/SystemWorkbench_old/plugins/fr.ac6.mcu.externaltools.arm-none.linux64_1.17.0.201812190825/tools/compiler/bin/../lib/gcc/arm-none-eabi/7.3.1/../../../../arm-none-eabi/lib/thumb/v7e-m/fpv4-sp/hard/libc.a(lib_a-printf.o)
 .ARM.attributes
                0x000000000000088e       0x34 /home/edward/Ac6/SystemWorkbench_old/plugins/fr.ac6.mcu.externaltools.arm-none.linux64_1.17.0.201812190825/tools/compiler/bin/../lib/gcc/arm-none-eabi/7.3.1/../../../../arm-none-eabi/lib/thumb/v7e-m/fpv4-sp/hard/libc.a(lib_a-puts.o)
 .ARM.attributes
                0x00000000000008c2       0x20 /home/edward/Ac6/SystemWorkbench_old/plugins/fr.ac6.mcu.externaltools.arm-none.linux64_1.17.0.201812190825/tools/compiler/bin/../lib/gcc/arm-none-eabi/7.3.1/../../../../arm-none-eabi/lib/thumb/v7e-m/fpv4-sp/hard/libc.a(lib_a-strlen.o)
 .ARM.attributes
                0x00000000000008e2       0x34 /home/edward/Ac6/SystemWorkbench_old/plugins/fr.ac6.mcu.externaltools.arm-none.linux64_1.17.0.201812190825/tools/compiler/bin/../lib/gcc/arm-none-eabi/7.3.1/../../../../arm-none-eabi/lib/thumb/v7e-m/fpv4-sp/hard/libc.a(lib_a-vfprintf.o)
 .ARM.attributes
                0x0000000000000916       0x34 /home/edward/Ac6/SystemWorkbench_old/plugins/fr.ac6.mcu.externaltools.arm-none.linux64_1.17.0.201812190825/tools/compiler/bin/../lib/gcc/arm-none-eabi/7.3.1/../../../../arm-none-eabi/lib/thumb/v7e-m/fpv4-sp/hard/libc.a(lib_a-wsetup.o)
 .ARM.attributes
                0x000000000000094a       0x34 /home/edward/Ac6/SystemWorkbench_old/plugins/fr.ac6.mcu.externaltools.arm-none.linux64_1.17.0.201812190825/tools/compiler/bin/../lib/gcc/arm-none-eabi/7.3.1/../../../../arm-none-eabi/lib/thumb/v7e-m/fpv4-sp/hard/libc.a(lib_a-__call_atexit.o)
 .ARM.attributes
                0x000000000000097e       0x34 /home/edward/Ac6/SystemWorkbench_old/plugins/fr.ac6.mcu.externaltools.arm-none.linux64_1.17.0.201812190825/tools/compiler/bin/../lib/gcc/arm-none-eabi/7.3.1/../../../../arm-none-eabi/lib/thumb/v7e-m/fpv4-sp/hard/libc.a(lib_a-atexit.o)
 .ARM.attributes
                0x00000000000009b2       0x34 /home/edward/Ac6/SystemWorkbench_old/plugins/fr.ac6.mcu.externaltools.arm-none.linux64_1.17.0.201812190825/tools/compiler/bin/../lib/gcc/arm-none-eabi/7.3.1/../../../../arm-none-eabi/lib/thumb/v7e-m/fpv4-sp/hard/libc.a(lib_a-dtoa.o)
 .ARM.attributes
                0x00000000000009e6       0x34 /home/edward/Ac6/SystemWorkbench_old/plugins/fr.ac6.mcu.externaltools.arm-none.linux64_1.17.0.201812190825/tools/compiler/bin/../lib/gcc/arm-none-eabi/7.3.1/../../../../arm-none-eabi/lib/thumb/v7e-m/fpv4-sp/hard/libc.a(lib_a-fflush.o)
 .ARM.attributes
                0x0000000000000a1a       0x34 /home/edward/Ac6/SystemWorkbench_old/plugins/fr.ac6.mcu.externaltools.arm-none.linux64_1.17.0.201812190825/tools/compiler/bin/../lib/gcc/arm-none-eabi/7.3.1/../../../../arm-none-eabi/lib/thumb/v7e-m/fpv4-sp/hard/libc.a(lib_a-findfp.o)
 .ARM.attributes
                0x0000000000000a4e       0x34 /home/edward/Ac6/SystemWorkbench_old/plugins/fr.ac6.mcu.externaltools.arm-none.linux64_1.17.0.201812190825/tools/compiler/bin/../lib/gcc/arm-none-eabi/7.3.1/../../../../arm-none-eabi/lib/thumb/v7e-m/fpv4-sp/hard/libc.a(lib_a-fini.o)
 .ARM.attributes
                0x0000000000000a82       0x34 /home/edward/Ac6/SystemWorkbench_old/plugins/fr.ac6.mcu.externaltools.arm-none.linux64_1.17.0.201812190825/tools/compiler/bin/../lib/gcc/arm-none-eabi/7.3.1/../../../../arm-none-eabi/lib/thumb/v7e-m/fpv4-sp/hard/libc.a(lib_a-freer.o)
 .ARM.attributes
                0x0000000000000ab6       0x34 /home/edward/Ac6/SystemWorkbench_old/plugins/fr.ac6.mcu.externaltools.arm-none.linux64_1.17.0.201812190825/tools/compiler/bin/../lib/gcc/arm-none-eabi/7.3.1/../../../../arm-none-eabi/lib/thumb/v7e-m/fpv4-sp/hard/libc.a(lib_a-fvwrite.o)
 .ARM.attributes
                0x0000000000000aea       0x34 /home/edward/Ac6/SystemWorkbench_old/plugins/fr.ac6.mcu.externaltools.arm-none.linux64_1.17.0.201812190825/tools/compiler/bin/../lib/gcc/arm-none-eabi/7.3.1/../../../../arm-none-eabi/lib/thumb/v7e-m/fpv4-sp/hard/libc.a(lib_a-fwalk.o)
 .ARM.attributes
                0x0000000000000b1e       0x34 /home/edward/Ac6/SystemWorkbench_old/plugins/fr.ac6.mcu.externaltools.arm-none.linux64_1.17.0.201812190825/tools/compiler/bin/../lib/gcc/arm-none-eabi/7.3.1/../../../../arm-none-eabi/lib/thumb/v7e-m/fpv4-sp/hard/libc.a(lib_a-localeconv.o)
 .ARM.attributes