Archive member included to satisfy reference by file (symbol)

/home/edward/Ac6/SystemWorkbench_old/plugins/fr.ac6.mcu.externaltools.arm-none.linux64_1.17.0.201812190825/tools/compiler/bin/../lib/gcc/arm-none-eabi/7.3.1/thumb/v7e-m/fpv4-sp/hard/libgcc.a(_aeabi_uldivmod.o)
                              HAL_Driver/Src/stm32l4xx_hal_uart.o (__aeabi_uldivmod)
/home/edward/Ac6/SystemWorkbench_old/plugins/fr.ac6.mcu.externaltools.arm-none.linux64_1.17.0.201812190825/tools/compiler/bin/../lib/gcc/arm-none-eabi/7.3.1/thumb/v7e-m/fpv4-sp/hard/libgcc.a(_udivmoddi4.o)
                              /home/edward/Ac6/SystemWorkbench_old/plugins/fr.ac6.mcu.externaltools.arm-none.linux64_1.17.0.201812190825/tools/compiler/bin/../lib/gcc/arm-none-eabi/7.3.1/thumb/v7e-m/fpv4-sp/hard/libgcc.a(_aeabi_uldivmod.o) (__udivmoddi4)
/home/edward/Ac6/SystemWorkbench_old/plugins/fr.ac6.mcu.externaltools.arm-none.linux64_1.17.0.201812190825/tools/compiler/bin/../lib/gcc/arm-none-eabi/7.3.1/thumb/v7e-m/fpv4-sp/hard/libgcc.a(_dvmd_tls.o)
                              /home/edward/Ac6/SystemWorkbench_old/plugins/fr.ac6.mcu.externaltools.arm-none.linux64_1.17.0.201812190825/tools/compiler/bin/../lib/gcc/arm-none-eabi/7.3.1/thumb/v7e-m/fpv4-sp/hard/libgcc.a(_aeabi_uldivmod.o) (__aeabi_ldiv0)
/home/edward/Ac6/SystemWorkbench_old/plugins/fr.ac6.mcu.externaltools.arm-none.linux64_1.17.0.201812190825/tools/compiler/bin/../lib/gcc/arm-none-eabi/7.3.1/../../../../arm-none-eabi/lib/thumb/v7e-m/fpv4-sp/hard/libc.a(lib_a-aeabi_memclr.o)
                              src/main.o (__aeabi_memclr4)
/home/edward/Ac6/SystemWorkbench_old/plugins/fr.ac6.mcu.externaltools.arm-none.linux64_1.17.0.201812190825/tools/compiler/bin/../lib/gcc/arm-none-eabi/7.3.1/../../../../arm-none-eabi/lib/thumb/v7e-m/fpv4-sp/hard/libc.a(lib_a-aeabi_memcpy.o)
                              Utilities/Components/m24sr/m24sr.o (__aeabi_memcpy)
/home/edward/Ac6/SystemWorkbench_old/plugins/fr.ac6.mcu.externaltools.arm-none.linux64_1.17.0.201812190825/tools/compiler/bin/../lib/gcc/arm-none-eabi/7.3.1/../../../../arm-none-eabi/lib/thumb/v7e-m/fpv4-sp/hard/libc.a(lib_a-aeabi_memset-soft.o)
                              /home/edward/Ac6/SystemWorkbench_old/plugins/fr.ac6.mcu.externaltools.arm-none.linux64_1.17.0.201812190825/tools/compiler/bin/../lib/gcc/arm-none-eabi/7.3.1/../../../../arm-none-eabi/lib/thumb/v7e-m/fpv4-sp/hard/libc.a(lib_a-aeabi_memclr.o) (__aeabi_memset)
/home/edward/Ac6/SystemWorkbench_old/plugins/fr.ac6.mcu.externaltools.arm-none.linux64_1.17.0.201812190825/tools/compiler/bin/../lib/gcc/arm-none-eabi/7.3.1/../../../../arm-none-eabi/lib/thumb/v7e-m/fpv4-sp/hard/libc.a(lib_a-errno.o)
                              src/syscalls.o (__errno)
/home/edward/Ac6/SystemWorkbench_old/plugins/fr.ac6.mcu.externaltools.arm-none.linux64_1.17.0.201812190825/tools/compiler/bin/../lib/gcc/arm-none-eabi/7.3.1/../../../../arm-none-eabi/lib/thumb/v7e-m/fpv4-sp/hard/libc.a(lib_a-exit.o)
                              /home/edward/Ac6/SystemWorkbench_old/plugins/fr.ac6.mcu.externaltools.arm-none.linux64_1.17.0.201812190825/tools/compiler/bin/../lib/gcc/arm-none-eabi/7.3.1/../../../../arm-none-eabi/lib/thumb/v7e-m/fpv4-sp/hard/crt0.o (exit)
/home/edward/Ac6/SystemWorkbench_old/plugins/fr.ac6.mcu.externaltools.arm-none.linux64_1.17.0.201812190825/tools/compiler/bin/../lib/gcc/arm-none-eabi/7.3.1/../../../../arm-none-eabi/lib/thumb/v7e-m/fpv4-sp/hard/libc.a(lib_a-impure.o)
                              /home/edward/Ac6/SystemWorkbench_old/plugins/fr.ac6.mcu.externaltools.arm-none.linux64_1.17.0.201812190825/tools/compiler/bin/../lib/gcc/arm-none-eabi/7.3.1/../../../../arm-none-eabi/lib/thumb/v7e-m/fpv4-sp/hard/libc.a(lib_a-exit.o) (_global_impure_ptr)
/home/edward/Ac6/SystemWorkbench_old/plugins/fr.ac6.mcu.externaltools.arm-none.linux64_1.17.0.201812190825/tools/compiler/bin/../lib/gcc/arm-none-eabi/7.3.1/../../../../arm-none-eabi/lib/thumb/v7e-m/fpv4-sp/hard/libc.a(lib_a-init.o)
                              /home/edward/Ac6/SystemWorkbench_old/plugins/fr.ac6.mcu.externaltools.arm-none.linux64_1.17.0.201812190825/tools/compiler/bin/../lib/gcc/arm-none-eabi/7.3.1/../../../../arm-none-eabi/lib/thumb/v7e-m/fpv4-sp/hard/crt0.o (__libc_init_array)
/home/edward/Ac6/SystemWorkbench_old/plugins/fr.ac6.mcu.externaltools.arm-none.linux64_1.17.0.201812190825/tools/compiler/bin/../lib/gcc/arm-none-eabi/7.3.1/../../../../arm-none-eabi/lib/thumb/v7e-m/fpv4-sp/hard/libc.a(lib_a-memcpy.o)
                              /home/edward/Ac6/SystemWorkbench_old/plugins/fr.ac6.mcu.externaltools.arm-none.linux64_1.17.0.201812190825/tools/compiler/bin/../lib/gcc/arm-none-eabi/7.3.1/../../../../arm-none-eabi/lib/thumb/v7e-m/fpv4-sp/hard/libc.a(lib_a-aeabi_memcpy.o) (memcpy)
/home/edward/Ac6/SystemWorkbench_old/plugins/fr.ac6.mcu.externaltools.arm-none.linux64_1.17.0.201812190825/tools/compiler/bin/../lib/gcc/arm-none-eabi/7.3.1/../../../../arm-none-eabi/lib/thumb/v7e-m/fpv4-sp/hard/libc.a(lib_a-memset.o)
[...]
Memory Configuration

Name             Origin             Length             Attributes
FLASH            0x0000000008000000 0x0000000000100000 xr
RAM_SS           0x0000000020004000 0x0000000000001000 xrw
RAM              0x0000000020000000 0x0000000000004000 xrw
RAM2             0x0000000010000000 0x0000000000004000 xrw
*default*        0x0000000000000000 0xffffffffffffffff

Linker script and memory map

LOAD /home/edward/Ac6/SystemWorkbench_old/plugins/fr.ac6.mcu.externaltools.arm-none.linux64_1.17.0.201812190825/tools/compiler/bin/../lib/gcc/arm-none-eabi/7.3.1/thumb/v7e-m/fpv4-sp/hard/crti.o
LOAD /home/edward/Ac6/SystemWorkbench_old/plugins/fr.ac6.mcu.externaltools.arm-none.linux64_1.17.0.201812190825/tools/compiler/bin/../lib/gcc/arm-none-eabi/7.3.1/thumb/v7e-m/fpv4-sp/hard/crtbegin.o
LOAD /home/edward/Ac6/SystemWorkbench_old/plugins/fr.ac6.mcu.externaltools.arm-none.linux64_1.17.0.201812190825/tools/compiler/bin/../lib/gcc/arm-none-eabi/7.3.1/../../../../arm-none-eabi/lib/thumb/v7e-m/fpv4-sp/hard/crt0.o
LOAD HAL_Driver/Src/Legacy/stm32l4xx_hal_can.o
LOAD HAL_Driver/Src/stm32l4xx_hal.o
LOAD HAL_Driver/Src/stm32l4xx_hal_adc.o
LOAD HAL_Driver/Src/stm32l4xx_hal_adc_ex.o
LOAD HAL_Driver/Src/stm32l4xx_hal_can.o
LOAD HAL_Driver/Src/stm32l4xx_hal_comp.o
LOAD HAL_Driver/Src/stm32l4xx_hal_cortex.o
LOAD HAL_Driver/Src/stm32l4xx_hal_crc.o
LOAD HAL_Driver/Src/stm32l4xx_hal_crc_ex.o
LOAD HAL_Driver/Src/stm32l4xx_hal_cryp.o
LOAD HAL_Driver/Src/stm32l4xx_hal_cryp_ex.o
LOAD HAL_Driver/Src/stm32l4xx_hal_dac.o
LOAD HAL_Driver/Src/stm32l4xx_hal_dac_ex.o
LOAD HAL_Driver/Src/stm32l4xx_hal_dcmi.o
LOAD HAL_Driver/Src/stm32l4xx_hal_dfsdm.o
LOAD HAL_Driver/Src/stm32l4xx_hal_dfsdm_ex.o
LOAD HAL_Driver/Src/stm32l4xx_hal_dma.o
LOAD HAL_Driver/Src/stm32l4xx_hal_dma2d.o
LOAD HAL_Driver/Src/stm32l4xx_hal_dma_ex.o
LOAD HAL_Driver/Src/stm32l4xx_hal_dsi.o
LOAD HAL_Driver/Src/stm32l4xx_hal_exti.o
LOAD HAL_Driver/Src/stm32l4xx_hal_firewall.o
LOAD HAL_Driver/Src/stm32l4xx_hal_flash.o
LOAD HAL_Driver/Src/stm32l4xx_hal_flash_ex.o
LOAD HAL_Driver/Src/stm32l4xx_hal_flash_ramfunc.o
LOAD HAL_Driver/Src/stm32l4xx_hal_gfxmmu.o
LOAD HAL_Driver/Src/stm32l4xx_hal_gpio.o
LOAD HAL_Driver/Src/stm32l4xx_hal_hash.o
LOAD HAL_Driver/Src/stm32l4xx_hal_hash_ex.o
LOAD HAL_Driver/Src/stm32l4xx_hal_hcd.o
LOAD HAL_Driver/Src/stm32l4xx_hal_i2c.o
LOAD HAL_Driver/Src/stm32l4xx_hal_i2c_ex.o
LOAD HAL_Driver/Src/stm32l4xx_hal_irda.o
LOAD HAL_Driver/Src/stm32l4xx_hal_iwdg.o
LOAD HAL_Driver/Src/stm32l4xx_hal_lcd.o
LOAD HAL_Driver/Src/stm32l4xx_hal_lptim.o
LOAD HAL_Driver/Src/stm32l4xx_hal_ltdc.o
LOAD HAL_Driver/Src/stm32l4xx_hal_ltdc_ex.o
LOAD HAL_Driver/Src/stm32l4xx_hal_nand.o
LOAD HAL_Driver/Src/stm32l4xx_hal_nor.o
LOAD HAL_Driver/Src/stm32l4xx_hal_opamp.o
LOAD HAL_Driver/Src/stm32l4xx_hal_opamp_ex.o
LOAD HAL_Driver/Src/stm32l4xx_hal_ospi.o
LOAD HAL_Driver/Src/stm32l4xx_hal_pcd.o
LOAD HAL_Driver/Src/stm32l4xx_hal_pcd_ex.o
LOAD HAL_Driver/Src/stm32l4xx_hal_pwr.o
LOAD HAL_Driver/Src/stm32l4xx_hal_pwr_ex.o
LOAD HAL_Driver/Src/stm32l4xx_hal_qspi.o
LOAD HAL_Driver/Src/stm32l4xx_hal_rcc.o
LOAD HAL_Driver/Src/stm32l4xx_hal_rcc_ex.o
LOAD HAL_Driver/Src/stm32l4xx_hal_rng.o
LOAD HAL_Driver/Src/stm32l4xx_hal_rtc.o
LOAD HAL_Driver/Src/stm32l4xx_hal_rtc_ex.o
LOAD HAL_Driver/Src/stm32l4xx_hal_sai.o
LOAD HAL_Driver/Src/stm32l4xx_hal_sai_ex.o
LOAD HAL_Driver/Src/stm32l4xx_hal_sd.o
LOAD HAL_Driver/Src/stm32l4xx_hal_sd_ex.o
LOAD HAL_Driver/Src/stm32l4xx_hal_smartcard.o
LOAD HAL_Driver/Src/stm32l4xx_hal_smartcard_ex.o
LOAD HAL_Driver/Src/stm32l4xx_hal_smbus.o
LOAD HAL_Driver/Src/stm32l4xx_hal_spi.o
LOAD HAL_Driver/Src/stm32l4xx_hal_spi_ex.o
LOAD HAL_Driver/Src/stm32l4xx_hal_sram.o
LOAD HAL_Driver/Src/stm32l4xx_hal_swpmi.o
LOAD HAL_Driver/Src/stm32l4xx_hal_tim.o
LOAD HAL_Driver/Src/stm32l4xx_hal_tim_ex.o
LOAD HAL_Driver/Src/stm32l4xx_hal_timebase_tim_template.o
LOAD HAL_Driver/Src/stm32l4xx_hal_tsc.o
LOAD HAL_Driver/Src/stm32l4xx_hal_uart.o
LOAD HAL_Driver/Src/stm32l4xx_hal_uart_ex.o
LOAD HAL_Driver/Src/stm32l4xx_hal_usart.o
LOAD HAL_Driver/Src/stm32l4xx_hal_usart_ex.o
LOAD HAL_Driver/Src/stm32l4xx_hal_wwdg.o
LOAD HAL_Driver/Src/stm32l4xx_ll_adc.o
LOAD HAL_Driver/Src/stm32l4xx_ll_comp.o
LOAD HAL_Driver/Src/stm32l4xx_ll_crc.o
LOAD HAL_Driver/Src/stm32l4xx_ll_crs.o
LOAD HAL_Driver/Src/stm32l4xx_ll_dac.o
LOAD HAL_Driver/Src/stm32l4xx_ll_dma.o
LOAD HAL_Driver/Src/stm32l4xx_ll_dma2d.o
LOAD HAL_Driver/Src/stm32l4xx_ll_exti.o
LOAD HAL_Driver/Src/stm32l4xx_ll_fmc.o
LOAD HAL_Driver/Src/stm32l4xx_ll_gpio.o
LOAD HAL_Driver/Src/stm32l4xx_ll_i2c.o
LOAD HAL_Driver/Src/stm32l4xx_ll_lptim.o
LOAD HAL_Driver/Src/stm32l4xx_ll_lpuart.o
LOAD HAL_Driver/Src/stm32l4xx_ll_opamp.o
LOAD HAL_Driver/Src/stm32l4xx_ll_pwr.o
LOAD HAL_Driver/Src/stm32l4xx_ll_rcc.o
LOAD HAL_Driver/Src/stm32l4xx_ll_rng.o
LOAD HAL_Driver/Src/stm32l4xx_ll_rtc.o
LOAD HAL_Driver/Src/stm32l4xx_ll_sdmmc.o
LOAD HAL_Driver/Src/stm32l4xx_ll_spi.o
LOAD HAL_Driver/Src/stm32l4xx_ll_swpmi.o
LOAD HAL_Driver/Src/stm32l4xx_ll_tim.o
LOAD HAL_Driver/Src/stm32l4xx_ll_usart.o
LOAD HAL_Driver/Src/stm32l4xx_ll_usb.o
LOAD HAL_Driver/Src/stm32l4xx_ll_utils.o
LOAD Utilities/B-L475E-IOT01/stm32l475e_iot01.o
LOAD Utilities/B-L475E-IOT01/stm32l475e_iot01_accelero.o
LOAD Utilities/B-L475E-IOT01/stm32l475e_iot01_gyro.o
LOAD Utilities/B-L475E-IOT01/stm32l475e_iot01_hsensor.o
LOAD Utilities/B-L475E-IOT01/stm32l475e_iot01_magneto.o
LOAD Utilities/B-L475E-IOT01/stm32l475e_iot01_psensor.o
LOAD Utilities/B-L475E-IOT01/stm32l475e_iot01_qspi.o
LOAD Utilities/B-L475E-IOT01/stm32l475e_iot01_tsensor.o
LOAD Utilities/Components/cs42l51/cs42l51.o
LOAD Utilities/Components/cs43l22/cs43l22.o
LOAD Utilities/Components/ft3x67/ft3x67.o
LOAD Utilities/Components/ft5336/ft5336.o
LOAD Utilities/Components/ft6x06/ft6x06.o
LOAD Utilities/Components/hts221/hts221.o
LOAD Utilities/Components/hx8347g/hx8347g.o
LOAD Utilities/Components/l3gd20/l3gd20.o
LOAD Utilities/Components/lis3mdl/lis3mdl.o
LOAD Utilities/Components/lps22hb/lps22hb.o
LOAD Utilities/Components/ls016b8uy/ls016b8uy.o
LOAD Utilities/Components/lsm303c/lsm303c.o
LOAD Utilities/Components/lsm303dlhc/lsm303dlhc.o
LOAD Utilities/Components/lsm6dsl/lsm6dsl.o
LOAD Utilities/Components/m24sr/m24sr.o
LOAD Utilities/Components/mfxstm32l152/mfxstm32l152.o
LOAD Utilities/Components/ov9655/ov9655.o
LOAD Utilities/Components/st7735/st7735.o
LOAD Utilities/Components/st7789h2/st7789h2.o
LOAD Utilities/Components/stmpe1600/stmpe1600.o
LOAD Utilities/Components/stmpe811/stmpe811.o
LOAD Utilities/Components/wm8994/wm8994.o
LOAD src/arcfour.o
LOAD src/main.o
LOAD src/mpu.o
LOAD src/stm32l4xx_hal_msp.o
LOAD src/stm32l4xx_it.o
LOAD src/syscalls.o
LOAD src/system_stm32l4xx.o
LOAD startup/startup_stm32l475xx.o
LOAD /home/edward/Ac6/SystemWorkbench_old/plugins/fr.ac6.mcu.externaltools.arm-none.linux64_1.17.0.201812190825/tools/compiler/bin/../lib/gcc/arm-none-eabi/7.3.1/../../../../arm-none-eabi/lib/thumb/v7e-m/fpv4-sp/hard/libm.a
START GROUP
LOAD /home/edward/Ac6/SystemWorkbench_old/plugins/fr.ac6.mcu.externaltools.arm-none.linux64_1.17.0.201812190825/tools/compiler/bin/../lib/gcc/arm-none-eabi/7.3.1/thumb/v7e-m/fpv4-sp/hard/libgcc.a
LOAD /home/edward/Ac6/SystemWorkbench_old/plugins/fr.ac6.mcu.externaltools.arm-none.linux64_1.17.0.201812190825/tools/compiler/bin/../lib/gcc/arm-none-eabi/7.3.1/../../../../arm-none-eabi/lib/thumb/v7e-m/fpv4-sp/hard/libc.a
END GROUP
LOAD /home/edward/Ac6/SystemWorkbench_old/plugins/fr.ac6.mcu.externaltools.arm-none.linux64_1.17.0.201812190825/tools/compiler/bin/../lib/gcc/arm-none-eabi/7.3.1/thumb/v7e-m/fpv4-sp/hard/crtend.o
LOAD /home/edward/Ac6/SystemWorkbench_old/plugins/fr.ac6.mcu.externaltools.arm-none.linux64_1.17.0.201812190825/tools/compiler/bin/../lib/gcc/arm-none-eabi/7.3.1/thumb/v7e-m/fpv4-sp/hard/crtn.o
                0x0000000020003ffc                _estack = 0x20003ffc
                0x0000000020005000                _esstack = 0x20005000
                0x0000000000001004                _offset_sstack = (_esstack - _estack)
                0x0000000000000200                _Min_Heap_Size = 0x200
                0x0000000000000400                _Min_Stack_Size = 0x400

.isr_vector     0x0000000008000000      0x188
                0x0000000008000000                . = ALIGN (0x8)
 *(.isr_vector)
 .isr_vector    0x0000000008000000      0x188 startup/startup_stm32l475xx.o
                0x0000000008000000                g_pfnVectors
                0x0000000008000188                . = ALIGN (0x8)

.text           0x00000000080001c0     0x7d58
                0x00000000080001c0                . = ALIGN (0x8)
 *(.text)
 .text          0x00000000080001c0       0x40 /home/edward/Ac6/SystemWorkbench_old/plugins/fr.ac6.mcu.externaltools.arm-none.linux64_1.17.0.201812190825/tools/compiler/bin/../lib/gcc/arm-none-eabi/7.3.1/thumb/v7e-m/fpv4-sp/hard/crtbegin.o
 .text          0x0000000008000200       0x30 /home/edward/Ac6/SystemWorkbench_old/plugins/fr.ac6.mcu.externaltools.arm-none.linux64_1.17.0.201812190825/tools/compiler/bin/../lib/gcc/arm-none-eabi/7.3.1/thumb/v7e-m/fpv4-sp/hard/libgcc.a(_aeabi_uldivmod.o)
                0x0000000008000200                __aeabi_uldivmod
 .text          0x0000000008000230      0x2cc /home/edward/Ac6/SystemWorkbench_old/plugins/fr.ac6.mcu.externaltools.arm-none.linux64_1.17.0.201812190825/tools/compiler/bin/../lib/gcc/arm-none-eabi/7.3.1/thumb/v7e-m/fpv4-sp/hard/libgcc.a(_udivmoddi4.o)
                0x0000000008000230                __udivmoddi4
 .text          0x00000000080004fc        0x4 /home/edward/Ac6/SystemWorkbench_old/plugins/fr.ac6.mcu.externaltools.arm-none.linux64_1.17.0.201812190825/tools/compiler/bin/../lib/gcc/arm-none-eabi/7.3.1/thumb/v7e-m/fpv4-sp/hard/libgcc.a(_dvmd_tls.o)
                0x00000000080004fc                __aeabi_ldiv0
                0x00000000080004fc                __aeabi_idiv0
 .text          0x0000000008000500       0x9a /home/edward/Ac6/SystemWorkbench_old/plugins/fr.ac6.mcu.externaltools.arm-none.linux64_1.17.0.201812190825/tools/compiler/bin/../lib/gcc/arm-none-eabi/7.3.1/../../../../arm-none-eabi/lib/thumb/v7e-m/fpv4-sp/hard/libc.a(lib_a-aeabi_memset-soft.o)
                0x0000000008000500                __aeabi_memset
                0x0000000008000500                __aeabi_memset8
                0x0000000008000500                __aeabi_memset4
 *fill*         0x000000000800059a        0x2 
 .text          0x000000000800059c      0x134 /home/edward/Ac6/SystemWorkbench_old/plugins/fr.ac6.mcu.externaltools.arm-none.linux64_1.17.0.201812190825/tools/compiler/bin/../lib/gcc/arm-none-eabi/7.3.1/../../../../arm-none-eabi/lib/thumb/v7e-m/fpv4-sp/hard/libc.a(lib_a-memcpy.o)
                0x000000000800059c                memcpy
 *fill*         0x00000000080006d0       0x30 
 .text          0x0000000008000700       0xdc /home/edward/Ac6/SystemWorkbench_old/plugins/fr.ac6.mcu.externaltools.arm-none.linux64_1.17.0.201812190825/tools/compiler/bin/../lib/gcc/arm-none-eabi/7.3.1/../../../../arm-none-eabi/lib/thumb/v7e-m/fpv4-sp/hard/libc.a(lib_a-strlen.o)
                0x0000000008000700                strlen
 *fill*         0x00000000080007dc        0x4 
 .text          0x00000000080007e0       0xa0 /home/edward/Ac6/SystemWorkbench_old/plugins/fr.ac6.mcu.externaltools.arm-none.linux64_1.17.0.201812190825/tools/compiler/bin/../lib/gcc/arm-none-eabi/7.3.1/../../../../arm-none-eabi/lib/thumb/v7e-m/fpv4-sp/hard/libc.a(lib_a-memchr.o)
                0x00000000080007e0                memchr
 .text          0x0000000008000880      0x378 /home/edward/Ac6/SystemWorkbench_old/plugins/fr.ac6.mcu.externaltools.arm-none.linux64_1.17.0.201812190825/tools/compiler/bin/../lib/gcc/arm-none-eabi/7.3.1/thumb/v7e-m/fpv4-sp/hard/libgcc.a(_arm_addsubdf3.o)
                0x0000000008000880                __aeabi_drsub
                0x0000000008000888                __aeabi_dsub
                0x0000000008000888                __subdf3
                0x000000000800088c                __adddf3
                0x000000000800088c                __aeabi_dadd
                0x0000000008000b04                __aeabi_ui2d
                0x0000000008000b04                __floatunsidf
                0x0000000008000b24                __floatsidf
                0x0000000008000b24                __aeabi_i2d
                0x0000000008000b48                __extendsfdf2
                0x0000000008000b48                __aeabi_f2d
                0x0000000008000b8c                __aeabi_ul2d
                0x0000000008000b8c                __floatundidf
                0x0000000008000b9c                __floatdidf
                0x0000000008000b9c                __aeabi_l2d
 .text          0x0000000008000bf8      0x424 /home/edward/Ac6/SystemWorkbench_old/plugins/fr.ac6.mcu.externaltools.arm-none.linux64_1.17.0.201812190825/tools/compiler/bin/../lib/gcc/arm-none-eabi/7.3.1/thumb/v7e-m/fpv4-sp/hard/libgcc.a(_arm_muldivdf3.o)
                0x0000000008000bf8                __aeabi_dmul
                0x0000000008000bf8                __muldf3
                0x0000000008000e4c                __aeabi_ddiv
                0x0000000008000e4c                __divdf3
 .text          0x000000000800101c      0x110 /home/edward/Ac6/SystemWorkbench_old/plugins/fr.ac6.mcu.externaltools.arm-none.linux64_1.17.0.201812190825/tools/compiler/bin/../lib/gcc/arm-none-eabi/7.3.1/thumb/v7e-m/fpv4-sp/hard/libgcc.a(_arm_cmpdf2.o)
                0x000000000800101c                __gtdf2
                0x000000000800101c                __gedf2
                0x0000000008001024                __ltdf2
                0x0000000008001024                __ledf2
                0x000000000800102c                __cmpdf2
                0x000000000800102c                __eqdf2
                0x000000000800102c                __nedf2
                0x00000000080010a8                __aeabi_cdrcmple
                0x00000000080010b8                __aeabi_cdcmple
                0x00000000080010b8                __aeabi_cdcmpeq
                0x00000000080010c8                __aeabi_dcmpeq
                0x00000000080010dc                __aeabi_dcmplt
                0x00000000080010f0                __aeabi_dcmple
                0x0000000008001104                __aeabi_dcmpge
                0x0000000008001118                __aeabi_dcmpgt
 .text          0x000000000800112c       0x2c /home/edward/Ac6/SystemWorkbench_old/plugins/fr.ac6.mcu.externaltools.arm-none.linux64_1.17.0.201812190825/tools/compiler/bin/../lib/gcc/arm-none-eabi/7.3.1/thumb/v7e-m/fpv4-sp/hard/libgcc.a(_arm_unorddf2.o)
                0x000000000800112c                __aeabi_dcmpun
                0x000000000800112c                __unorddf2
 .text          0x0000000008001158       0x50 /home/edward/Ac6/SystemWorkbench_old/plugins/fr.ac6.mcu.externaltools.arm-none.linux64_1.17.0.201812190825/tools/compiler/bin/../lib/gcc/arm-none-eabi/7.3.1/thumb/v7e-m/fpv4-sp/hard/libgcc.a(_arm_fixdfsi.o)
                0x0000000008001158                __fixdfsi
                0x0000000008001158                __aeabi_d2iz
 *(.text*)
 .text.HAL_Init
                0x00000000080011a8       0x20 HAL_Driver/Src/stm32l4xx_hal.o
                0x00000000080011a8                HAL_Init
 .text.HAL_IncTick
                0x00000000080011c8       0x10 HAL_Driver/Src/stm32l4xx_hal.o
                0x00000000080011c8                HAL_IncTick
 .text.HAL_GetTick
                0x00000000080011d8        0xc HAL_Driver/Src/stm32l4xx_hal.o
                0x00000000080011d8                HAL_GetTick
 .text.HAL_NVIC_SetPriorityGrouping
                0x00000000080011e4       0x20 HAL_Driver/Src/stm32l4xx_hal_cortex.o
                0x00000000080011e4                HAL_NVIC_SetPriorityGrouping
 .text.HAL_NVIC_SetPriority
                0x0000000008001204       0x66 HAL_Driver/Src/stm32l4xx_hal_cortex.o
                0x0000000008001204                HAL_NVIC_SetPriority
 .text.HAL_NVIC_EnableIRQ
                0x000000000800126a       0x1a HAL_Driver/Src/stm32l4xx_hal_cortex.o
                0x000000000800126a                HAL_NVIC_EnableIRQ
 .text.HAL_GPIO_Init
                0x0000000008001284      0x1d0 HAL_Driver/Src/stm32l4xx_hal_gpio.o
                0x0000000008001284                HAL_GPIO_Init
 .text.HAL_PWREx_GetVoltageRange
                0x0000000008001454       0x12 HAL_Driver/Src/stm32l4xx_hal_pwr_ex.o
                0x0000000008001454                HAL_PWREx_GetVoltageRange
 .text.HAL_PWREx_ControlVoltageScaling
                0x0000000008001466       0x74 HAL_Driver/Src/stm32l4xx_hal_pwr_ex.o
                0x0000000008001466                HAL_PWREx_ControlVoltageScaling
 .text.HAL_RCC_OscConfig
                0x00000000080014da      0x726 HAL_Driver/Src/stm32l4xx_hal_rcc.o
                0x00000000080014da                HAL_RCC_OscConfig
 .text.HAL_RCC_GetSysClockFreq
                0x0000000008001c00       0xbe HAL_Driver/Src/stm32l4xx_hal_rcc.o
                0x0000000008001c00                HAL_RCC_GetSysClockFreq
 .text.HAL_RCC_ClockConfig
                0x0000000008001cbe      0x216 HAL_Driver/Src/stm32l4xx_hal_rcc.o
                0x0000000008001cbe                HAL_RCC_ClockConfig
 .text.HAL_RCC_GetPCLK1Freq
                0x0000000008001ed4       0x2a HAL_Driver/Src/stm32l4xx_hal_rcc.o
                0x0000000008001ed4                HAL_RCC_GetPCLK1Freq
 .text.HAL_RCC_GetPCLK2Freq
                0x0000000008001efe       0x2a HAL_Driver/Src/stm32l4xx_hal_rcc.o
                0x0000000008001efe                HAL_RCC_GetPCLK2Freq
 .text.HAL_RCC_GetClockConfig
                0x0000000008001f28       0x42 HAL_Driver/Src/stm32l4xx_hal_rcc.o
                0x0000000008001f28                HAL_RCC_GetClockConfig
 .text.HAL_TIM_Base_Init
                0x0000000008001f6a      0x140 HAL_Driver/Src/stm32l4xx_hal_tim.o
                0x0000000008001f6a                HAL_TIM_Base_Init
 .text.HAL_TIM_Base_MspInit
                0x00000000080020aa        0x2 HAL_Driver/Src/stm32l4xx_hal_tim.o
                0x00000000080020aa                HAL_TIM_Base_MspInit
 .text.HAL_TIM_Base_Start_IT
                0x00000000080020ac       0x2e HAL_Driver/Src/stm32l4xx_hal_tim.o
                0x00000000080020ac                HAL_TIM_Base_Start_IT
 .text.HAL_TIM_IRQHandler
                0x00000000080020da      0x192 HAL_Driver/Src/stm32l4xx_hal_tim.o
                0x00000000080020da                HAL_TIM_IRQHandler
 .text.HAL_TIM_IC_CaptureCallback
                0x000000000800226c        0x2 HAL_Driver/Src/stm32l4xx_hal_tim.o
                0x000000000800226c                HAL_TIM_IC_CaptureCallback
 .text.HAL_TIM_OC_DelayElapsedCallback
                0x000000000800226e        0x2 HAL_Driver/Src/stm32l4xx_hal_tim.o
                0x000000000800226e                HAL_TIM_OC_DelayElapsedCallback
 .text.HAL_TIM_PWM_PulseFinishedCallback
                0x0000000008002270        0x2 HAL_Driver/Src/stm32l4xx_hal_tim.o
                0x0000000008002270                HAL_TIM_PWM_PulseFinishedCallback
 .text.HAL_TIM_TriggerCallback
                0x0000000008002272        0x2 HAL_Driver/Src/stm32l4xx_hal_tim.o
                0x0000000008002272                HAL_TIM_TriggerCallback
 .text.HAL_TIMEx_CommutationCallback
                0x0000000008002274        0x2 HAL_Driver/Src/stm32l4xx_hal_tim_ex.o
                0x0000000008002274                HAL_TIMEx_CommutationCallback
 .text.HAL_TIMEx_BreakCallback
                0x0000000008002276        0x2 HAL_Driver/Src/stm32l4xx_hal_tim_ex.o
                0x0000000008002276                HAL_TIMEx_BreakCallback
 .text.HAL_TIMEx_Break2Callback
                0x0000000008002278        0x2 HAL_Driver/Src/stm32l4xx_hal_tim_ex.o
                0x0000000008002278                HAL_TIMEx_Break2Callback
 .text.HAL_InitTick
                0x000000000800227a       0x9c HAL_Driver/Src/stm32l4xx_hal_timebase_tim_template.o
                0x000000000800227a                HAL_InitTick
 .text.HAL_TIM_PeriodElapsedCallback
                0x0000000008002316        0x4 HAL_Driver/Src/stm32l4xx_hal_timebase_tim_template.o
                0x0000000008002316                HAL_TIM_PeriodElapsedCallback
 .text.TIM6_DAC_IRQHandler
                0x000000000800231a        0xc HAL_Driver/Src/stm32l4xx_hal_timebase_tim_template.o
                0x000000000800231a                TIM6_DAC_IRQHandler
 .text.HAL_UART_Init
                0x0000000008002326       0x62 HAL_Driver/Src/stm32l4xx_hal_uart.o
                0x0000000008002326                HAL_UART_Init
 .text.HAL_UART_MspInit
                0x0000000008002388        0x4 HAL_Driver/Src/stm32l4xx_hal_uart.o
                0x0000000008002388                HAL_UART_MspInit
 .text.UART_SetConfig
                0x000000000800238c      0x262 HAL_Driver/Src/stm32l4xx_hal_uart.o
                0x000000000800238c                UART_SetConfig
 .text.UART_AdvFeatureConfig
                0x00000000080025ee       0xd6 HAL_Driver/Src/stm32l4xx_hal_uart.o
                0x00000000080025ee                UART_AdvFeatureConfig
 .text.UART_CheckIdleState
                0x00000000080026c4       0x92 HAL_Driver/Src/stm32l4xx_hal_uart.o
                0x00000000080026c4                UART_CheckIdleState
 .text.HAL_UART_Transmit
                0x0000000008002756      0x190 HAL_Driver/Src/stm32l4xx_hal_uart.o
                0x0000000008002756                HAL_UART_Transmit
 .text.BSP_COM_Init
                0x00000000080028e6       0xa2 Utilities/B-L475E-IOT01/stm32l475e_iot01.o
                0x00000000080028e6                BSP_COM_Init
 .text.initialise_benchmark
                0x0000000008002988        0x4 src/arcfour.o
                0x0000000008002988                initialise_benchmark
 .text.benchmark
                0x000000000800298c      0x1c6 src/arcfour.o
                0x000000000800298c                benchmark
 .text.verify_benchmark
                0x0000000008002b52      0x104 src/arcfour.o
                0x0000000008002b52                verify_benchmark
 .text.__io_putchar
                0x0000000008002c56       0x34 src/main.o
                0x0000000008002c56                __io_putchar
 .text.main     0x0000000008002c8a      0x14c src/main.o
                0x0000000008002c8a                main
 .text.initMPU  0x0000000008002dd6      0x1b8 src/mpu.o
                0x0000000008002dd6                initMPU
 .text.HAL_MspInit
                0x0000000008002f8e       0x32 src/stm32l4xx_hal_msp.o
                0x0000000008002f8e                HAL_MspInit
 .text.NMI_Handler
                0x0000000008002fc0        0x4 src/stm32l4xx_it.o
                0x0000000008002fc0                NMI_Handler
 .text.HardFault_Handler
                0x0000000008002fc4        0x4 src/stm32l4xx_it.o
                0x0000000008002fc4                HardFault_Handler
 .text.MemManage_Handler
                0x0000000008002fc8        0x4 src/stm32l4xx_it.o
                0x0000000008002fc8                MemManage_Handler
 .text.BusFault_Handler
                0x0000000008002fcc        0x4 src/stm32l4xx_it.o
                0x0000000008002fcc                BusFault_Handler
 .text.UsageFault_Handler
                0x0000000008002fd0        0x4 src/stm32l4xx_it.o
                0x0000000008002fd0                UsageFault_Handler
 .text.SVC_Handler
                0x0000000008002fd4        0x4 src/stm32l4xx_it.o
                0x0000000008002fd4                SVC_Handler
 .text.DebugMon_Handler
                0x0000000008002fd8        0x4 src/stm32l4xx_it.o
                0x0000000008002fd8                DebugMon_Handler
 .text.PendSV_Handler
                0x0000000008002fdc        0x4 src/stm32l4xx_it.o
                0x0000000008002fdc                PendSV_Handler
 .text.SysTick_Handler
                0x0000000008002fe0        0x4 src/stm32l4xx_it.o
                0x0000000008002fe0                SysTick_Handler
 .text._read    0x0000000008002fe4       0x3c src/syscalls.o
                0x0000000008002fe4                _read
 .text._write   0x0000000008003020       0x38 src/syscalls.o
                0x0000000008003020                _write
 .text._sbrk    0x0000000008003058       0x54 src/syscalls.o
                0x0000000008003058                _sbrk
 .text._close   0x00000000080030ac        0x8 src/syscalls.o
                0x00000000080030ac                _close
 .text._fstat   0x00000000080030b4        0xe src/syscalls.o
                0x00000000080030b4                _fstat
 .text._isatty  0x00000000080030c2        0x6 src/syscalls.o
                0x00000000080030c2                _isatty
 .text._lseek   0x00000000080030c8        0x6 src/syscalls.o
                0x00000000080030c8                _lseek
 .text.SystemInit
                0x00000000080030ce       0x52 src/system_stm32l4xx.o
                0x00000000080030ce                SystemInit
 .text.Reset_Handler
                0x0000000008003120       0x50 startup/startup_stm32l475xx.o
                0x0000000008003120                Reset_Handler
 .text.Default_Handler
                0x0000000008003170        0x2 startup/startup_stm32l475xx.o
                0x0000000008003170                RTC_Alarm_IRQHandler
                0x0000000008003170                EXTI2_IRQHandler
                0x0000000008003170                TIM8_TRG_COM_IRQHandler
                0x0000000008003170                TIM8_CC_IRQHandler
                0x0000000008003170                TIM1_CC_IRQHandler
                0x0000000008003170                TSC_IRQHandler
                0x0000000008003170                TAMP_STAMP_IRQHandler
                0x0000000008003170                EXTI3_IRQHandler
                0x0000000008003170                LPTIM2_IRQHandler
                0x0000000008003170                DFSDM1_FLT1_IRQHandler
                0x0000000008003170                I2C3_ER_IRQHandler
                0x0000000008003170                DFSDM1_FLT2_IRQHandler
                0x0000000008003170                EXTI0_IRQHandler
                0x0000000008003170                I2C2_EV_IRQHandler
                0x0000000008003170                CAN1_RX0_IRQHandler
                0x0000000008003170                FPU_IRQHandler
                0x0000000008003170                TIM1_UP_TIM16_IRQHandler
                0x0000000008003170                ADC1_2_IRQHandler
                0x0000000008003170                SPI1_IRQHandler
                0x0000000008003170                TIM8_UP_IRQHandler
                0x0000000008003170                DMA2_Channel2_IRQHandler
                0x0000000008003170                DMA1_Channel4_IRQHandler
                0x0000000008003170                SAI2_IRQHandler
                0x0000000008003170                DFSDM1_FLT3_IRQHandler
                0x0000000008003170                USART3_IRQHandler
                0x0000000008003170                DMA1_Channel7_IRQHandler
                0x0000000008003170                CAN1_RX1_IRQHandler
                0x0000000008003170                UART5_IRQHandler
                0x0000000008003170                ADC3_IRQHandler
                0x0000000008003170                TIM4_IRQHandler
                0x0000000008003170                DMA2_Channel1_IRQHandler
                0x0000000008003170                QUADSPI_IRQHandler
                0x0000000008003170                I2C1_EV_IRQHandler
                0x0000000008003170                DMA1_Channel6_IRQHandler
                0x0000000008003170                UART4_IRQHandler
                0x0000000008003170                DMA2_Channel4_IRQHandler
                0x0000000008003170                TIM3_IRQHandler
                0x0000000008003170                RCC_IRQHandler
                0x0000000008003170                DMA1_Channel1_IRQHandler
                0x0000000008003170                Default_Handler
                0x0000000008003170                DMA2_Channel7_IRQHandler
                0x0000000008003170                EXTI15_10_IRQHandler
                0x0000000008003170                TIM7_IRQHandler
                0x0000000008003170                SDMMC1_IRQHandler
                0x0000000008003170                TIM5_IRQHandler
                0x0000000008003170                I2C3_EV_IRQHandler
                0x0000000008003170                EXTI9_5_IRQHandler
                0x0000000008003170                RTC_WKUP_IRQHandler
                0x0000000008003170                PVD_PVM_IRQHandler
                0x0000000008003170                SPI2_IRQHandler
                0x0000000008003170                CAN1_TX_IRQHandler
                0x0000000008003170                DMA2_Channel5_IRQHandler
                0x0000000008003170                DMA1_Channel5_IRQHandler
                0x0000000008003170                EXTI4_IRQHandler
                0x0000000008003170                RNG_IRQHandler
                0x0000000008003170                TIM1_TRG_COM_TIM17_IRQHandler
                0x0000000008003170                DMA1_Channel3_IRQHandler
                0x0000000008003170                COMP_IRQHandler
                0x0000000008003170                WWDG_IRQHandler
                0x0000000008003170                LPUART1_IRQHandler
                0x0000000008003170                DMA2_Channel6_IRQHandler
                0x0000000008003170                TIM2_IRQHandler
                0x0000000008003170                EXTI1_IRQHandler
                0x0000000008003170                USART2_IRQHandler
                0x0000000008003170                DFSDM1_FLT0_IRQHandler
                0x0000000008003170                I2C2_ER_IRQHandler
                0x0000000008003170                DMA1_Channel2_IRQHandler
                0x0000000008003170                TIM8_BRK_IRQHandler
                0x0000000008003170                CAN1_SCE_IRQHandler
                0x0000000008003170                FLASH_IRQHandler
                0x0000000008003170                USART1_IRQHandler
                0x0000000008003170                OTG_FS_IRQHandler
                0x0000000008003170                SPI3_IRQHandler
                0x0000000008003170                I2C1_ER_IRQHandler
                0x0000000008003170                FMC_IRQHandler
                0x0000000008003170                SWPMI1_IRQHandler
                0x0000000008003170                LPTIM1_IRQHandler
                0x0000000008003170                SAI1_IRQHandler
                0x0000000008003170                DMA2_Channel3_IRQHandler
                0x0000000008003170                TIM1_BRK_TIM15_IRQHandler
 *fill*         0x0000000008003172        0x2 
 .text.__aeabi_memclr
                0x0000000008003174        0x8 /home/edward/Ac6/SystemWorkbench_old/plugins/fr.ac6.mcu.externaltools.arm-none.linux64_1.17.0.201812190825/tools/compiler/bin/../lib/gcc/arm-none-eabi/7.3.1/../../../../arm-none-eabi/lib/thumb/v7e-m/fpv4-sp/hard/libc.a(lib_a-aeabi_memclr.o)
                0x0000000008003174                __aeabi_memclr8
                0x0000000008003174                __aeabi_memclr
                0x0000000008003174                __aeabi_memclr4
 .text.__errno  0x000000000800317c        0xc /home/edward/Ac6/SystemWorkbench_old/plugins/fr.ac6.mcu.externaltools.arm-none.linux64_1.17.0.201812190825/tools/compiler/bin/../lib/gcc/arm-none-eabi/7.3.1/../../../../arm-none-eabi/lib/thumb/v7e-m/fpv4-sp/hard/libc.a(lib_a-errno.o)
                0x000000000800317c                __errno
 .text.__libc_init_array
                0x0000000008003188       0x48 /home/edward/Ac6/SystemWorkbench_old/plugins/fr.ac6.mcu.externaltools.arm-none.linux64_1.17.0.201812190825/tools/compiler/bin/../lib/gcc/arm-none-eabi/7.3.1/../../../../arm-none-eabi/lib/thumb/v7e-m/fpv4-sp/hard/libc.a(lib_a-init.o)
                0x0000000008003188                __libc_init_array
 .text.memset   0x00000000080031d0       0x94 /home/edward/Ac6/SystemWorkbench_old/plugins/fr.ac6.mcu.externaltools.arm-none.linux64_1.17.0.201812190825/tools/compiler/bin/../lib/gcc/arm-none-eabi/7.3.1/../../../../arm-none-eabi/lib/thumb/v7e-m/fpv4-sp/hard/libc.a(lib_a-memset.o)
                0x00000000080031d0                memset
 .text.printf   0x0000000008003264       0x28 /home/edward/Ac6/SystemWorkbench_old/plugins/fr.ac6.mcu.externaltools.arm-none.linux64_1.17.0.201812190825/tools/compiler/bin/../lib/gcc/arm-none-eabi/7.3.1/../../../../arm-none-eabi/lib/thumb/v7e-m/fpv4-sp/hard/libc.a(lib_a-printf.o)
                0x0000000008003264                printf
 .text._puts_r  0x000000000800328c       0x9c /home/edward/Ac6/SystemWorkbench_old/plugins/fr.ac6.mcu.externaltools.arm-none.linux64_1.17.0.201812190825/tools/compiler/bin/../lib/gcc/arm-none-eabi/7.3.1/../../../../arm-none-eabi/lib/thumb/v7e-m/fpv4-sp/hard/libc.a(lib_a-puts.o)
                0x000000000800328c                _puts_r
 .text.puts     0x0000000008003328       0x10 /home/edward/Ac6/SystemWorkbench_old/plugins/fr.ac6.mcu.externaltools.arm-none.linux64_1.17.0.201812190825/tools/compiler/bin/../lib/gcc/arm-none-eabi/7.3.1/../../../../arm-none-eabi/lib/thumb/v7e-m/fpv4-sp/hard/libc.a(lib_a-puts.o)
                0x0000000008003328                puts
 .text._vfprintf_r
                0x0000000008003338     0x1a7c /home/edward/Ac6/SystemWorkbench_old/plugins/fr.ac6.mcu.externaltools.arm-none.linux64_1.17.0.201812190825/tools/compiler/bin/../lib/gcc/arm-none-eabi/7.3.1/../../../../arm-none-eabi/lib/thumb/v7e-m/fpv4-sp/hard/libc.a(lib_a-vfprintf.o)
                0x0000000008003338                _vfprintf_r
 .text.__sbprintf
                0x0000000008004db4       0x84 /home/edward/Ac6/SystemWorkbench_old/plugins/fr.ac6.mcu.externaltools.arm-none.linux64_1.17.0.201812190825/tools/compiler/bin/../lib/gcc/arm-none-eabi/7.3.1/../../../../arm-none-eabi/lib/thumb/v7e-m/fpv4-sp/hard/libc.a(lib_a-vfprintf.o)
 .text.__swsetup_r
                0x0000000008004e38       0xcc /home/edward/Ac6/SystemWorkbench_old/plugins/fr.ac6.mcu.externaltools.arm-none.linux64_1.17.0.201812190825/tools/compiler/bin/../lib/gcc/arm-none-eabi/7.3.1/../../../../arm-none-eabi/lib/thumb/v7e-m/fpv4-sp/hard/libc.a(lib_a-wsetup.o)
                0x0000000008004e38                __swsetup_r
 .text.startup.register_fini
                0x0000000008004f04       0x14 /home/edward/Ac6/SystemWorkbench_old/plugins/fr.ac6.mcu.externaltools.arm-none.linux64_1.17.0.201812190825/tools/compiler/bin/../lib/gcc/arm-none-eabi/7.3.1/../../../../arm-none-eabi/lib/thumb/v7e-m/fpv4-sp/hard/libc.a(lib_a-__call_atexit.o)
 .text.atexit   0x0000000008004f18        0xc /home/edward/Ac6/SystemWorkbench_old/plugins/fr.ac6.mcu.externaltools.arm-none.linux64_1.17.0.201812190825/tools/compiler/bin/../lib/gcc/arm-none-eabi/7.3.1/../../../../arm-none-eabi/lib/thumb/v7e-m/fpv4-sp/hard/libc.a(lib_a-atexit.o)
                0x0000000008004f18                atexit
 .text.quorem   0x0000000008004f24      0x124 /home/edward/Ac6/SystemWorkbench_old/plugins/fr.ac6.mcu.externaltools.arm-none.linux64_1.17.0.201812190825/tools/compiler/bin/../lib/gcc/arm-none-eabi/7.3.1/../../../../arm-none-eabi/lib/thumb/v7e-m/fpv4-sp/hard/libc.a(lib_a-dtoa.o)
 .text._dtoa_r  0x0000000008005048      0xe20 /home/edward/Ac6/SystemWorkbench_old/plugins/fr.ac6.mcu.externaltools.arm-none.linux64_1.17.0.201812190825/tools/compiler/bin/../lib/gcc/arm-none-eabi/7.3.1/../../../../arm-none-eabi/lib/thumb/v7e-m/fpv4-sp/hard/libc.a(lib_a-dtoa.o)
                0x0000000008005048                _dtoa_r
 .text.__sflush_r
                0x0000000008005e68      0x154 /home/edward/Ac6/SystemWorkbench_old/plugins/fr.ac6.mcu.externaltools.arm-none.linux64_1.17.0.201812190825/tools/compiler/bin/../lib/gcc/arm-none-eabi/7.3.1/../../../../arm-none-eabi/lib/thumb/v7e-m/fpv4-sp/hard/libc.a(lib_a-fflush.o)
                0x0000000008005e68                __sflush_r
 .text._fflush_r
                0x0000000008005fbc       0x5c /home/edward/Ac6/SystemWorkbench_old/plugins/fr.ac6.mcu.externaltools.arm-none.linux64_1.17.0.201812190825/tools/compiler/bin/../lib/gcc/arm-none-eabi/7.3.1/../../../../arm-none-eabi/lib/thumb/v7e-m/fpv4-sp/hard/libc.a(lib_a-fflush.o)
                0x0000000008005fbc                _fflush_r
 .text.std      0x0000000008006018       0x50 /home/edward/Ac6/SystemWorkbench_old/plugins/fr.ac6.mcu.externaltools.arm-none.linux64_1.17.0.201812190825/tools/compiler/bin/../lib/gcc/arm-none-eabi/7.3.1/../../../../arm-none-eabi/lib/thumb/v7e-m/fpv4-sp/hard/libc.a(lib_a-findfp.o)
 .text._cleanup_r
                0x0000000008006068        0xc /home/edward/Ac6/SystemWorkbench_old/plugins/fr.ac6.mcu.externaltools.arm-none.linux64_1.17.0.201812190825/tools/compiler/bin/../lib/gcc/arm-none-eabi/7.3.1/../../../../arm-none-eabi/lib/thumb/v7e-m/fpv4-sp/hard/libc.a(lib_a-findfp.o)
                0x0000000008006068                _cleanup_r
 .text.__sinit  0x0000000008006074       0x58 /home/edward/Ac6/SystemWorkbench_old/plugins/fr.ac6.mcu.externaltools.arm-none.linux64_1.17.0.201812190825/tools/compiler/bin/../lib/gcc/arm-none-eabi/7.3.1/../../../../arm-none-eabi/lib/thumb/v7e-m/fpv4-sp/hard/libc.a(lib_a-findfp.o)
                0x0000000008006074                __sinit
 .text.__sfp_lock_acquire
                0x00000000080060cc        0xc /home/edward/Ac6/SystemWorkbench_old/plugins/fr.ac6.mcu.externaltools.arm-none.linux64_1.17.0.201812190825/tools/compiler/bin/../lib/gcc/arm-none-eabi/7.3.1/../../../../arm-none-eabi/lib/thumb/v7e-m/fpv4-sp/hard/libc.a(lib_a-findfp.o)
                0x00000000080060cc                __sfp_lock_acquire
 .text.__sfp_lock_release
                0x00000000080060d8        0xc /home/edward/Ac6/SystemWorkbench_old/plugins/fr.ac6.mcu.externaltools.arm-none.linux64_1.17.0.201812190825/tools/compiler/bin/../lib/gcc/arm-none-eabi/7.3.1/../../../../arm-none-eabi/lib/thumb/v7e-m/fpv4-sp/hard/libc.a(lib_a-findfp.o)
                0x00000000080060d8                __sfp_lock_release
 .text.__libc_fini_array
                0x00000000080060e4       0x34 /home/edward/Ac6/SystemWorkbench_old/plugins/fr.ac6.mcu.externaltools.arm-none.linux64_1.17.0.201812190825/tools/compiler/bin/../lib/gcc/arm-none-eabi/7.3.1/../../../../arm-none-eabi/lib/thumb/v7e-m/fpv4-sp/hard/libc.a(lib_a-fini.o)
                0x00000000080060e4                __libc_fini_array
 .text._malloc_trim_r
                0x0000000008006118       0xa0 /home/edward/Ac6/SystemWorkbench_old/plugins/fr.ac6.mcu.externaltools.arm-none.linux64_1.17.0.201812190825/tools/compiler/bin/../lib/gcc/arm-none-eabi/7.3.1/../../../../arm-none-eabi/lib/thumb/v7e-m/fpv4-sp/hard/libc.a(lib_a-freer.o)
                0x0000000008006118                _malloc_trim_r
 .text._free_r  0x00000000080061b8      0x1e8 /home/edward/Ac6/SystemWorkbench_old/plugins/fr.ac6.mcu.externaltools.arm-none.linux64_1.17.0.201812190825/tools/compiler/bin/../lib/gcc/arm-none-eabi/7.3.1/../../../../arm-none-eabi/lib/thumb/v7e-m/fpv4-sp/hard/libc.a(lib_a-freer.o)
                0x00000000080061b8                _free_r
 .text.__sfvwrite_r
                0x00000000080063a0      0x2fc /home/edward/Ac6/SystemWorkbench_old/plugins/fr.ac6.mcu.externaltools.arm-none.linux64_1.17.0.201812190825/tools/compiler/bin/../lib/gcc/arm-none-eabi/7.3.1/../../../../arm-none-eabi/lib/thumb/v7e-m/fpv4-sp/hard/libc.a(lib_a-fvwrite.o)
                0x00000000080063a0                __sfvwrite_r
 .text._fwalk_reent
                0x000000000800669c       0x54 /home/edward/Ac6/SystemWorkbench_old/plugins/fr.ac6.mcu.externaltools.arm-none.linux64_1.17.0.201812190825/tools/compiler/bin/../lib/gcc/arm-none-eabi/7.3.1/../../../../arm-none-eabi/lib/thumb/v7e-m/fpv4-sp/hard/libc.a(lib_a-fwalk.o)
                0x000000000800669c                _fwalk_reent
 .text._localeconv_r
                0x00000000080066f0       0x1c /home/edward/Ac6/SystemWorkbench_old/plugins/fr.ac6.mcu.externaltools.arm-none.linux64_1.17.0.201812190825/tools/compiler/bin/../lib/gcc/arm-none-eabi/7.3.1/../../../../arm-none-eabi/lib/thumb/v7e-m/fpv4-sp/hard/libc.a(lib_a-localeconv.o)
                0x00000000080066f0                _localeconv_r
 .text.__retarget_lock_init_recursive
                0x000000000800670c        0x4 /home/edward/Ac6/SystemWorkbench_old/plugins/fr.ac6.mcu.externaltools.arm-none.linux64_1.17.0.201812190825/tools/compiler/bin/../lib/gcc/arm-none-eabi/7.3.1/../../../../arm-none-eabi/lib/thumb/v7e-m/fpv4-sp/hard/libc.a(lib_a-lock.o)
                0x000000000800670c                __retarget_lock_init_recursive
 .text.__retarget_lock_close_recursive
                0x0000000008006710        0x4 /home/edward/Ac6/SystemWorkbench_old/plugins/fr.ac6.mcu.externaltools.arm-none.linux64_1.17.0.201812190825/tools/compiler/bin/../lib/gcc/arm-none-eabi/7.3.1/../../../../arm-none-eabi/lib/thumb/v7e-m/fpv4-sp/hard/libc.a(lib_a-lock.o)
                0x0000000008006710                __retarget_lock_close_recursive
 .text.__retarget_lock_acquire_recursive
                0x0000000008006714        0x4 /home/edward/Ac6/SystemWorkbench_old/plugins/fr.ac6.mcu.externaltools.arm-none.linux64_1.17.0.201812190825/tools/compiler/bin/../lib/gcc/arm-none-eabi/7.3.1/../../../../arm-none-eabi/lib/thumb/v7e-m/fpv4-sp/hard/libc.a(lib_a-lock.o)
                0x0000000008006714                __retarget_lock_acquire_recursive
 .text.__retarget_lock_release_recursive
                0x0000000008006718        0x4 /home/edward/Ac6/SystemWorkbench_old/plugins/fr.ac6.mcu.externaltools.arm-none.linux64_1.17.0.201812190825/tools/compiler/bin/../lib/gcc/arm-none-eabi/7.3.1/../../../../arm-none-eabi/lib/thumb/v7e-m/fpv4-sp/hard/libc.a(lib_a-lock.o)
                0x0000000008006718                __retarget_lock_release_recursive
 .text.__swhatbuf_r
                0x000000000800671c       0x5c /home/edward/Ac6/SystemWorkbench_old/plugins/fr.ac6.mcu.externaltools.arm-none.linux64_1.17.0.201812190825/tools/compiler/bin/../lib/gcc/arm-none-eabi/7.3.1/../../../../arm-none-eabi/lib/thumb/v7e-m/fpv4-sp/hard/libc.a(lib_a-makebuf.o)
                0x000000000800671c                __swhatbuf_r
 .text.__smakebuf_r
                0x0000000008006778       0x94 /home/edward/Ac6/SystemWorkbench_old/plugins/fr.ac6.mcu.externaltools.arm-none.linux64_1.17.0.201812190825/tools/compiler/bin/../lib/gcc/arm-none-eabi/7.3.1/../../../../arm-none-eabi/lib/thumb/v7e-m/fpv4-sp/hard/libc.a(lib_a-makebuf.o)
                0x0000000008006778                __smakebuf_r
 .text._malloc_r
                0x000000000800680c      0x548 /home/edward/Ac6/SystemWorkbench_old/plugins/fr.ac6.mcu.externaltools.arm-none.linux64_1.17.0.201812190825/tools/compiler/bin/../lib/gcc/arm-none-eabi/7.3.1/../../../../arm-none-eabi/lib/thumb/v7e-m/fpv4-sp/hard/libc.a(lib_a-mallocr.o)
                0x000000000800680c                _malloc_r
 .text.memmove  0x0000000008006d54       0xc8 /home/edward/Ac6/SystemWorkbench_old/plugins/fr.ac6.mcu.externaltools.arm-none.linux64_1.17.0.201812190825/tools/compiler/bin/../lib/gcc/arm-none-eabi/7.3.1/../../../../arm-none-eabi/lib/thumb/v7e-m/fpv4-sp/hard/libc.a(lib_a-memmove.o)
                0x0000000008006d54                memmove
 .text.__malloc_lock
                0x0000000008006e1c        0xc /home/edward/Ac6/SystemWorkbench_old/plugins/fr.ac6.mcu.externaltools.arm-none.linux64_1.17.0.201812190825/tools/compiler/bin/../lib/gcc/arm-none-eabi/7.3.1/../../../../arm-none-eabi/lib/thumb/v7e-m/fpv4-sp/hard/libc.a(lib_a-mlock.o)
                0x0000000008006e1c                __malloc_lock
 .text.__malloc_unlock
                0x0000000008006e28        0xc /home/edward/Ac6/SystemWorkbench_old/plugins/fr.ac6.mcu.externaltools.arm-none.linux64_1.17.0.201812190825/tools/compiler/bin/../lib/gcc/arm-none-eabi/7.3.1/../../../../arm-none-eabi/lib/thumb/v7e-m/fpv4-sp/hard/libc.a(lib_a-mlock.o)
                0x0000000008006e28                __malloc_unlock
 .text._Balloc  0x0000000008006e34       0x4c /home/edward/Ac6/SystemWorkbench_old/plugins/fr.ac6.mcu.externaltools.arm-none.linux64_1.17.0.201812190825/tools/compiler/bin/../lib/gcc/arm-none-eabi/7.3.1/../../../../arm-none-eabi/lib/thumb/v7e-m/fpv4-sp/hard/libc.a(lib_a-mprec.o)
                0x0000000008006e34                _Balloc
 .text._Bfree   0x0000000008006e80       0x14 /home/edward/Ac6/SystemWorkbench_old/plugins/fr.ac6.mcu.externaltools.arm-none.linux64_1.17.0.201812190825/tools/compiler/bin/../lib/gcc/arm-none-eabi/7.3.1/../../../../arm-none-eabi/lib/thumb/v7e-m/fpv4-sp/hard/libc.a(lib_a-mprec.o)
                0x0000000008006e80                _Bfree
 .text.__multadd
                0x0000000008006e94       0x80 /home/edward/Ac6/SystemWorkbench_old/plugins/fr.ac6.mcu.externaltools.arm-none.linux64_1.17.0.201812190825/tools/compiler/bin/../lib/gcc/arm-none-eabi/7.3.1/../../../../arm-none-eabi/lib/thumb/v7e-m/fpv4-sp/hard/libc.a(lib_a-mprec.o)
                0x0000000008006e94                __multadd
 .text.__hi0bits
                0x0000000008006f14       0x40 /home/edward/Ac6/SystemWorkbench_old/plugins/fr.ac6.mcu.externaltools.arm-none.linux64_1.17.0.201812190825/tools/compiler/bin/../lib/gcc/arm-none-eabi/7.3.1/../../../../arm-none-eabi/lib/thumb/v7e-m/fpv4-sp/hard/libc.a(lib_a-mprec.o)
                0x0000000008006f14                __hi0bits
 .text.__lo0bits
                0x0000000008006f54       0x60 /home/edward/Ac6/SystemWorkbench_old/plugins/fr.ac6.mcu.externaltools.arm-none.linux64_1.17.0.201812190825/tools/compiler/bin/../lib/gcc/arm-none-eabi/7.3.1/../../../../arm-none-eabi/lib/thumb/v7e-m/fpv4-sp/hard/libc.a(lib_a-mprec.o)
                0x0000000008006f54                __lo0bits
 .text.__i2b    0x0000000008006fb4       0x14 /home/edward/Ac6/SystemWorkbench_old/plugins/fr.ac6.mcu.externaltools.arm-none.linux64_1.17.0.201812190825/tools/compiler/bin/../lib/gcc/arm-none-eabi/7.3.1/../../../../arm-none-eabi/lib/thumb/v7e-m/fpv4-sp/hard/libc.a(lib_a-mprec.o)
                0x0000000008006fb4                __i2b
 .text.__multiply
                0x0000000008006fc8      0x14c /home/edward/Ac6/SystemWorkbench_old/plugins/fr.ac6.mcu.externaltools.arm-none.linux64_1.17.0.201812190825/tools/compiler/bin/../lib/gcc/arm-none-eabi/7.3.1/../../../../arm-none-eabi/lib/thumb/v7e-m/fpv4-sp/hard/libc.a(lib_a-mprec.o)
                0x0000000008006fc8                __multiply
 .text.__pow5mult
                0x0000000008007114       0xa0 /home/edward/Ac6/SystemWorkbench_old/plugins/fr.ac6.mcu.externaltools.arm-none.linux64_1.17.0.201812190825/tools/compiler/bin/../lib/gcc/arm-none-eabi/7.3.1/../../../../arm-none-eabi/lib/thumb/v7e-m/fpv4-sp/hard/libc.a(lib_a-mprec.o)
                0x0000000008007114                __pow5mult
 .text.__lshift
                0x00000000080071b4       0xac /home/edward/Ac6/SystemWorkbench_old/plugins/fr.ac6.mcu.externaltools.arm-none.linux64_1.17.0.201812190825/tools/compiler/bin/../lib/gcc/arm-none-eabi/7.3.1/../../../../arm-none-eabi/lib/thumb/v7e-m/fpv4-sp/hard/libc.a(lib_a-mprec.o)
                0x00000000080071b4                __lshift
 .text.__mcmp   0x0000000008007260       0x38 /home/edward/Ac6/SystemWorkbench_old/plugins/fr.ac6.mcu.externaltools.arm-none.linux64_1.17.0.201812190825/tools/compiler/bin/../lib/gcc/arm-none-eabi/7.3.1/../../../../arm-none-eabi/lib/thumb/v7e-m/fpv4-sp/hard/libc.a(lib_a-mprec.o)
                0x0000000008007260                __mcmp
 .text.__mdiff  0x0000000008007298       0xec /home/edward/Ac6/SystemWorkbench_old/plugins/fr.ac6.mcu.externaltools.arm-none.linux64_1.17.0.201812190825/tools/compiler/bin/../lib/gcc/arm-none-eabi/7.3.1/../../../../arm-none-eabi/lib/thumb/v7e-m/fpv4-sp/hard/libc.a(lib_a-mprec.o)
                0x0000000008007298                __mdiff
 .text.__d2b    0x0000000008007384       0xc4 /home/edward/Ac6/SystemWorkbench_old/plugins/fr.ac6.mcu.externaltools.arm-none.linux64_1.17.0.201812190825/tools/compiler/bin/../lib/gcc/arm-none-eabi/7.3.1/../../../../arm-none-eabi/lib/thumb/v7e-m/fpv4-sp/hard/libc.a(lib_a-mprec.o)
                0x0000000008007384                __d2b
 .text._realloc_r
                0x0000000008007448      0x35c /home/edward/Ac6/SystemWorkbench_old/plugins/fr.ac6.mcu.externaltools.arm-none.linux64_1.17.0.201812190825/tools/compiler/bin/../lib/gcc/arm-none-eabi/7.3.1/../../../../arm-none-eabi/lib/thumb/v7e-m/fpv4-sp/hard/libc.a(lib_a-reallocr.o)
                0x0000000008007448                _realloc_r
 .text.frexp    0x00000000080077a4       0x68 /home/edward/Ac6/SystemWorkbench_old/plugins/fr.ac6.mcu.externaltools.arm-none.linux64_1.17.0.201812190825/tools/compiler/bin/../lib/gcc/arm-none-eabi/7.3.1/../../../../arm-none-eabi/lib/thumb/v7e-m/fpv4-sp/hard/libc.a(lib_a-s_frexp.o)
                0x00000000080077a4                frexp
 .text._sbrk_r  0x000000000800780c       0x24 /home/edward/Ac6/SystemWorkbench_old/plugins/fr.ac6.mcu.externaltools.arm-none.linux64_1.17.0.201812190825/tools/compiler/bin/../lib/gcc/arm-none-eabi/7.3.1/../../../../arm-none-eabi/lib/thumb/v7e-m/fpv4-sp/hard/libc.a(lib_a-sbrkr.o)
                0x000000000800780c                _sbrk_r
 .text.__sread  0x0000000008007830       0x24 /home/edward/Ac6/SystemWorkbench_old/plugins/fr.ac6.mcu.externaltools.arm-none.linux64_1.17.0.201812190825/tools/compiler/bin/../lib/gcc/arm-none-eabi/7.3.1/../../../../arm-none-eabi/lib/thumb/v7e-m/fpv4-sp/hard/libc.a(lib_a-stdio.o)
                0x0000000008007830                __sread
 .text.__swrite
                0x0000000008007854       0x3c /home/edward/Ac6/SystemWorkbench_old/plugins/fr.ac6.mcu.externaltools.arm-none.linux64_1.17.0.201812190825/tools/compiler/bin/../lib/gcc/arm-none-eabi/7.3.1/../../../../arm-none-eabi/lib/thumb/v7e-m/fpv4-sp/hard/libc.a(lib_a-stdio.o)
                0x0000000008007854                __swrite
 .text.__sseek  0x0000000008007890       0x20 /home/edward/Ac6/SystemWorkbench_old/plugins/fr.ac6.mcu.externaltools.arm-none.linux64_1.17.0.201812190825/tools/compiler/bin/../lib/gcc/arm-none-eabi/7.3.1/../../../../arm-none-eabi/lib/thumb/v7e-m/fpv4-sp/hard/libc.a(lib_a-stdio.o)
                0x0000000008007890                __sseek
 .text.__sclose
                0x00000000080078b0        0x8 /home/edward/Ac6/SystemWorkbench_old/plugins/fr.ac6.mcu.externaltools.arm-none.linux64_1.17.0.201812190825/tools/compiler/bin/../lib/gcc/arm-none-eabi/7.3.1/../../../../arm-none-eabi/lib/thumb/v7e-m/fpv4-sp/hard/libc.a(lib_a-stdio.o)
                0x00000000080078b0                __sclose
 .text.strncpy  0x00000000080078b8       0x64 /home/edward/Ac6/SystemWorkbench_old/plugins/fr.ac6.mcu.externaltools.arm-none.linux64_1.17.0.201812190825/tools/compiler/bin/../lib/gcc/arm-none-eabi/7.3.1/../../../../arm-none-eabi/lib/thumb/v7e-m/fpv4-sp/hard/libc.a(lib_a-strncpy.o)
                0x00000000080078b8                strncpy
 .text.__sprint_r.part.0
                0x000000000800791c       0x78 /home/edward/Ac6/SystemWorkbench_old/plugins/fr.ac6.mcu.externaltools.arm-none.linux64_1.17.0.201812190825/tools/compiler/bin/../lib/gcc/arm-none-eabi/7.3.1/../../../../arm-none-eabi/lib/thumb/v7e-m/fpv4-sp/hard/libc.a(lib_a-vfiprintf.o)
 .text.__sprint_r
                0x0000000008007994       0x14 /home/edward/Ac6/SystemWorkbench_old/plugins/fr.ac6.mcu.externaltools.arm-none.linux64_1.17.0.201812190825/tools/compiler/bin/../lib/gcc/arm-none-eabi/7.3.1/../../../../arm-none-eabi/lib/thumb/v7e-m/fpv4-sp/hard/libc.a(lib_a-vfiprintf.o)
                0x0000000008007994                __sprint_r
 .text._write_r
                0x00000000080079a8       0x2c /home/edward/Ac6/SystemWorkbench_old/plugins/fr.ac6.mcu.externaltools.arm-none.linux64_1.17.0.201812190825/tools/compiler/bin/../lib/gcc/arm-none-eabi/7.3.1/../../../../arm-none-eabi/lib/thumb/v7e-m/fpv4-sp/hard/libc.a(lib_a-writer.o)
                0x00000000080079a8                _write_r
 .text.__register_exitproc
                0x00000000080079d4       0xc0 /home/edward/Ac6/SystemWorkbench_old/plugins/fr.ac6.mcu.externaltools.arm-none.linux64_1.17.0.201812190825/tools/compiler/bin/../lib/gcc/arm-none-eabi/7.3.1/../../../../arm-none-eabi/lib/thumb/v7e-m/fpv4-sp/hard/libc.a(lib_a-__atexit.o)
                0x00000000080079d4                __register_exitproc
 .text._calloc_r
                0x0000000008007a94       0x68 /home/edward/Ac6/SystemWorkbench_old/plugins/fr.ac6.mcu.externaltools.arm-none.linux64_1.17.0.201812190825/tools/compiler/bin/../lib/gcc/arm-none-eabi/7.3.1/../../../../arm-none-eabi/lib/thumb/v7e-m/fpv4-sp/hard/libc.a(lib_a-callocr.o)
                0x0000000008007a94                _calloc_r
 .text._close_r
                0x0000000008007afc       0x24 /home/edward/Ac6/SystemWorkbench_old/plugins/fr.ac6.mcu.externaltools.arm-none.linux64_1.17.0.201812190825/tools/compiler/bin/../lib/gcc/arm-none-eabi/7.3.1/../../../../arm-none-eabi/lib/thumb/v7e-m/fpv4-sp/hard/libc.a(lib_a-closer.o)
                0x0000000008007afc                _close_r
 .text._fclose_r
                0x0000000008007b20       0xd0 /home/edward/Ac6/SystemWorkbench_old/plugins/fr.ac6.mcu.externaltools.arm-none.linux64_1.17.0.201812190825/tools/compiler/bin/../lib/gcc/arm-none-eabi/7.3.1/../../../../arm-none-eabi/lib/thumb/v7e-m/fpv4-sp/hard/libc.a(lib_a-fclose.o)
                0x0000000008007b20                _fclose_r
 .text.__fputwc
                0x0000000008007bf0       0xa0 /home/edward/Ac6/SystemWorkbench_old/plugins/fr.ac6.mcu.externaltools.arm-none.linux64_1.17.0.201812190825/tools/compiler/bin/../lib/gcc/arm-none-eabi/7.3.1/../../../../arm-none-eabi/lib/thumb/v7e-m/fpv4-sp/hard/libc.a(lib_a-fputwc.o)
                0x0000000008007bf0                __fputwc
 .text._fputwc_r
                0x0000000008007c90       0x64 /home/edward/Ac6/SystemWorkbench_old/plugins/fr.ac6.mcu.externaltools.arm-none.linux64_1.17.0.201812190825/tools/compiler/bin/../lib/gcc/arm-none-eabi/7.3.1/../../../../arm-none-eabi/lib/thumb/v7e-m/fpv4-sp/hard/libc.a(lib_a-fputwc.o)
                0x0000000008007c90                _fputwc_r
 .text._fstat_r
                0x0000000008007cf4       0x28 /home/edward/Ac6/SystemWorkbench_old/plugins/fr.ac6.mcu.externaltools.arm-none.linux64_1.17.0.201812190825/tools/compiler/bin/../lib/gcc/arm-none-eabi/7.3.1/../../../../arm-none-eabi/lib/thumb/v7e-m/fpv4-sp/hard/libc.a(lib_a-fstatr.o)
                0x0000000008007cf4                _fstat_r
 .text._isatty_r
                0x0000000008007d1c       0x24 /home/edward/Ac6/SystemWorkbench_old/plugins/fr.ac6.mcu.externaltools.arm-none.linux64_1.17.0.201812190825/tools/compiler/bin/../lib/gcc/arm-none-eabi/7.3.1/../../../../arm-none-eabi/lib/thumb/v7e-m/fpv4-sp/hard/libc.a(lib_a-isattyr.o)
                0x0000000008007d1c                _isatty_r
 .text.__locale_mb_cur_max
                0x0000000008007d40       0x1c /home/edward/Ac6/SystemWorkbench_old/plugins/fr.ac6.mcu.externaltools.arm-none.linux64_1.17.0.201812190825/tools/compiler/bin/../lib/gcc/arm-none-eabi/7.3.1/../../../../arm-none-eabi/lib/thumb/v7e-m/fpv4-sp/hard/libc.a(lib_a-locale.o)
                0x0000000008007d40                __locale_mb_cur_max
 .text._lseek_r
                0x0000000008007d5c       0x2c /home/edward/Ac6/SystemWorkbench_old/plugins/fr.ac6.mcu.externaltools.arm-none.linux64_1.17.0.201812190825/tools/compiler/bin/../lib/gcc/arm-none-eabi/7.3.1/../../../../arm-none-eabi/lib/thumb/v7e-m/fpv4-sp/hard/libc.a(lib_a-lseekr.o)
                0x0000000008007d5c                _lseek_r
 .text.__ascii_mbtowc
                0x0000000008007d88       0x2c /home/edward/Ac6/SystemWorkbench_old/plugins/fr.ac6.mcu.externaltools.arm-none.linux64_1.17.0.201812190825/tools/compiler/bin/../lib/gcc/arm-none-eabi/7.3.1/../../../../arm-none-eabi/lib/thumb/v7e-m/fpv4-sp/hard/libc.a(lib_a-mbtowc_r.o)
                0x0000000008007d88                __ascii_mbtowc
 .text._read_r  0x0000000008007db4       0x2c /home/edward/Ac6/SystemWorkbench_old/plugins/fr.ac6.mcu.externaltools.arm-none.linux64_1.17.0.201812190825/tools/compiler/bin/../lib/gcc/arm-none-eabi/7.3.1/../../../../arm-none-eabi/lib/thumb/v7e-m/fpv4-sp/hard/libc.a(lib_a-readr.o)
                0x0000000008007db4                _read_r
 .text.__swbuf_r
                0x0000000008007de0       0xb0 /home/edward/Ac6/SystemWorkbench_old/plugins/fr.ac6.mcu.externaltools.arm-none.linux64_1.17.0.201812190825/tools/compiler/bin/../lib/gcc/arm-none-eabi/7.3.1/../../../../arm-none-eabi/lib/thumb/v7e-m/fpv4-sp/hard/libc.a(lib_a-wbuf.o)
                0x0000000008007de0                __swbuf_r
 .text._wcrtomb_r
                0x0000000008007e90       0x50 /home/edward/Ac6/SystemWorkbench_old/plugins/fr.ac6.mcu.externaltools.arm-none.linux64_1.17.0.201812190825/tools/compiler/bin/../lib/gcc/arm-none-eabi/7.3.1/../../../../arm-none-eabi/lib/thumb/v7e-m/fpv4-sp/hard/libc.a(lib_a-wcrtomb.o)
                0x0000000008007e90                _wcrtomb_r
 .text.__ascii_wctomb
                0x0000000008007ee0       0x1c /home/edward/Ac6/SystemWorkbench_old/plugins/fr.ac6.mcu.externaltools.arm-none.linux64_1.17.0.201812190825/tools/compiler/bin/../lib/gcc/arm-none-eabi/7.3.1/../../../../arm-none-eabi/lib/thumb/v7e-m/fpv4-sp/hard/libc.a(lib_a-wctomb_r.o)
                0x0000000008007ee0                __ascii_wctomb
 *(.glue_7)
 .glue_7        0x0000000008007efc        0x0 linker stubs
 *(.glue_7t)
 .glue_7t       0x0000000008007efc        0x0 linker stubs
 *(.eh_frame)
 .eh_frame      0x0000000008007efc        0x0 /home/edward/Ac6/SystemWorkbench_old/plugins/fr.ac6.mcu.externaltools.arm-none.linux64_1.17.0.201812190825/tools/compiler/bin/../lib/gcc/arm-none-eabi/7.3.1/thumb/v7e-m/fpv4-sp/hard/crtbegin.o
 *(.init)
 .init          0x0000000008007efc        0x4 /home/edward/Ac6/SystemWorkbench_old/plugins/fr.ac6.mcu.externaltools.arm-none.linux64_1.17.0.201812190825/tools/compiler/bin/../lib/gcc/arm-none-eabi/7.3.1/thumb/v7e-m/fpv4-sp/hard/crti.o
                0x0000000008007efc                _init
 .init          0x0000000008007f00        0x8 /home/edward/Ac6/SystemWorkbench_old/plugins/fr.ac6.mcu.externaltools.arm-none.linux64_1.17.0.201812190825/tools/compiler/bin/../lib/gcc/arm-none-eabi/7.3.1/thumb/v7e-m/fpv4-sp/hard/crtn.o
 *(.fini)
 .fini          0x0000000008007f08        0x4 /home/edward/Ac6/SystemWorkbench_old/plugins/fr.ac6.mcu.externaltools.arm-none.linux64_1.17.0.201812190825/tools/compiler/bin/../lib/gcc/arm-none-eabi/7.3.1/thumb/v7e-m/fpv4-sp/hard/crti.o
                0x0000000008007f08                _fini
 .fini          0x0000000008007f0c        0x8 /home/edward/Ac6/SystemWorkbench_old/plugins/fr.ac6.mcu.externaltools.arm-none.linux64_1.17.0.201812190825/tools/compiler/bin/../lib/gcc/arm-none-eabi/7.3.1/thumb/v7e-m/fpv4-sp/hard/crtn.o
                0x0000000008007f18                . = ALIGN (0x8)
 *fill*         0x0000000008007f14        0x4 
                0x0000000008007f18                _etext = .

.vfp11_veneer   0x0000000008007f18        0x0
 .vfp11_veneer  0x0000000008007f18        0x0 linker stubs

.v4_bx          0x0000000008007f18        0x0
 .v4_bx         0x0000000008007f18        0x0 linker stubs

.iplt           0x0000000008007f18        0x0
 .iplt          0x0000000008007f18        0x0 /home/edward/Ac6/SystemWorkbench_old/plugins/fr.ac6.mcu.externaltools.arm-none.linux64_1.17.0.201812190825/tools/compiler/bin/../lib/gcc/arm-none-eabi/7.3.1/thumb/v7e-m/fpv4-sp/hard/crtbegin.o

.rodata         0x0000000008007f20      0x4a0
                0x0000000008007f20                . = ALIGN (0x8)
 *(.rodata)
 .rodata        0x0000000008007f20       0x20 src/arcfour.o
 .rodata        0x0000000008007f40       0x48 src/system_stm32l4xx.o
                0x0000000008007f40                AHBPrescTable
                0x0000000008007f50                APBPrescTable
                0x0000000008007f58                MSIRangeTable
 *(.rodata*)
 .rodata.cst16  0x0000000008007f88       0x20 HAL_Driver/Src/stm32l4xx_hal_uart.o
 .rodata.str1.1
                0x0000000008007fa8       0xb3 src/main.o
 *fill*         0x000000000800805b        0x5 
 .rodata.str1.16
                0x0000000008008060       0xd0 src/mpu.o
                                         0xc2 (size before relaxing)
 .rodata._global_impure_ptr
                0x0000000008008130        0x4 /home/edward/Ac6/SystemWorkbench_old/plugins/fr.ac6.mcu.externaltools.arm-none.linux64_1.17.0.201812190825/tools/compiler/bin/../lib/gcc/arm-none-eabi/7.3.1/../../../../arm-none-eabi/lib/thumb/v7e-m/fpv4-sp/hard/libc.a(lib_a-impure.o)
                0x0000000008008130                _global_impure_ptr
 .rodata._puts_r.str1.4
                0x0000000008008134        0x2 /home/edward/Ac6/SystemWorkbench_old/plugins/fr.ac6.mcu.externaltools.arm-none.linux64_1.17.0.201812190825/tools/compiler/bin/../lib/gcc/arm-none-eabi/7.3.1/../../../../arm-none-eabi/lib/thumb/v7e-m/fpv4-sp/hard/libc.a(lib_a-puts.o)
 *fill*         0x0000000008008136        0x2 
 .rodata._vfprintf_r.str1.4
                0x0000000008008138       0x42 /home/edward/Ac6/SystemWorkbench_old/plugins/fr.ac6.mcu.externaltools.arm-none.linux64_1.17.0.201812190825/tools/compiler/bin/../lib/gcc/arm-none-eabi/7.3.1/../../../../arm-none-eabi/lib/thumb/v7e-m/fpv4-sp/hard/libc.a(lib_a-vfprintf.o)
 *fill*         0x000000000800817a        0x2 
 .rodata.blanks.8605
                0x000000000800817c       0x10 /home/edward/Ac6/SystemWorkbench_old/plugins/fr.ac6.mcu.externaltools.arm-none.linux64_1.17.0.201812190825/tools/compiler/bin/../lib/gcc/arm-none-eabi/7.3.1/../../../../arm-none-eabi/lib/thumb/v7e-m/fpv4-sp/hard/libc.a(lib_a-vfprintf.o)
 .rodata.zeroes.8606
                0x000000000800818c       0x10 /home/edward/Ac6/SystemWorkbench_old/plugins/fr.ac6.mcu.externaltools.arm-none.linux64_1.17.0.201812190825/tools/compiler/bin/../lib/gcc/arm-none-eabi/7.3.1/../../../../arm-none-eabi/lib/thumb/v7e-m/fpv4-sp/hard/libc.a(lib_a-vfprintf.o)
 .rodata._dtoa_r.str1.4
                0x000000000800819c       0x10 /home/edward/Ac6/SystemWorkbench_old/plugins/fr.ac6.mcu.externaltools.arm-none.linux64_1.17.0.201812190825/tools/compiler/bin/../lib/gcc/arm-none-eabi/7.3.1/../../../../arm-none-eabi/lib/thumb/v7e-m/fpv4-sp/hard/libc.a(lib_a-dtoa.o)
                                         0x12 (size before relaxing)
 *fill*         0x00000000080081ac        0x4 
 .rodata.__mprec_bigtens
                0x00000000080081b0       0x28 /home/edward/Ac6/SystemWorkbench_old/plugins/fr.ac6.mcu.externaltools.arm-none.linux64_1.17.0.201812190825/tools/compiler/bin/../lib/gcc/arm-none-eabi/7.3.1/../../../../arm-none-eabi/lib/thumb/v7e-m/fpv4-sp/hard/libc.a(lib_a-mprec.o)
                0x00000000080081b0                __mprec_bigtens
 .rodata.__mprec_tens
                0x00000000080081d8       0xc8 /home/edward/Ac6/SystemWorkbench_old/plugins/fr.ac6.mcu.externaltools.arm-none.linux64_1.17.0.201812190825/tools/compiler/bin/../lib/gcc/arm-none-eabi/7.3.1/../../../../arm-none-eabi/lib/thumb/v7e-m/fpv4-sp/hard/libc.a(lib_a-mprec.o)
                0x00000000080081d8                __mprec_tens
 .rodata.p05.7367
                0x00000000080082a0        0xc /home/edward/Ac6/SystemWorkbench_old/plugins/fr.ac6.mcu.externaltools.arm-none.linux64_1.17.0.201812190825/tools/compiler/bin/../lib/gcc/arm-none-eabi/7.3.1/../../../../arm-none-eabi/lib/thumb/v7e-m/fpv4-sp/hard/libc.a(lib_a-mprec.o)
 .rodata._setlocale_r.str1.4
                0x00000000080082ac        0xa /home/edward/Ac6/SystemWorkbench_old/plugins/fr.ac6.mcu.externaltools.arm-none.linux64_1.17.0.201812190825/tools/compiler/bin/../lib/gcc/arm-none-eabi/7.3.1/../../../../arm-none-eabi/lib/thumb/v7e-m/fpv4-sp/hard/libc.a(lib_a-locale.o)
                                          0xd (size before relaxing)
 *fill*         0x00000000080082b6        0x2 
 .rodata.str1.4
                0x00000000080082b8        0x4 /home/edward/Ac6/SystemWorkbench_old/plugins/fr.ac6.mcu.externaltools.arm-none.linux64_1.17.0.201812190825/tools/compiler/bin/../lib/gcc/arm-none-eabi/7.3.1/../../../../arm-none-eabi/lib/thumb/v7e-m/fpv4-sp/hard/libc.a(lib_a-locale.o)
                                          0x2 (size before relaxing)
 .rodata._ctype_
                0x00000000080082bc      0x101 /home/edward/Ac6/SystemWorkbench_old/plugins/fr.ac6.mcu.externaltools.arm-none.linux64_1.17.0.201812190825/tools/compiler/bin/../lib/gcc/arm-none-eabi/7.3.1/../../../../arm-none-eabi/lib/thumb/v7e-m/fpv4-sp/hard/libc.a(lib_a-ctype_.o)
                0x00000000080082bc                _ctype_
                0x00000000080083c0                . = ALIGN (0x8)
 *fill*         0x00000000080083bd        0x3 

.ARM.extab      0x00000000080083c0        0x0
                0x00000000080083c0                . = ALIGN (0x8)
 *(.ARM.extab* .gnu.linkonce.armextab.*)
                0x00000000080083c0                . = ALIGN (0x8)

.ARM            0x00000000080083c0        0x8
                0x00000000080083c0                . = ALIGN (0x8)
                0x00000000080083c0                __exidx_start = .
 *(.ARM.exidx*)
 .ARM.exidx.text.HAL_Init
                0x00000000080083c8        0x0 HAL_Driver/Src/stm32l4xx_hal.o
                                          0x8 (size before relaxing)
 .ARM.exidx.text.HAL_IncTick
                0x00000000080083c8        0x0 HAL_Driver/Src/stm32l4xx_hal.o
                                          0x8 (size before relaxing)
 .ARM.exidx.text.HAL_GetTick
                0x00000000080083c8        0x0 HAL_Driver/Src/stm32l4xx_hal.o
                                          0x8 (size before relaxing)
 .ARM.exidx.text.HAL_NVIC_SetPriorityGrouping
                0x00000000080083c8        0x0 HAL_Driver/Src/stm32l4xx_hal_cortex.o
                                          0x8 (size before relaxing)
 .ARM.exidx.text.HAL_NVIC_SetPriority
                0x00000000080083c8        0x0 HAL_Driver/Src/stm32l4xx_hal_cortex.o
                                          0x8 (size before relaxing)
 .ARM.exidx.text.HAL_NVIC_EnableIRQ
                0x00000000080083c8        0x0 HAL_Driver/Src/stm32l4xx_hal_cortex.o
                                          0x8 (size before relaxing)
 .ARM.exidx.text.HAL_GPIO_Init
                0x00000000080083c8        0x0 HAL_Driver/Src/stm32l4xx_hal_gpio.o
                                          0x8 (size before relaxing)
 .ARM.exidx.text.HAL_PWREx_GetVoltageRange
                0x00000000080083c8        0x0 HAL_Driver/Src/stm32l4xx_hal_pwr_ex.o
                                          0x8 (size before relaxing)
 .ARM.exidx.text.HAL_PWREx_ControlVoltageScaling
                0x00000000080083c8        0x0 HAL_Driver/Src/stm32l4xx_hal_pwr_ex.o
                                          0x8 (size before relaxing)
 .ARM.exidx.text.HAL_RCC_OscConfig
                0x00000000080083c8        0x0 HAL_Driver/Src/stm32l4xx_hal_rcc.o
                                          0x8 (size before relaxing)
 .ARM.exidx.text.HAL_RCC_GetSysClockFreq
                0x00000000080083c8        0x0 HAL_Driver/Src/stm32l4xx_hal_rcc.o
                                          0x8 (size before relaxing)
 .ARM.exidx.text.HAL_RCC_ClockConfig
                0x00000000080083c8        0x0 HAL_Driver/Src/stm32l4xx_hal_rcc.o
                                          0x8 (size before relaxing)
 .ARM.exidx.text.HAL_RCC_GetPCLK1Freq
                0x00000000080083c8        0x0 HAL_Driver/Src/stm32l4xx_hal_rcc.o
                                          0x8 (size before relaxing)
 .ARM.exidx.text.HAL_RCC_GetPCLK2Freq
                0x00000000080083c8        0x0 HAL_Driver/Src/stm32l4xx_hal_rcc.o
                                          0x8 (size before relaxing)
 .ARM.exidx.text.HAL_RCC_GetClockConfig
                0x00000000080083c8        0x0 HAL_Driver/Src/stm32l4xx_hal_rcc.o
                                          0x8 (size before relaxing)
 .ARM.exidx.text.HAL_TIM_Base_Init
                0x00000000080083c8        0x0 HAL_Driver/Src/stm32l4xx_hal_tim.o
                                          0x8 (size before relaxing)
 .ARM.exidx.text.HAL_TIM_Base_MspInit
                0x00000000080083c8        0x0 HAL_Driver/Src/stm32l4xx_hal_tim.o
                                          0x8 (size before relaxing)
 .ARM.exidx.text.HAL_TIM_Base_Start_IT
                0x00000000080083c8        0x0 HAL_Driver/Src/stm32l4xx_hal_tim.o
                                          0x8 (size before relaxing)
 .ARM.exidx.text.HAL_TIM_IRQHandler
                0x00000000080083c8        0x0 HAL_Driver/Src/stm32l4xx_hal_tim.o
                                          0x8 (size before relaxing)
 .ARM.exidx.text.HAL_TIM_IC_CaptureCallback
                0x00000000080083c8        0x0 HAL_Driver/Src/stm32l4xx_hal_tim.o
                                          0x8 (size before relaxing)
 .ARM.exidx.text.HAL_TIM_OC_DelayElapsedCallback
                0x00000000080083c8        0x0 HAL_Driver/Src/stm32l4xx_hal_tim.o
                                          0x8 (size before relaxing)
 .ARM.exidx.text.HAL_TIM_PWM_PulseFinishedCallback
                0x00000000080083c8        0x0 HAL_Driver/Src/stm32l4xx_hal_tim.o
                                          0x8 (size before relaxing)
 .ARM.exidx.text.HAL_TIM_TriggerCallback
                0x00000000080083c8        0x0 HAL_Driver/Src/stm32l4xx_hal_tim.o
                                          0x8 (size before relaxing)
 .ARM.exidx.text.HAL_TIMEx_CommutationCallback
                0x00000000080083c8        0x0 HAL_Driver/Src/stm32l4xx_hal_tim_ex.o
                                          0x8 (size before relaxing)
 .ARM.exidx.text.HAL_TIMEx_BreakCallback
                0x00000000080083c8        0x0 HAL_Driver/Src/stm32l4xx_hal_tim_ex.o
                                          0x8 (size before relaxing)
 .ARM.exidx.text.HAL_TIMEx_Break2Callback
                0x00000000080083c8        0x0 HAL_Driver/Src/stm32l4xx_hal_tim_ex.o
                                          0x8 (size before relaxing)
 .ARM.exidx.text.HAL_InitTick
                0x00000000080083c8        0x0 HAL_Driver/Src/stm32l4xx_hal_timebase_tim_template.o
                                          0x8 (size before relaxing)
 .ARM.exidx.text.HAL_TIM_PeriodElapsedCallback
                0x00000000080083c8        0x0 HAL_Driver/Src/stm32l4xx_hal_timebase_tim_template.o
                                          0x8 (size before relaxing)
 .ARM.exidx.text.TIM6_DAC_IRQHandler
                0x00000000080083c8        0x0 HAL_Driver/Src/stm32l4xx_hal_timebase_tim_template.o
                                          0x8 (size before relaxing)
 .ARM.exidx.text.HAL_UART_Init
                0x00000000080083c8        0x0 HAL_Driver/Src/stm32l4xx_hal_uart.o
                                          0x8 (size before relaxing)
 .ARM.exidx.text.HAL_UART_MspInit
                0x00000000080083c8        0x0 HAL_Driver/Src/stm32l4xx_hal_uart.o
                                          0x8 (size before relaxing)
 .ARM.exidx.text.UART_SetConfig
                0x00000000080083c8        0x0 HAL_Driver/Src/stm32l4xx_hal_uart.o
                                          0x8 (size before relaxing)
 .ARM.exidx.text.UART_AdvFeatureConfig
                0x00000000080083c8        0x0 HAL_Driver/Src/stm32l4xx_hal_uart.o
                                          0x8 (size before relaxing)
 .ARM.exidx.text.UART_CheckIdleState
                0x00000000080083c8        0x0 HAL_Driver/Src/stm32l4xx_hal_uart.o
                                          0x8 (size before relaxing)
 .ARM.exidx.text.HAL_UART_Transmit
                0x00000000080083c8        0x0 HAL_Driver/Src/stm32l4xx_hal_uart.o
                                          0x8 (size before relaxing)
 .ARM.exidx.text.BSP_COM_Init
                0x00000000080083c8        0x0 Utilities/B-L475E-IOT01/stm32l475e_iot01.o
                                          0x8 (size before relaxing)
 .ARM.exidx.text.initialise_benchmark
                0x00000000080083c8        0x0 src/arcfour.o
                                          0x8 (size before relaxing)
 .ARM.exidx.text.benchmark
                0x00000000080083c8        0x0 src/arcfour.o
                                          0x8 (size before relaxing)
 .ARM.exidx.text.verify_benchmark
                0x00000000080083c8        0x0 src/arcfour.o
                                          0x8 (size before relaxing)
 .ARM.exidx.text.__io_putchar
                0x00000000080083c8        0x0 src/main.o
                                          0x8 (size before relaxing)
 .ARM.exidx.text.main
                0x00000000080083c8        0x0 src/main.o
                                          0x8 (size before relaxing)
 .ARM.exidx.text.initMPU
                0x00000000080083c8        0x0 src/mpu.o
                                          0x8 (size before relaxing)
 .ARM.exidx.text.HAL_MspInit
                0x00000000080083c8        0x0 src/stm32l4xx_hal_msp.o
                                          0x8 (size before relaxing)
 .ARM.exidx.text.NMI_Handler
                0x00000000080083c8        0x0 src/stm32l4xx_it.o
                                          0x8 (size before relaxing)
 .ARM.exidx.text.HardFault_Handler
                0x00000000080083c8        0x0 src/stm32l4xx_it.o
                                          0x8 (size before relaxing)
 .ARM.exidx.text.MemManage_Handler
                0x00000000080083c8        0x0 src/stm32l4xx_it.o
                                          0x8 (size before relaxing)
 .ARM.exidx.text.BusFault_Handler
                0x00000000080083c8        0x0 src/stm32l4xx_it.o
                                          0x8 (size before relaxing)
 .ARM.exidx.text.UsageFault_Handler
                0x00000000080083c8        0x0 src/stm32l4xx_it.o
                                          0x8 (size before relaxing)
 .ARM.exidx.text.SVC_Handler
                0x00000000080083c8        0x0 src/stm32l4xx_it.o
                                          0x8 (size before relaxing)
 .ARM.exidx.text.DebugMon_Handler
                0x00000000080083c8        0x0 src/stm32l4xx_it.o
                                          0x8 (size before relaxing)
 .ARM.exidx.text.PendSV_Handler
                0x00000000080083c8        0x0 src/stm32l4xx_it.o
                                          0x8 (size before relaxing)
 .ARM.exidx.text.SysTick_Handler
                0x00000000080083c8        0x0 src/stm32l4xx_it.o
                                          0x8 (size before relaxing)
 .ARM.exidx.text._read
                0x00000000080083c8        0x0 src/syscalls.o
                                          0x8 (size before relaxing)
 .ARM.exidx.text._write
                0x00000000080083c8        0x0 src/syscalls.o
                                          0x8 (size before relaxing)
 .ARM.exidx.text._sbrk
                0x00000000080083c8        0x0 src/syscalls.o
                                          0x8 (size before relaxing)
 .ARM.exidx.text._close
                0x00000000080083c8        0x0 src/syscalls.o
                                          0x8 (size before relaxing)
 .ARM.exidx.text._fstat
                0x00000000080083c8        0x0 src/syscalls.o
                                          0x8 (size before relaxing)
 .ARM.exidx.text._isatty
                0x00000000080083c8        0x0 src/syscalls.o
                                          0x8 (size before relaxing)
 .ARM.exidx.text._lseek
                0x00000000080083c8        0x0 src/syscalls.o
                                          0x8 (size before relaxing)
 .ARM.exidx.text.SystemInit
                0x00000000080083c8        0x0 src/system_stm32l4xx.o
                                          0x8 (size before relaxing)
 .ARM.exidx     0x00000000080083c0        0x8 /home/edward/Ac6/SystemWorkbench_old/plugins/fr.ac6.mcu.externaltools.arm-none.linux64_1.17.0.201812190825/tools/compiler/bin/../lib/gcc/arm-none-eabi/7.3.1/thumb/v7e-m/fpv4-sp/hard/libgcc.a(_udivmoddi4.o)
                0x00000000080083c8                __exidx_end = .
                0x00000000080083c8                . = ALIGN (0x8)

.rel.dyn        0x00000000080083c8        0x0
 .rel.iplt      0x00000000080083c8        0x0 /home/edward/Ac6/SystemWorkbench_old/plugins/fr.ac6.mcu.externaltools.arm-none.linux64_1.17.0.201812190825/tools/compiler/bin/../lib/gcc/arm-none-eabi/7.3.1/thumb/v7e-m/fpv4-sp/hard/crtbegin.o

.preinit_array  0x00000000080083c8        0x0
                0x00000000080083c8                . = ALIGN (0x8)
                0x00000000080083c8                PROVIDE (__preinit_array_start = .)
 *(.preinit_array*)
                0x00000000080083c8                PROVIDE (__preinit_array_end = .)
                0x00000000080083c8                . = ALIGN (0x8)

.init_array     0x00000000080083c8        0x8
                0x00000000080083c8                . = ALIGN (0x8)
                0x00000000080083c8                PROVIDE (__init_array_start = .)
 *(SORT_BY_NAME(.init_array.*))
 .init_array.00000
                0x00000000080083c8        0x4 /home/edward/Ac6/SystemWorkbench_old/plugins/fr.ac6.mcu.externaltools.arm-none.linux64_1.17.0.201812190825/tools/compiler/bin/../lib/gcc/arm-none-eabi/7.3.1/../../../../arm-none-eabi/lib/thumb/v7e-m/fpv4-sp/hard/libc.a(lib_a-__call_atexit.o)
 *(.init_array*)
 .init_array    0x00000000080083cc        0x4 /home/edward/Ac6/SystemWorkbench_old/plugins/fr.ac6.mcu.externaltools.arm-none.linux64_1.17.0.201812190825/tools/compiler/bin/../lib/gcc/arm-none-eabi/7.3.1/thumb/v7e-m/fpv4-sp/hard/crtbegin.o
                0x00000000080083d0                PROVIDE (__init_array_end = .)
                0x00000000080083d0                . = ALIGN (0x8)

.fini_array     0x00000000080083d0        0x8
                0x00000000080083d0                . = ALIGN (0x8)
                0x00000000080083d0                PROVIDE (__fini_array_start = .)
 *(SORT_BY_NAME(.fini_array.*))
 *(.fini_array*)
 .fini_array    0x00000000080083d0        0x4 /home/edward/Ac6/SystemWorkbench_old/plugins/fr.ac6.mcu.externaltools.arm-none.linux64_1.17.0.201812190825/tools/compiler/bin/../lib/gcc/arm-none-eabi/7.3.1/thumb/v7e-m/fpv4-sp/hard/crtbegin.o
                0x00000000080083d4                PROVIDE (__fini_array_end = .)
                0x00000000080083d8                . = ALIGN (0x8)
 *fill*         0x00000000080083d4        0x4 
                0x00000000080083d8                _sidata = LOADADDR (.data)

.data           0x0000000010000000      0x9c8 load address 0x00000000080083d8
                0x0000000010000000                . = ALIGN (0x8)
                0x0000000010000000                _sdata = .
 *(.data)
 .data          0x0000000010000000       0x14 Utilities/B-L475E-IOT01/stm32l475e_iot01.o
                0x0000000010000000                GPIO_PORT
                0x0000000010000004                BUTTON_PORT
                0x0000000010000008                COM_USART
                0x000000001000000c                COM_TX_PORT
                0x0000000010000010                COM_RX_PORT
 .data          0x0000000010000014        0x4 src/system_stm32l4xx.o
                0x0000000010000014                SystemCoreClock
 *(.data*)
 .data._impure_ptr
                0x0000000010000018        0x4 /home/edward/Ac6/SystemWorkbench_old/plugins/fr.ac6.mcu.externaltools.arm-none.linux64_1.17.0.201812190825/tools/compiler/bin/../lib/gcc/arm-none-eabi/7.3.1/../../../../arm-none-eabi/lib/thumb/v7e-m/fpv4-sp/hard/libc.a(lib_a-impure.o)
                0x0000000010000018                _impure_ptr
 *fill*         0x000000001000001c        0x4 
 .data.impure_data
                0x0000000010000020      0x428 /home/edward/Ac6/SystemWorkbench_old/plugins/fr.ac6.mcu.externaltools.arm-none.linux64_1.17.0.201812190825/tools/compiler/bin/../lib/gcc/arm-none-eabi/7.3.1/../../../../arm-none-eabi/lib/thumb/v7e-m/fpv4-sp/hard/libc.a(lib_a-impure.o)
 .data.__atexit_recursive_mutex
                0x0000000010000448        0x4 /home/edward/Ac6/SystemWorkbench_old/plugins/fr.ac6.mcu.externaltools.arm-none.linux64_1.17.0.201812190825/tools/compiler/bin/../lib/gcc/arm-none-eabi/7.3.1/../../../../arm-none-eabi/lib/thumb/v7e-m/fpv4-sp/hard/libc.a(lib_a-__call_atexit.o)
                0x0000000010000448                __atexit_recursive_mutex
 .data.__malloc_av_
                0x000000001000044c      0x408 /home/edward/Ac6/SystemWorkbench_old/plugins/fr.ac6.mcu.externaltools.arm-none.linux64_1.17.0.201812190825/tools/compiler/bin/../lib/gcc/arm-none-eabi/7.3.1/../../../../arm-none-eabi/lib/thumb/v7e-m/fpv4-sp/hard/libc.a(lib_a-mallocr.o)
                0x000000001000044c                __malloc_av_
 .data.__malloc_sbrk_base
                0x0000000010000854        0x4 /home/edward/Ac6/SystemWorkbench_old/plugins/fr.ac6.mcu.externaltools.arm-none.linux64_1.17.0.201812190825/tools/compiler/bin/../lib/gcc/arm-none-eabi/7.3.1/../../../../arm-none-eabi/lib/thumb/v7e-m/fpv4-sp/hard/libc.a(lib_a-mallocr.o)
                0x0000000010000854                __malloc_sbrk_base
 .data.__malloc_trim_threshold
                0x0000000010000858        0x4 /home/edward/Ac6/SystemWorkbench_old/plugins/fr.ac6.mcu.externaltools.arm-none.linux64_1.17.0.201812190825/tools/compiler/bin/../lib/gcc/arm-none-eabi/7.3.1/../../../../arm-none-eabi/lib/thumb/v7e-m/fpv4-sp/hard/libc.a(lib_a-mallocr.o)
                0x0000000010000858                __malloc_trim_threshold
 .data.__global_locale
                0x000000001000085c      0x16c /home/edward/Ac6/SystemWorkbench_old/plugins/fr.ac6.mcu.externaltools.arm-none.linux64_1.17.0.201812190825/tools/compiler/bin/../lib/gcc/arm-none-eabi/7.3.1/../../../../arm-none-eabi/lib/thumb/v7e-m/fpv4-sp/hard/libc.a(lib_a-locale.o)
                0x000000001000085c                __global_locale
                0x00000000100009c8                . = ALIGN (0x8)
                0x00000000100009c8                _edata = .

.igot.plt       0x00000000100009c8        0x0 load address 0x0000000008008da0
 .igot.plt      0x00000000100009c8        0x0 /home/edward/Ac6/SystemWorkbench_old/plugins/fr.ac6.mcu.externaltools.arm-none.linux64_1.17.0.201812190825/tools/compiler/bin/../lib/gcc/arm-none-eabi/7.3.1/thumb/v7e-m/fpv4-sp/hard/crtbegin.o
                0x00000000100009c8                . = ALIGN (0x4)

.bss            0x00000000100009c8      0x25c load address 0x0000000008008da0
                0x00000000100009c8                _sbss = .
                0x00000000100009c8                __bss_start__ = _sbss
 *(.bss)
 .bss           0x00000000100009c8       0x1c /home/edward/Ac6/SystemWorkbench_old/plugins/fr.ac6.mcu.externaltools.arm-none.linux64_1.17.0.201812190825/tools/compiler/bin/../lib/gcc/arm-none-eabi/7.3.1/thumb/v7e-m/fpv4-sp/hard/crtbegin.o
 .bss           0x00000000100009e4       0x10 src/arcfour.o
 .bss           0x00000000100009f4       0x80 src/main.o
 .bss           0x0000000010000a74        0x8 src/syscalls.o
                0x0000000010000a74                __env
 *(.bss*)
 .bss.__malloc_current_mallinfo
                0x0000000010000a7c       0x28 /home/edward/Ac6/SystemWorkbench_old/plugins/fr.ac6.mcu.externaltools.arm-none.linux64_1.17.0.201812190825/tools/compiler/bin/../lib/gcc/arm-none-eabi/7.3.1/../../../../arm-none-eabi/lib/thumb/v7e-m/fpv4-sp/hard/libc.a(lib_a-mallocr.o)
                0x0000000010000a7c                __malloc_current_mallinfo
 .bss.__malloc_max_sbrked_mem
                0x0000000010000aa4        0x4 /home/edward/Ac6/SystemWorkbench_old/plugins/fr.ac6.mcu.externaltools.arm-none.linux64_1.17.0.201812190825/tools/compiler/bin/../lib/gcc/arm-none-eabi/7.3.1/../../../../arm-none-eabi/lib/thumb/v7e-m/fpv4-sp/hard/libc.a(lib_a-mallocr.o)
                0x0000000010000aa4                __malloc_max_sbrked_mem
 .bss.__malloc_max_total_mem
                0x0000000010000aa8        0x4 /home/edward/Ac6/SystemWorkbench_old/plugins/fr.ac6.mcu.externaltools.arm-none.linux64_1.17.0.201812190825/tools/compiler/bin/../lib/gcc/arm-none-eabi/7.3.1/../../../../arm-none-eabi/lib/thumb/v7e-m/fpv4-sp/hard/libc.a(lib_a-mallocr.o)
                0x0000000010000aa8                __malloc_max_total_mem
 .bss.__malloc_top_pad
                0x0000000010000aac        0x4 /home/edward/Ac6/SystemWorkbench_old/plugins/fr.ac6.mcu.externaltools.arm-none.linux64_1.17.0.201812190825/tools/compiler/bin/../lib/gcc/arm-none-eabi/7.3.1/../../../../arm-none-eabi/lib/thumb/v7e-m/fpv4-sp/hard/libc.a(lib_a-mallocr.o)
                0x0000000010000aac                __malloc_top_pad
 *(COMMON)
 COMMON         0x0000000010000ab0        0x4 HAL_Driver/Src/stm32l4xx_hal.o
                0x0000000010000ab0                uwTick
 COMMON         0x0000000010000ab4       0x44 HAL_Driver/Src/stm32l4xx_hal_timebase_tim_template.o
                0x0000000010000ab4                TimHandle
 COMMON         0x0000000010000af8      0x102 src/arcfour.o
                0x0000000010000af8                arcfour_ctx
 *fill*         0x0000000010000bfa        0x2 
 COMMON         0x0000000010000bfc       0x21 /home/edward/Ac6/SystemWorkbench_old/plugins/fr.ac6.mcu.externaltools.arm-none.linux64_1.17.0.201812190825/tools/compiler/bin/../lib/gcc/arm-none-eabi/7.3.1/../../../../arm-none-eabi/lib/thumb/v7e-m/fpv4-sp/hard/libc.a(lib_a-lock.o)
                0x0000000010000bfc                __lock___atexit_recursive_mutex
                0x0000000010000c00                __lock___arc4random_mutex
                0x0000000010000c04                __lock___env_recursive_mutex
                0x0000000010000c08                __lock___sinit_recursive_mutex
                0x0000000010000c0c                __lock___malloc_recursive_mutex
                0x0000000010000c10                __lock___at_quick_exit_mutex
                0x0000000010000c14                __lock___dd_hash_mutex
                0x0000000010000c18                __lock___tz_mutex
                0x0000000010000c1c                __lock___sfp_recursive_mutex
 *fill*         0x0000000010000c1d        0x3 
 COMMON         0x0000000010000c20        0x4 /home/edward/Ac6/SystemWorkbench_old/plugins/fr.ac6.mcu.externaltools.arm-none.linux64_1.17.0.201812190825/tools/compiler/bin/../lib/gcc/arm-none-eabi/7.3.1/../../../../arm-none-eabi/lib/thumb/v7e-m/fpv4-sp/hard/libc.a(lib_a-reent.o)
                0x0000000010000c20                errno
                0x0000000010000c24                . = ALIGN (0x4)
                0x0000000010000c24                _ebss = .
                0x0000000010000c24                __bss_end__ = _ebss

._user_heap_stack
                0x0000000020000000      0x600
                0x0000000020000000                . = ALIGN (0x8)
                0x0000000020000000                PROVIDE (end = .)
                [!provide]                        PROVIDE (_end = .)
                0x0000000020000200                . = (. + _Min_Heap_Size)
 *fill*         0x0000000020000000      0x200 
                0x0000000020000600                . = (. + _Min_Stack_Size)
 *fill*         0x0000000020000200      0x400 
                0x0000000020000600                . = ALIGN (0x8)

.shadow_stack   0x0000000020004000        0x0
                0x0000000020004000                . = ALIGN (0x20)
                0x0000000020004000                _shadow_stack_start = .
 *(.shadow_stack)
                0x0000000020004000                . = ALIGN (0x20)

/DISCARD/
 libc.a(*)
 libm.a(*)
 libgcc.a(*)

.ARM.attributes
                0x0000000000000000       0x36
 *(.ARM.attributes)
 .ARM.attributes
                0x0000000000000000       0x22 /home/edward/Ac6/SystemWorkbench_old/plugins/fr.ac6.mcu.externaltools.arm-none.linux64_1.17.0.201812190825/tools/compiler/bin/../lib/gcc/arm-none-eabi/7.3.1/thumb/v7e-m/fpv4-sp/hard/crti.o
 .ARM.attributes
                0x0000000000000022       0x34 /home/edward/Ac6/SystemWorkbench_old/plugins/fr.ac6.mcu.externaltools.arm-none.linux64_1.17.0.201812190825/tools/compiler/bin/../lib/gcc/arm-none-eabi/7.3.1/thumb/v7e-m/fpv4-sp/hard/crtbegin.o
 .ARM.attributes
                0x0000000000000056       0x49 HAL_Driver/Src/stm32l4xx_hal.o
 .ARM.attributes
                0x000000000000009f       0x49 HAL_Driver/Src/stm32l4xx_hal_cortex.o
 .ARM.attributes
                0x00000000000000e8       0x49 HAL_Driver/Src/stm32l4xx_hal_gpio.o
 .ARM.attributes
                0x0000000000000131       0x49 HAL_Driver/Src/stm32l4xx_hal_pwr_ex.o
 .ARM.attributes
                0x000000000000017a       0x49 HAL_Driver/Src/stm32l4xx_hal_rcc.o
 .ARM.attributes
                0x00000000000001c3       0x49 HAL_Driver/Src/stm32l4xx_hal_tim.o
 .ARM.attributes
                0x000000000000020c       0x49 HAL_Driver/Src/stm32l4xx_hal_tim_ex.o
 .ARM.attributes
                0x0000000000000255       0x49 HAL_Driver/Src/stm32l4xx_hal_timebase_tim_template.o
 .ARM.attributes
                0x000000000000029e       0x49 HAL_Driver/Src/stm32l4xx_hal_uart.o
 .ARM.attributes
                0x00000000000002e7       0x49 Utilities/B-L475E-IOT01/stm32l475e_iot01.o
 .ARM.attributes
                0x0000000000000330       0x49 src/arcfour.o
 .ARM.attributes
                0x0000000000000379       0x49 src/main.o
 .ARM.attributes
                0x00000000000003c2       0x49 src/mpu.o
 .ARM.attributes
                0x000000000000040b       0x49 src/stm32l4xx_hal_msp.o
 .ARM.attributes
                0x0000000000000454       0x49 src/stm32l4xx_it.o
 .ARM.attributes
                0x000000000000049d       0x49 src/syscalls.o
 .ARM.attributes
                0x00000000000004e6       0x49 src/system_stm32l4xx.o
 .ARM.attributes
                0x000000000000052f       0x21 startup/startup_stm32l475xx.o
 .ARM.attributes
                0x0000000000000550       0x22 /home/edward/Ac6/SystemWorkbench_old/plugins/fr.ac6.mcu.externaltools.arm-none.linux64_1.17.0.201812190825/tools/compiler/bin/../lib/gcc/arm-none-eabi/7.3.1/thumb/v7e-m/fpv4-sp/hard/libgcc.a(_aeabi_uldivmod.o)
 .ARM.attributes
                0x0000000000000572       0x34 /home/edward/Ac6/SystemWorkbench_old/plugins/fr.ac6.mcu.externaltools.arm-none.linux64_1.17.0.201812190825/tools/compiler/bin/../lib/gcc/arm-none-eabi/7.3.1/thumb/v7e-m/fpv4-sp/hard/libgcc.a(_udivmoddi4.o)
 .ARM.attributes
                0x00000000000005a6       0x22 /home/edward/Ac6/SystemWorkbench_old/plugins/fr.ac6.mcu.externaltools.arm-none.linux64_1.17.0.201812190825/tools/compiler/bin/../lib/gcc/arm-none-eabi/7.3.1/thumb/v7e-m/fpv4-sp/hard/libgcc.a(_dvmd_tls.o)
 .ARM.attributes
                0x00000000000005c8       0x34 /home/edward/Ac6/SystemWorkbench_old/plugins/fr.ac6.mcu.externaltools.arm-none.linux64_1.17.0.201812190825/tools/compiler/bin/../lib/gcc/arm-none-eabi/7.3.1/../../../../arm-none-eabi/lib/thumb/v7e-m/fpv4-sp/hard/libc.a(lib_a-aeabi_memclr.o)
 .ARM.attributes
                0x00000000000005fc       0x20 /home/edward/Ac6/SystemWorkbench_old/plugins/fr.ac6.mcu.externaltools.arm-none.linux64_1.17.0.201812190825/tools/compiler/bin/../lib/gcc/arm-none-eabi/7.3.1/../../../../arm-none-eabi/lib/thumb/v7e-m/fpv4-sp/hard/libc.a(lib_a-aeabi_memset-soft.o)
 .ARM.attributes
                0x000000000000061c       0x34 /home/edward/Ac6/SystemWorkbench_old/plugins/fr.ac6.mcu.externaltools.arm-none.linux64_1.17.0.201812190825/tools/compiler/bin/../lib/gcc/arm-none-eabi/7.3.1/../../../../arm-none-eabi/lib/thumb/v7e-m/fpv4-sp/hard/libc.a(lib_a-errno.o)
 .ARM.attributes
                0x0000000000000650       0x34 /home/edward/Ac6/SystemWorkbench_old/plugins/fr.ac6.mcu.externaltools.arm-none.linux64_1.17.0.201812190825/tools/compiler/bin/../lib/gcc/arm-none-eabi/7.3.1/../../../../arm-none-eabi/lib/thumb/v7e-m/fpv4-sp/hard/libc.a(lib_a-impure.o)
 .ARM.attributes
                0x0000000000000684       0x34 /home/edward/Ac6/SystemWorkbench_old/plugins/fr.ac6.mcu.externaltools.arm-none.linux64_1.17.0.201812190825/tools/compiler/bin/../lib/gcc/arm-none-eabi/7.3.1/../../../../arm-none-eabi/lib/thumb/v7e-m/fpv4-sp/hard/libc.a(lib_a-init.o)
 .ARM.attributes
                0x00000000000006b8       0x20 /home/edward/Ac6/SystemWorkbench_old/plugins/fr.ac6.mcu.externaltools.arm-none.linux64_1.17.0.201812190825/tools/compiler/bin/../lib/gcc/arm-none-eabi/7.3.1/../../../../arm-none-eabi/lib/thumb/v7e-m/fpv4-sp/hard/libc.a(lib_a-memcpy.o)
 .ARM.attributes
                0x00000000000006d8       0x34 /home/edward/Ac6/SystemWorkbench_old/plugins/fr.ac6.mcu.externaltools.arm-none.linux64_1.17.0.201812190825/tools/compiler/bin/../lib/gcc/arm-none-eabi/7.3.1/../../../../arm-none-eabi/lib/thumb/v7e-m/fpv4-sp/hard/libc.a(lib_a-memset.o)
 .ARM.attributes
                0x000000000000070c       0x34 /home/edward/Ac6/SystemWorkbench_old/plugins/fr.ac6.mcu.externaltools.arm-none.linux64_1.17.0.201812190825/tools/compiler/bin/../lib/gcc/arm-none-eabi/7.3.1/../../../../arm-none-eabi/lib/thumb/v7e-m/fpv4-sp/hard/libc.a(lib_a-printf.o)
 .ARM.attributes
                0x0000000000000740       0x34 /home/edward/Ac6/SystemWorkbench_old/plugins/fr.ac6.mcu.externaltools.arm-none.linux64_1.17.0.201812190825/tools/compiler/bin/../lib/gcc/arm-none-eabi/7.3.1/../../../../arm-none-eabi/lib/thumb/v7e-m/fpv4-sp/hard/libc.a(lib_a-puts.o)
 .ARM.attributes
                0x0000000000000774       0x20 /home/edward/Ac6/SystemWorkbench_old/plugins/fr.ac6.mcu.externaltools.arm-none.linux64_1.17.0.201812190825/tools/compiler/bin/../lib/gcc/arm-none-eabi/7.3.1/../../../../arm-none-eabi/lib/thumb/v7e-m/fpv4-sp/hard/libc.a(lib_a-strlen.o)
 .ARM.attributes
                0x0000000000000794       0x34 /home/edward/Ac6/SystemWorkbench_old/plugins/fr.ac6.mcu.externaltools.arm-none.linux64_1.17.0.201812190825/tools/compiler/bin/../lib/gcc/arm-none-eabi/7.3.1/../../../../arm-none-eabi/lib/thumb/v7e-m/fpv4-sp/hard/libc.a(lib_a-vfprintf.o)
 .ARM.attributes
                0x00000000000007c8       0x34 /home/edward/Ac6/SystemWorkbench_old/plugins/fr.ac6.mcu.externaltools.arm-none.linux64_1.17.0.201812190825/tools/compiler/bin/../lib/gcc/arm-none-eabi/7.3.1/../../../../arm-none-eabi/lib/thumb/v7e-m/fpv4-sp/hard/libc.a(lib_a-wsetup.o)
 .ARM.attributes
                0x00000000000007fc       0x34 /home/edward/Ac6/SystemWorkbench_old/plugins/fr.ac6.mcu.externaltools.arm-none.linux64_1.17.0.201812190825/tools/compiler/bin/../lib/gcc/arm-none-eabi/7.3.1/../../../../arm-none-eabi/lib/thumb/v7e-m/fpv4-sp/hard/libc.a(lib_a-__call_atexit.o)
 .ARM.attributes