Archive member included to satisfy reference by file (symbol)

/home/edward/Ac6/SystemWorkbench_old/plugins/fr.ac6.mcu.externaltools.arm-none.linux64_1.17.0.201812190825/tools/compiler/bin/../lib/gcc/arm-none-eabi/7.3.1/thumb/v7e-m/fpv4-sp/hard/libgcc.a(_aeabi_ldivmod.o)
                              HAL_Driver/Src/stm32l4xx_hal_uart.o (__aeabi_ldivmod)
/home/edward/Ac6/SystemWorkbench_old/plugins/fr.ac6.mcu.externaltools.arm-none.linux64_1.17.0.201812190825/tools/compiler/bin/../lib/gcc/arm-none-eabi/7.3.1/thumb/v7e-m/fpv4-sp/hard/libgcc.a(_aeabi_uldivmod.o)
                              HAL_Driver/Src/stm32l4xx_hal_uart.o (__aeabi_uldivmod)
/home/edward/Ac6/SystemWorkbench_old/plugins/fr.ac6.mcu.externaltools.arm-none.linux64_1.17.0.201812190825/tools/compiler/bin/../lib/gcc/arm-none-eabi/7.3.1/thumb/v7e-m/fpv4-sp/hard/libgcc.a(_udivmoddi4.o)
                              /home/edward/Ac6/SystemWorkbench_old/plugins/fr.ac6.mcu.externaltools.arm-none.linux64_1.17.0.201812190825/tools/compiler/bin/../lib/gcc/arm-none-eabi/7.3.1/thumb/v7e-m/fpv4-sp/hard/libgcc.a(_aeabi_ldivmod.o) (__udivmoddi4)
/home/edward/Ac6/SystemWorkbench_old/plugins/fr.ac6.mcu.externaltools.arm-none.linux64_1.17.0.201812190825/tools/compiler/bin/../lib/gcc/arm-none-eabi/7.3.1/thumb/v7e-m/fpv4-sp/hard/libgcc.a(_dvmd_tls.o)
                              /home/edward/Ac6/SystemWorkbench_old/plugins/fr.ac6.mcu.externaltools.arm-none.linux64_1.17.0.201812190825/tools/compiler/bin/../lib/gcc/arm-none-eabi/7.3.1/thumb/v7e-m/fpv4-sp/hard/libgcc.a(_aeabi_ldivmod.o) (__aeabi_ldiv0)
/home/edward/Ac6/SystemWorkbench_old/plugins/fr.ac6.mcu.externaltools.arm-none.linux64_1.17.0.201812190825/tools/compiler/bin/../lib/gcc/arm-none-eabi/7.3.1/../../../../arm-none-eabi/lib/thumb/v7e-m/fpv4-sp/hard/libc.a(lib_a-errno.o)
                              src/syscalls.o (__errno)
/home/edward/Ac6/SystemWorkbench_old/plugins/fr.ac6.mcu.externaltools.arm-none.linux64_1.17.0.201812190825/tools/compiler/bin/../lib/gcc/arm-none-eabi/7.3.1/../../../../arm-none-eabi/lib/thumb/v7e-m/fpv4-sp/hard/libc.a(lib_a-exit.o)
                              /home/edward/Ac6/SystemWorkbench_old/plugins/fr.ac6.mcu.externaltools.arm-none.linux64_1.17.0.201812190825/tools/compiler/bin/../lib/gcc/arm-none-eabi/7.3.1/../../../../arm-none-eabi/lib/thumb/v7e-m/fpv4-sp/hard/crt0.o (exit)
/home/edward/Ac6/SystemWorkbench_old/plugins/fr.ac6.mcu.externaltools.arm-none.linux64_1.17.0.201812190825/tools/compiler/bin/../lib/gcc/arm-none-eabi/7.3.1/../../../../arm-none-eabi/lib/thumb/v7e-m/fpv4-sp/hard/libc.a(lib_a-impure.o)
                              /home/edward/Ac6/SystemWorkbench_old/plugins/fr.ac6.mcu.externaltools.arm-none.linux64_1.17.0.201812190825/tools/compiler/bin/../lib/gcc/arm-none-eabi/7.3.1/../../../../arm-none-eabi/lib/thumb/v7e-m/fpv4-sp/hard/libc.a(lib_a-exit.o) (_global_impure_ptr)
/home/edward/Ac6/SystemWorkbench_old/plugins/fr.ac6.mcu.externaltools.arm-none.linux64_1.17.0.201812190825/tools/compiler/bin/../lib/gcc/arm-none-eabi/7.3.1/../../../../arm-none-eabi/lib/thumb/v7e-m/fpv4-sp/hard/libc.a(lib_a-init.o)
                              /home/edward/Ac6/SystemWorkbench_old/plugins/fr.ac6.mcu.externaltools.arm-none.linux64_1.17.0.201812190825/tools/compiler/bin/../lib/gcc/arm-none-eabi/7.3.1/../../../../arm-none-eabi/lib/thumb/v7e-m/fpv4-sp/hard/crt0.o (__libc_init_array)
/home/edward/Ac6/SystemWorkbench_old/plugins/fr.ac6.mcu.externaltools.arm-none.linux64_1.17.0.201812190825/tools/compiler/bin/../lib/gcc/arm-none-eabi/7.3.1/../../../../arm-none-eabi/lib/thumb/v7e-m/fpv4-sp/hard/libc.a(lib_a-memcpy.o)
                              Utilities/Components/m24sr/m24sr.o (memcpy)
/home/edward/Ac6/SystemWorkbench_old/plugins/fr.ac6.mcu.externaltools.arm-none.linux64_1.17.0.201812190825/tools/compiler/bin/../lib/gcc/arm-none-eabi/7.3.1/../../../../arm-none-eabi/lib/thumb/v7e-m/fpv4-sp/hard/libc.a(lib_a-memset.o)
                              /home/edward/Ac6/SystemWorkbench_old/plugins/fr.ac6.mcu.externaltools.arm-none.linux64_1.17.0.201812190825/tools/compiler/bin/../lib/gcc/arm-none-eabi/7.3.1/../../../../arm-none-eabi/lib/thumb/v7e-m/fpv4-sp/hard/crt0.o (memset)
/home/edward/Ac6/SystemWorkbench_old/plugins/fr.ac6.mcu.externaltools.arm-none.linux64_1.17.0.201812190825/tools/compiler/bin/../lib/gcc/arm-none-eabi/7.3.1/../../../../arm-none-eabi/lib/thumb/v7e-m/fpv4-sp/hard/libc.a(lib_a-printf.o)
                              src/main.o (printf)
/home/edward/Ac6/SystemWorkbench_old/plugins/fr.ac6.mcu.externaltools.arm-none.linux64_1.17.0.201812190825/tools/compiler/bin/../lib/gcc/arm-none-eabi/7.3.1/../../../../arm-none-eabi/lib/thumb/v7e-m/fpv4-sp/hard/libc.a(lib_a-puts.o)
                              src/main.o (puts)
/home/edward/Ac6/SystemWorkbench_old/plugins/fr.ac6.mcu.externaltools.arm-none.linux64_1.17.0.201812190825/tools/compiler/bin/../lib/gcc/arm-none-eabi/7.3.1/../../../../arm-none-eabi/lib/thumb/v7e-m/fpv4-sp/hard/libc.a(lib_a-strlen.o)
[...]
Memory Configuration

Name             Origin             Length             Attributes
FLASH            0x0000000008000000 0x0000000000100000 xr
RAM_SS           0x0000000020004000 0x0000000000001000 xrw
RAM              0x0000000020000000 0x0000000000004000 xrw
RAM2             0x0000000010000000 0x0000000000004000 xrw
*default*        0x0000000000000000 0xffffffffffffffff

Linker script and memory map

LOAD /home/edward/Ac6/SystemWorkbench_old/plugins/fr.ac6.mcu.externaltools.arm-none.linux64_1.17.0.201812190825/tools/compiler/bin/../lib/gcc/arm-none-eabi/7.3.1/thumb/v7e-m/fpv4-sp/hard/crti.o
LOAD /home/edward/Ac6/SystemWorkbench_old/plugins/fr.ac6.mcu.externaltools.arm-none.linux64_1.17.0.201812190825/tools/compiler/bin/../lib/gcc/arm-none-eabi/7.3.1/thumb/v7e-m/fpv4-sp/hard/crtbegin.o
LOAD /home/edward/Ac6/SystemWorkbench_old/plugins/fr.ac6.mcu.externaltools.arm-none.linux64_1.17.0.201812190825/tools/compiler/bin/../lib/gcc/arm-none-eabi/7.3.1/../../../../arm-none-eabi/lib/thumb/v7e-m/fpv4-sp/hard/crt0.o
LOAD HAL_Driver/Src/Legacy/stm32l4xx_hal_can.o
LOAD HAL_Driver/Src/stm32l4xx_hal.o
LOAD HAL_Driver/Src/stm32l4xx_hal_adc.o
LOAD HAL_Driver/Src/stm32l4xx_hal_adc_ex.o
LOAD HAL_Driver/Src/stm32l4xx_hal_can.o
LOAD HAL_Driver/Src/stm32l4xx_hal_comp.o
LOAD HAL_Driver/Src/stm32l4xx_hal_cortex.o
LOAD HAL_Driver/Src/stm32l4xx_hal_crc.o
LOAD HAL_Driver/Src/stm32l4xx_hal_crc_ex.o
LOAD HAL_Driver/Src/stm32l4xx_hal_cryp.o
LOAD HAL_Driver/Src/stm32l4xx_hal_cryp_ex.o
LOAD HAL_Driver/Src/stm32l4xx_hal_dac.o
LOAD HAL_Driver/Src/stm32l4xx_hal_dac_ex.o
LOAD HAL_Driver/Src/stm32l4xx_hal_dcmi.o
LOAD HAL_Driver/Src/stm32l4xx_hal_dfsdm.o
LOAD HAL_Driver/Src/stm32l4xx_hal_dfsdm_ex.o
LOAD HAL_Driver/Src/stm32l4xx_hal_dma.o
LOAD HAL_Driver/Src/stm32l4xx_hal_dma2d.o
LOAD HAL_Driver/Src/stm32l4xx_hal_dma_ex.o
LOAD HAL_Driver/Src/stm32l4xx_hal_dsi.o
LOAD HAL_Driver/Src/stm32l4xx_hal_exti.o
LOAD HAL_Driver/Src/stm32l4xx_hal_firewall.o
LOAD HAL_Driver/Src/stm32l4xx_hal_flash.o
LOAD HAL_Driver/Src/stm32l4xx_hal_flash_ex.o
LOAD HAL_Driver/Src/stm32l4xx_hal_flash_ramfunc.o
LOAD HAL_Driver/Src/stm32l4xx_hal_gfxmmu.o
LOAD HAL_Driver/Src/stm32l4xx_hal_gpio.o
LOAD HAL_Driver/Src/stm32l4xx_hal_hash.o
LOAD HAL_Driver/Src/stm32l4xx_hal_hash_ex.o
LOAD HAL_Driver/Src/stm32l4xx_hal_hcd.o
LOAD HAL_Driver/Src/stm32l4xx_hal_i2c.o
LOAD HAL_Driver/Src/stm32l4xx_hal_i2c_ex.o
LOAD HAL_Driver/Src/stm32l4xx_hal_irda.o
LOAD HAL_Driver/Src/stm32l4xx_hal_iwdg.o
LOAD HAL_Driver/Src/stm32l4xx_hal_lcd.o
LOAD HAL_Driver/Src/stm32l4xx_hal_lptim.o
LOAD HAL_Driver/Src/stm32l4xx_hal_ltdc.o
LOAD HAL_Driver/Src/stm32l4xx_hal_ltdc_ex.o
LOAD HAL_Driver/Src/stm32l4xx_hal_nand.o
LOAD HAL_Driver/Src/stm32l4xx_hal_nor.o
LOAD HAL_Driver/Src/stm32l4xx_hal_opamp.o
LOAD HAL_Driver/Src/stm32l4xx_hal_opamp_ex.o
LOAD HAL_Driver/Src/stm32l4xx_hal_ospi.o
LOAD HAL_Driver/Src/stm32l4xx_hal_pcd.o
LOAD HAL_Driver/Src/stm32l4xx_hal_pcd_ex.o
LOAD HAL_Driver/Src/stm32l4xx_hal_pwr.o
LOAD HAL_Driver/Src/stm32l4xx_hal_pwr_ex.o
LOAD HAL_Driver/Src/stm32l4xx_hal_qspi.o
LOAD HAL_Driver/Src/stm32l4xx_hal_rcc.o
LOAD HAL_Driver/Src/stm32l4xx_hal_rcc_ex.o
LOAD HAL_Driver/Src/stm32l4xx_hal_rng.o
LOAD HAL_Driver/Src/stm32l4xx_hal_rtc.o
LOAD HAL_Driver/Src/stm32l4xx_hal_rtc_ex.o
LOAD HAL_Driver/Src/stm32l4xx_hal_sai.o
LOAD HAL_Driver/Src/stm32l4xx_hal_sai_ex.o
LOAD HAL_Driver/Src/stm32l4xx_hal_sd.o
LOAD HAL_Driver/Src/stm32l4xx_hal_sd_ex.o
LOAD HAL_Driver/Src/stm32l4xx_hal_smartcard.o
LOAD HAL_Driver/Src/stm32l4xx_hal_smartcard_ex.o
LOAD HAL_Driver/Src/stm32l4xx_hal_smbus.o
LOAD HAL_Driver/Src/stm32l4xx_hal_spi.o
LOAD HAL_Driver/Src/stm32l4xx_hal_spi_ex.o
LOAD HAL_Driver/Src/stm32l4xx_hal_sram.o
LOAD HAL_Driver/Src/stm32l4xx_hal_swpmi.o
LOAD HAL_Driver/Src/stm32l4xx_hal_tim.o
LOAD HAL_Driver/Src/stm32l4xx_hal_tim_ex.o
LOAD HAL_Driver/Src/stm32l4xx_hal_timebase_tim_template.o
LOAD HAL_Driver/Src/stm32l4xx_hal_tsc.o
LOAD HAL_Driver/Src/stm32l4xx_hal_uart.o
LOAD HAL_Driver/Src/stm32l4xx_hal_uart_ex.o
LOAD HAL_Driver/Src/stm32l4xx_hal_usart.o
LOAD HAL_Driver/Src/stm32l4xx_hal_usart_ex.o
LOAD HAL_Driver/Src/stm32l4xx_hal_wwdg.o
LOAD HAL_Driver/Src/stm32l4xx_ll_adc.o
LOAD HAL_Driver/Src/stm32l4xx_ll_comp.o
LOAD HAL_Driver/Src/stm32l4xx_ll_crc.o
LOAD HAL_Driver/Src/stm32l4xx_ll_crs.o
LOAD HAL_Driver/Src/stm32l4xx_ll_dac.o
LOAD HAL_Driver/Src/stm32l4xx_ll_dma.o
LOAD HAL_Driver/Src/stm32l4xx_ll_dma2d.o
LOAD HAL_Driver/Src/stm32l4xx_ll_exti.o
LOAD HAL_Driver/Src/stm32l4xx_ll_fmc.o
LOAD HAL_Driver/Src/stm32l4xx_ll_gpio.o
LOAD HAL_Driver/Src/stm32l4xx_ll_i2c.o
LOAD HAL_Driver/Src/stm32l4xx_ll_lptim.o
LOAD HAL_Driver/Src/stm32l4xx_ll_lpuart.o
LOAD HAL_Driver/Src/stm32l4xx_ll_opamp.o
LOAD HAL_Driver/Src/stm32l4xx_ll_pwr.o
LOAD HAL_Driver/Src/stm32l4xx_ll_rcc.o
LOAD HAL_Driver/Src/stm32l4xx_ll_rng.o
LOAD HAL_Driver/Src/stm32l4xx_ll_rtc.o
LOAD HAL_Driver/Src/stm32l4xx_ll_sdmmc.o
LOAD HAL_Driver/Src/stm32l4xx_ll_spi.o
LOAD HAL_Driver/Src/stm32l4xx_ll_swpmi.o
LOAD HAL_Driver/Src/stm32l4xx_ll_tim.o
LOAD HAL_Driver/Src/stm32l4xx_ll_usart.o
LOAD HAL_Driver/Src/stm32l4xx_ll_usb.o
LOAD HAL_Driver/Src/stm32l4xx_ll_utils.o
LOAD Utilities/B-L475E-IOT01/stm32l475e_iot01.o
LOAD Utilities/B-L475E-IOT01/stm32l475e_iot01_accelero.o
LOAD Utilities/B-L475E-IOT01/stm32l475e_iot01_gyro.o
LOAD Utilities/B-L475E-IOT01/stm32l475e_iot01_hsensor.o
LOAD Utilities/B-L475E-IOT01/stm32l475e_iot01_magneto.o
LOAD Utilities/B-L475E-IOT01/stm32l475e_iot01_psensor.o
LOAD Utilities/B-L475E-IOT01/stm32l475e_iot01_qspi.o
LOAD Utilities/B-L475E-IOT01/stm32l475e_iot01_tsensor.o
LOAD Utilities/Components/cs42l51/cs42l51.o
LOAD Utilities/Components/cs43l22/cs43l22.o
LOAD Utilities/Components/ft3x67/ft3x67.o
LOAD Utilities/Components/ft5336/ft5336.o
LOAD Utilities/Components/ft6x06/ft6x06.o
LOAD Utilities/Components/hts221/hts221.o
LOAD Utilities/Components/hx8347g/hx8347g.o
LOAD Utilities/Components/l3gd20/l3gd20.o
LOAD Utilities/Components/lis3mdl/lis3mdl.o
LOAD Utilities/Components/lps22hb/lps22hb.o
LOAD Utilities/Components/ls016b8uy/ls016b8uy.o
LOAD Utilities/Components/lsm303c/lsm303c.o
LOAD Utilities/Components/lsm303dlhc/lsm303dlhc.o
LOAD Utilities/Components/lsm6dsl/lsm6dsl.o
LOAD Utilities/Components/m24sr/m24sr.o
LOAD Utilities/Components/mfxstm32l152/mfxstm32l152.o
LOAD Utilities/Components/ov9655/ov9655.o
LOAD Utilities/Components/st7735/st7735.o
LOAD Utilities/Components/st7789h2/st7789h2.o
LOAD Utilities/Components/stmpe1600/stmpe1600.o
LOAD Utilities/Components/stmpe811/stmpe811.o
LOAD Utilities/Components/wm8994/wm8994.o
LOAD src/arcfour.o
LOAD src/main.o
LOAD src/mpu.o
LOAD src/stm32l4xx_hal_msp.o
LOAD src/stm32l4xx_it.o
LOAD src/syscalls.o
LOAD src/system_stm32l4xx.o
LOAD startup/startup_stm32l475xx.o
LOAD /home/edward/Ac6/SystemWorkbench_old/plugins/fr.ac6.mcu.externaltools.arm-none.linux64_1.17.0.201812190825/tools/compiler/bin/../lib/gcc/arm-none-eabi/7.3.1/../../../../arm-none-eabi/lib/thumb/v7e-m/fpv4-sp/hard/libm.a
START GROUP
LOAD /home/edward/Ac6/SystemWorkbench_old/plugins/fr.ac6.mcu.externaltools.arm-none.linux64_1.17.0.201812190825/tools/compiler/bin/../lib/gcc/arm-none-eabi/7.3.1/thumb/v7e-m/fpv4-sp/hard/libgcc.a
LOAD /home/edward/Ac6/SystemWorkbench_old/plugins/fr.ac6.mcu.externaltools.arm-none.linux64_1.17.0.201812190825/tools/compiler/bin/../lib/gcc/arm-none-eabi/7.3.1/../../../../arm-none-eabi/lib/thumb/v7e-m/fpv4-sp/hard/libc.a
END GROUP
LOAD /home/edward/Ac6/SystemWorkbench_old/plugins/fr.ac6.mcu.externaltools.arm-none.linux64_1.17.0.201812190825/tools/compiler/bin/../lib/gcc/arm-none-eabi/7.3.1/thumb/v7e-m/fpv4-sp/hard/crtend.o
LOAD /home/edward/Ac6/SystemWorkbench_old/plugins/fr.ac6.mcu.externaltools.arm-none.linux64_1.17.0.201812190825/tools/compiler/bin/../lib/gcc/arm-none-eabi/7.3.1/thumb/v7e-m/fpv4-sp/hard/crtn.o
                0x0000000020003ffc                _estack = 0x20003ffc
                0x0000000020005000                _esstack = 0x20005000
                0x0000000000001004                _offset_sstack = (_esstack - _estack)
                0x0000000000000200                _Min_Heap_Size = 0x200
                0x0000000000000400                _Min_Stack_Size = 0x400

.isr_vector     0x0000000008000000      0x188
                0x0000000008000000                . = ALIGN (0x8)
 *(.isr_vector)
 .isr_vector    0x0000000008000000      0x188 startup/startup_stm32l475xx.o
                0x0000000008000000                g_pfnVectors
                0x0000000008000188                . = ALIGN (0x8)

.text           0x00000000080001c0     0x7d10
                0x00000000080001c0                . = ALIGN (0x8)
 *(.text)
 .text          0x00000000080001c0       0x40 /home/edward/Ac6/SystemWorkbench_old/plugins/fr.ac6.mcu.externaltools.arm-none.linux64_1.17.0.201812190825/tools/compiler/bin/../lib/gcc/arm-none-eabi/7.3.1/thumb/v7e-m/fpv4-sp/hard/crtbegin.o
 .text          0x0000000008000200       0x30 /home/edward/Ac6/SystemWorkbench_old/plugins/fr.ac6.mcu.externaltools.arm-none.linux64_1.17.0.201812190825/tools/compiler/bin/../lib/gcc/arm-none-eabi/7.3.1/thumb/v7e-m/fpv4-sp/hard/libgcc.a(_aeabi_uldivmod.o)
                0x0000000008000200                __aeabi_uldivmod
 .text          0x0000000008000230      0x2cc /home/edward/Ac6/SystemWorkbench_old/plugins/fr.ac6.mcu.externaltools.arm-none.linux64_1.17.0.201812190825/tools/compiler/bin/../lib/gcc/arm-none-eabi/7.3.1/thumb/v7e-m/fpv4-sp/hard/libgcc.a(_udivmoddi4.o)
                0x0000000008000230                __udivmoddi4
 .text          0x00000000080004fc        0x4 /home/edward/Ac6/SystemWorkbench_old/plugins/fr.ac6.mcu.externaltools.arm-none.linux64_1.17.0.201812190825/tools/compiler/bin/../lib/gcc/arm-none-eabi/7.3.1/thumb/v7e-m/fpv4-sp/hard/libgcc.a(_dvmd_tls.o)
                0x00000000080004fc                __aeabi_ldiv0
                0x00000000080004fc                __aeabi_idiv0
 .text          0x0000000008000500      0x134 /home/edward/Ac6/SystemWorkbench_old/plugins/fr.ac6.mcu.externaltools.arm-none.linux64_1.17.0.201812190825/tools/compiler/bin/../lib/gcc/arm-none-eabi/7.3.1/../../../../arm-none-eabi/lib/thumb/v7e-m/fpv4-sp/hard/libc.a(lib_a-memcpy.o)
                0x0000000008000500                memcpy
 *fill*         0x0000000008000634        0xc 
 .text          0x0000000008000640       0xdc /home/edward/Ac6/SystemWorkbench_old/plugins/fr.ac6.mcu.externaltools.arm-none.linux64_1.17.0.201812190825/tools/compiler/bin/../lib/gcc/arm-none-eabi/7.3.1/../../../../arm-none-eabi/lib/thumb/v7e-m/fpv4-sp/hard/libc.a(lib_a-strlen.o)
                0x0000000008000640                strlen
 *fill*         0x000000000800071c        0x4 
 .text          0x0000000008000720       0xa0 /home/edward/Ac6/SystemWorkbench_old/plugins/fr.ac6.mcu.externaltools.arm-none.linux64_1.17.0.201812190825/tools/compiler/bin/../lib/gcc/arm-none-eabi/7.3.1/../../../../arm-none-eabi/lib/thumb/v7e-m/fpv4-sp/hard/libc.a(lib_a-memchr.o)
                0x0000000008000720                memchr
 .text          0x00000000080007c0      0x378 /home/edward/Ac6/SystemWorkbench_old/plugins/fr.ac6.mcu.externaltools.arm-none.linux64_1.17.0.201812190825/tools/compiler/bin/../lib/gcc/arm-none-eabi/7.3.1/thumb/v7e-m/fpv4-sp/hard/libgcc.a(_arm_addsubdf3.o)
                0x00000000080007c0                __aeabi_drsub
                0x00000000080007c8                __aeabi_dsub
                0x00000000080007c8                __subdf3
                0x00000000080007cc                __adddf3
                0x00000000080007cc                __aeabi_dadd
                0x0000000008000a44                __aeabi_ui2d
                0x0000000008000a44                __floatunsidf
                0x0000000008000a64                __floatsidf
                0x0000000008000a64                __aeabi_i2d
                0x0000000008000a88                __extendsfdf2
                0x0000000008000a88                __aeabi_f2d
                0x0000000008000acc                __aeabi_ul2d
                0x0000000008000acc                __floatundidf
                0x0000000008000adc                __floatdidf
                0x0000000008000adc                __aeabi_l2d
 .text          0x0000000008000b38      0x424 /home/edward/Ac6/SystemWorkbench_old/plugins/fr.ac6.mcu.externaltools.arm-none.linux64_1.17.0.201812190825/tools/compiler/bin/../lib/gcc/arm-none-eabi/7.3.1/thumb/v7e-m/fpv4-sp/hard/libgcc.a(_arm_muldivdf3.o)
                0x0000000008000b38                __aeabi_dmul
                0x0000000008000b38                __muldf3
                0x0000000008000d8c                __aeabi_ddiv
                0x0000000008000d8c                __divdf3
 .text          0x0000000008000f5c      0x110 /home/edward/Ac6/SystemWorkbench_old/plugins/fr.ac6.mcu.externaltools.arm-none.linux64_1.17.0.201812190825/tools/compiler/bin/../lib/gcc/arm-none-eabi/7.3.1/thumb/v7e-m/fpv4-sp/hard/libgcc.a(_arm_cmpdf2.o)
                0x0000000008000f5c                __gtdf2
                0x0000000008000f5c                __gedf2
                0x0000000008000f64                __ltdf2
                0x0000000008000f64                __ledf2
                0x0000000008000f6c                __cmpdf2
                0x0000000008000f6c                __eqdf2
                0x0000000008000f6c                __nedf2
                0x0000000008000fe8                __aeabi_cdrcmple
                0x0000000008000ff8                __aeabi_cdcmple
                0x0000000008000ff8                __aeabi_cdcmpeq
                0x0000000008001008                __aeabi_dcmpeq
                0x000000000800101c                __aeabi_dcmplt
                0x0000000008001030                __aeabi_dcmple
                0x0000000008001044                __aeabi_dcmpge
                0x0000000008001058                __aeabi_dcmpgt
 .text          0x000000000800106c       0x2c /home/edward/Ac6/SystemWorkbench_old/plugins/fr.ac6.mcu.externaltools.arm-none.linux64_1.17.0.201812190825/tools/compiler/bin/../lib/gcc/arm-none-eabi/7.3.1/thumb/v7e-m/fpv4-sp/hard/libgcc.a(_arm_unorddf2.o)
                0x000000000800106c                __aeabi_dcmpun
                0x000000000800106c                __unorddf2
 .text          0x0000000008001098       0x50 /home/edward/Ac6/SystemWorkbench_old/plugins/fr.ac6.mcu.externaltools.arm-none.linux64_1.17.0.201812190825/tools/compiler/bin/../lib/gcc/arm-none-eabi/7.3.1/thumb/v7e-m/fpv4-sp/hard/libgcc.a(_arm_fixdfsi.o)
                0x0000000008001098                __fixdfsi
                0x0000000008001098                __aeabi_d2iz
 *(.text*)
 .text.HAL_Init
                0x00000000080010e8       0x28 HAL_Driver/Src/stm32l4xx_hal.o
                0x00000000080010e8                HAL_Init
 .text.HAL_IncTick
                0x0000000008001110       0x10 HAL_Driver/Src/stm32l4xx_hal.o
                0x0000000008001110                HAL_IncTick
 .text.HAL_GetTick
                0x0000000008001120        0xc HAL_Driver/Src/stm32l4xx_hal.o
                0x0000000008001120                HAL_GetTick
 .text.HAL_NVIC_SetPriorityGrouping
                0x000000000800112c       0x24 HAL_Driver/Src/stm32l4xx_hal_cortex.o
                0x000000000800112c                HAL_NVIC_SetPriorityGrouping
 .text.HAL_NVIC_SetPriority
                0x0000000008001150       0x6c HAL_Driver/Src/stm32l4xx_hal_cortex.o
                0x0000000008001150                HAL_NVIC_SetPriority
 .text.HAL_NVIC_EnableIRQ
                0x00000000080011bc       0x18 HAL_Driver/Src/stm32l4xx_hal_cortex.o
                0x00000000080011bc                HAL_NVIC_EnableIRQ
 .text.HAL_GPIO_Init
                0x00000000080011d4      0x228 HAL_Driver/Src/stm32l4xx_hal_gpio.o
                0x00000000080011d4                HAL_GPIO_Init
 .text.HAL_PWREx_GetVoltageRange
                0x00000000080013fc       0x10 HAL_Driver/Src/stm32l4xx_hal_pwr_ex.o
                0x00000000080013fc                HAL_PWREx_GetVoltageRange
 .text.HAL_PWREx_ControlVoltageScaling
                0x000000000800140c       0x88 HAL_Driver/Src/stm32l4xx_hal_pwr_ex.o
                0x000000000800140c                HAL_PWREx_ControlVoltageScaling
 .text.HAL_RCC_GetSysClockFreq
                0x0000000008001494       0xc4 HAL_Driver/Src/stm32l4xx_hal_rcc.o
                0x0000000008001494                HAL_RCC_GetSysClockFreq
 .text.HAL_RCC_OscConfig
                0x0000000008001558      0x610 HAL_Driver/Src/stm32l4xx_hal_rcc.o
                0x0000000008001558                HAL_RCC_OscConfig
 .text.HAL_RCC_ClockConfig
                0x0000000008001b68      0x128 HAL_Driver/Src/stm32l4xx_hal_rcc.o
                0x0000000008001b68                HAL_RCC_ClockConfig
 .text.HAL_RCC_GetPCLK1Freq
                0x0000000008001c90       0x24 HAL_Driver/Src/stm32l4xx_hal_rcc.o
                0x0000000008001c90                HAL_RCC_GetPCLK1Freq
 .text.HAL_RCC_GetPCLK2Freq
                0x0000000008001cb4       0x24 HAL_Driver/Src/stm32l4xx_hal_rcc.o
                0x0000000008001cb4                HAL_RCC_GetPCLK2Freq
 .text.HAL_RCC_GetClockConfig
                0x0000000008001cd8       0x44 HAL_Driver/Src/stm32l4xx_hal_rcc.o
                0x0000000008001cd8                HAL_RCC_GetClockConfig
 .text.HAL_TIM_Base_MspInit
                0x0000000008001d1c        0x4 HAL_Driver/Src/stm32l4xx_hal_tim.o
                0x0000000008001d1c                HAL_TIM_Base_MspInit
 .text.HAL_TIM_Base_Init
                0x0000000008001d20      0x118 HAL_Driver/Src/stm32l4xx_hal_tim.o
                0x0000000008001d20                HAL_TIM_Base_Init
 .text.HAL_TIM_Base_Start_IT
                0x0000000008001e38       0x30 HAL_Driver/Src/stm32l4xx_hal_tim.o
                0x0000000008001e38                HAL_TIM_Base_Start_IT
 .text.HAL_TIM_OC_DelayElapsedCallback
                0x0000000008001e68        0x4 HAL_Driver/Src/stm32l4xx_hal_tim.o
                0x0000000008001e68                HAL_TIM_OC_DelayElapsedCallback
 .text.HAL_TIM_IC_CaptureCallback
                0x0000000008001e6c        0x4 HAL_Driver/Src/stm32l4xx_hal_tim.o
                0x0000000008001e6c                HAL_TIM_IC_CaptureCallback
 .text.HAL_TIM_PWM_PulseFinishedCallback
                0x0000000008001e70        0x4 HAL_Driver/Src/stm32l4xx_hal_tim.o
                0x0000000008001e70                HAL_TIM_PWM_PulseFinishedCallback
 .text.HAL_TIM_TriggerCallback
                0x0000000008001e74        0x4 HAL_Driver/Src/stm32l4xx_hal_tim.o
                0x0000000008001e74                HAL_TIM_TriggerCallback
 .text.HAL_TIM_IRQHandler
                0x0000000008001e78      0x170 HAL_Driver/Src/stm32l4xx_hal_tim.o
                0x0000000008001e78                HAL_TIM_IRQHandler
 .text.HAL_TIMEx_CommutationCallback
                0x0000000008001fe8        0x4 HAL_Driver/Src/stm32l4xx_hal_tim_ex.o
                0x0000000008001fe8                HAL_TIMEx_CommutationCallback
 .text.HAL_TIMEx_BreakCallback
                0x0000000008001fec        0x4 HAL_Driver/Src/stm32l4xx_hal_tim_ex.o
                0x0000000008001fec                HAL_TIMEx_BreakCallback
 .text.HAL_TIMEx_Break2Callback
                0x0000000008001ff0        0x4 HAL_Driver/Src/stm32l4xx_hal_tim_ex.o
                0x0000000008001ff0                HAL_TIMEx_Break2Callback
 .text.HAL_InitTick
                0x0000000008001ff4       0x88 HAL_Driver/Src/stm32l4xx_hal_timebase_tim_template.o
                0x0000000008001ff4                HAL_InitTick
 .text.HAL_TIM_PeriodElapsedCallback
                0x000000000800207c        0x4 HAL_Driver/Src/stm32l4xx_hal_timebase_tim_template.o
                0x000000000800207c                HAL_TIM_PeriodElapsedCallback
 .text.TIM6_DAC_IRQHandler
                0x0000000008002080        0xc HAL_Driver/Src/stm32l4xx_hal_timebase_tim_template.o
                0x0000000008002080                TIM6_DAC_IRQHandler
 .text.HAL_UART_MspInit
                0x000000000800208c        0x4 HAL_Driver/Src/stm32l4xx_hal_uart.o
                0x000000000800208c                HAL_UART_MspInit
 .text.HAL_UART_Transmit
                0x0000000008002090      0x108 HAL_Driver/Src/stm32l4xx_hal_uart.o
                0x0000000008002090                HAL_UART_Transmit
 .text.UART_AdvFeatureConfig
                0x0000000008002198       0xb0 HAL_Driver/Src/stm32l4xx_hal_uart.o
                0x0000000008002198                UART_AdvFeatureConfig
 .text.HAL_UART_Init
                0x0000000008002248      0x438 HAL_Driver/Src/stm32l4xx_hal_uart.o
                0x0000000008002248                HAL_UART_Init
 .text.BSP_COM_Init
                0x0000000008002680       0x88 Utilities/B-L475E-IOT01/stm32l475e_iot01.o
                0x0000000008002680                BSP_COM_Init
 .text.initialise_benchmark
                0x0000000008002708        0x4 src/arcfour.o
                0x0000000008002708                initialise_benchmark
 .text.benchmark
                0x000000000800270c      0x4b8 src/arcfour.o
                0x000000000800270c                benchmark
 .text.verify_benchmark
                0x0000000008002bc4       0xb8 src/arcfour.o
                0x0000000008002bc4                verify_benchmark
 .text.SystemClock_Config
                0x0000000008002c7c       0x64 src/main.o
                0x0000000008002c7c                SystemClock_Config
 .text.__io_putchar
                0x0000000008002ce0       0x24 src/main.o
                0x0000000008002ce0                __io_putchar
 .text.startup.main
                0x0000000008002d04       0xa0 src/main.o
                0x0000000008002d04                main
 .text.initMPU  0x0000000008002da4      0x208 src/mpu.o
                0x0000000008002da4                initMPU
 .text.HAL_MspInit
                0x0000000008002fac       0x30 src/stm32l4xx_hal_msp.o
                0x0000000008002fac                HAL_MspInit
 .text.NMI_Handler
                0x0000000008002fdc        0x4 src/stm32l4xx_it.o
                0x0000000008002fdc                NMI_Handler
 .text.HardFault_Handler
                0x0000000008002fe0        0x4 src/stm32l4xx_it.o
                0x0000000008002fe0                HardFault_Handler
 .text.MemManage_Handler
                0x0000000008002fe4        0x4 src/stm32l4xx_it.o
                0x0000000008002fe4                MemManage_Handler
 .text.BusFault_Handler
                0x0000000008002fe8        0x4 src/stm32l4xx_it.o
                0x0000000008002fe8                BusFault_Handler
 .text.UsageFault_Handler
                0x0000000008002fec        0x4 src/stm32l4xx_it.o
                0x0000000008002fec                UsageFault_Handler
 .text.SVC_Handler
                0x0000000008002ff0        0x4 src/stm32l4xx_it.o
                0x0000000008002ff0                SVC_Handler
 .text.DebugMon_Handler
                0x0000000008002ff4        0x4 src/stm32l4xx_it.o
                0x0000000008002ff4                DebugMon_Handler
 .text.PendSV_Handler
                0x0000000008002ff8        0x4 src/stm32l4xx_it.o
                0x0000000008002ff8                PendSV_Handler
 .text.SysTick_Handler
                0x0000000008002ffc        0x4 src/stm32l4xx_it.o
                0x0000000008002ffc                SysTick_Handler
 .text._read    0x0000000008003000       0x1c src/syscalls.o
                0x0000000008003000                _read
 .text._write   0x000000000800301c       0x1c src/syscalls.o
                0x000000000800301c                _write
 .text._sbrk    0x0000000008003038       0x3c src/syscalls.o
                0x0000000008003038                _sbrk
 .text._close   0x0000000008003074        0x8 src/syscalls.o
                0x0000000008003074                _close
 .text._fstat   0x000000000800307c        0xc src/syscalls.o
                0x000000000800307c                _fstat
 .text._isatty  0x0000000008003088        0x4 src/syscalls.o
                0x0000000008003088                _isatty
 .text._lseek   0x000000000800308c        0x4 src/syscalls.o
                0x000000000800308c                _lseek
 .text.SystemInit
                0x0000000008003090       0x50 src/system_stm32l4xx.o
                0x0000000008003090                SystemInit
 .text.Reset_Handler
                0x00000000080030e0       0x50 startup/startup_stm32l475xx.o
                0x00000000080030e0                Reset_Handler
 .text.Default_Handler
                0x0000000008003130        0x2 startup/startup_stm32l475xx.o
                0x0000000008003130                RTC_Alarm_IRQHandler
                0x0000000008003130                EXTI2_IRQHandler
                0x0000000008003130                TIM8_TRG_COM_IRQHandler
                0x0000000008003130                TIM8_CC_IRQHandler
                0x0000000008003130                TIM1_CC_IRQHandler
                0x0000000008003130                TSC_IRQHandler
                0x0000000008003130                TAMP_STAMP_IRQHandler
                0x0000000008003130                EXTI3_IRQHandler
                0x0000000008003130                LPTIM2_IRQHandler
                0x0000000008003130                DFSDM1_FLT1_IRQHandler
                0x0000000008003130                I2C3_ER_IRQHandler
                0x0000000008003130                DFSDM1_FLT2_IRQHandler
                0x0000000008003130                EXTI0_IRQHandler
                0x0000000008003130                I2C2_EV_IRQHandler
                0x0000000008003130                CAN1_RX0_IRQHandler
                0x0000000008003130                FPU_IRQHandler
                0x0000000008003130                TIM1_UP_TIM16_IRQHandler
                0x0000000008003130                ADC1_2_IRQHandler
                0x0000000008003130                SPI1_IRQHandler
                0x0000000008003130                TIM8_UP_IRQHandler
                0x0000000008003130                DMA2_Channel2_IRQHandler
                0x0000000008003130                DMA1_Channel4_IRQHandler
                0x0000000008003130                SAI2_IRQHandler
                0x0000000008003130                DFSDM1_FLT3_IRQHandler
                0x0000000008003130                USART3_IRQHandler
                0x0000000008003130                DMA1_Channel7_IRQHandler
                0x0000000008003130                CAN1_RX1_IRQHandler
                0x0000000008003130                UART5_IRQHandler
                0x0000000008003130                ADC3_IRQHandler
                0x0000000008003130                TIM4_IRQHandler
                0x0000000008003130                DMA2_Channel1_IRQHandler
                0x0000000008003130                QUADSPI_IRQHandler
                0x0000000008003130                I2C1_EV_IRQHandler
                0x0000000008003130                DMA1_Channel6_IRQHandler
                0x0000000008003130                UART4_IRQHandler
                0x0000000008003130                DMA2_Channel4_IRQHandler
                0x0000000008003130                TIM3_IRQHandler
                0x0000000008003130                RCC_IRQHandler
                0x0000000008003130                DMA1_Channel1_IRQHandler
                0x0000000008003130                Default_Handler
                0x0000000008003130                DMA2_Channel7_IRQHandler
                0x0000000008003130                EXTI15_10_IRQHandler
                0x0000000008003130                TIM7_IRQHandler
                0x0000000008003130                SDMMC1_IRQHandler
                0x0000000008003130                TIM5_IRQHandler
                0x0000000008003130                I2C3_EV_IRQHandler
                0x0000000008003130                EXTI9_5_IRQHandler
                0x0000000008003130                RTC_WKUP_IRQHandler
                0x0000000008003130                PVD_PVM_IRQHandler
                0x0000000008003130                SPI2_IRQHandler
                0x0000000008003130                CAN1_TX_IRQHandler
                0x0000000008003130                DMA2_Channel5_IRQHandler
                0x0000000008003130                DMA1_Channel5_IRQHandler
                0x0000000008003130                EXTI4_IRQHandler
                0x0000000008003130                RNG_IRQHandler
                0x0000000008003130                TIM1_TRG_COM_TIM17_IRQHandler
                0x0000000008003130                DMA1_Channel3_IRQHandler
                0x0000000008003130                COMP_IRQHandler
                0x0000000008003130                WWDG_IRQHandler
                0x0000000008003130                LPUART1_IRQHandler
                0x0000000008003130                DMA2_Channel6_IRQHandler
                0x0000000008003130                TIM2_IRQHandler
                0x0000000008003130                EXTI1_IRQHandler
                0x0000000008003130                USART2_IRQHandler
                0x0000000008003130                DFSDM1_FLT0_IRQHandler
                0x0000000008003130                I2C2_ER_IRQHandler
                0x0000000008003130                DMA1_Channel2_IRQHandler
                0x0000000008003130                TIM8_BRK_IRQHandler
                0x0000000008003130                CAN1_SCE_IRQHandler
                0x0000000008003130                FLASH_IRQHandler
                0x0000000008003130                USART1_IRQHandler
                0x0000000008003130                OTG_FS_IRQHandler
                0x0000000008003130                SPI3_IRQHandler
                0x0000000008003130                I2C1_ER_IRQHandler
                0x0000000008003130                FMC_IRQHandler
                0x0000000008003130                SWPMI1_IRQHandler
                0x0000000008003130                LPTIM1_IRQHandler
                0x0000000008003130                SAI1_IRQHandler
                0x0000000008003130                DMA2_Channel3_IRQHandler
                0x0000000008003130                TIM1_BRK_TIM15_IRQHandler
 *fill*         0x0000000008003132        0x2 
 .text.__errno  0x0000000008003134        0xc /home/edward/Ac6/SystemWorkbench_old/plugins/fr.ac6.mcu.externaltools.arm-none.linux64_1.17.0.201812190825/tools/compiler/bin/../lib/gcc/arm-none-eabi/7.3.1/../../../../arm-none-eabi/lib/thumb/v7e-m/fpv4-sp/hard/libc.a(lib_a-errno.o)
                0x0000000008003134                __errno
 .text.__libc_init_array
                0x0000000008003140       0x48 /home/edward/Ac6/SystemWorkbench_old/plugins/fr.ac6.mcu.externaltools.arm-none.linux64_1.17.0.201812190825/tools/compiler/bin/../lib/gcc/arm-none-eabi/7.3.1/../../../../arm-none-eabi/lib/thumb/v7e-m/fpv4-sp/hard/libc.a(lib_a-init.o)
                0x0000000008003140                __libc_init_array
 .text.memset   0x0000000008003188       0x94 /home/edward/Ac6/SystemWorkbench_old/plugins/fr.ac6.mcu.externaltools.arm-none.linux64_1.17.0.201812190825/tools/compiler/bin/../lib/gcc/arm-none-eabi/7.3.1/../../../../arm-none-eabi/lib/thumb/v7e-m/fpv4-sp/hard/libc.a(lib_a-memset.o)
                0x0000000008003188                memset
 .text.printf   0x000000000800321c       0x28 /home/edward/Ac6/SystemWorkbench_old/plugins/fr.ac6.mcu.externaltools.arm-none.linux64_1.17.0.201812190825/tools/compiler/bin/../lib/gcc/arm-none-eabi/7.3.1/../../../../arm-none-eabi/lib/thumb/v7e-m/fpv4-sp/hard/libc.a(lib_a-printf.o)
                0x000000000800321c                printf
 .text._puts_r  0x0000000008003244       0x9c /home/edward/Ac6/SystemWorkbench_old/plugins/fr.ac6.mcu.externaltools.arm-none.linux64_1.17.0.201812190825/tools/compiler/bin/../lib/gcc/arm-none-eabi/7.3.1/../../../../arm-none-eabi/lib/thumb/v7e-m/fpv4-sp/hard/libc.a(lib_a-puts.o)
                0x0000000008003244                _puts_r
 .text.puts     0x00000000080032e0       0x10 /home/edward/Ac6/SystemWorkbench_old/plugins/fr.ac6.mcu.externaltools.arm-none.linux64_1.17.0.201812190825/tools/compiler/bin/../lib/gcc/arm-none-eabi/7.3.1/../../../../arm-none-eabi/lib/thumb/v7e-m/fpv4-sp/hard/libc.a(lib_a-puts.o)
                0x00000000080032e0                puts
 .text._vfprintf_r
                0x00000000080032f0     0x1a7c /home/edward/Ac6/SystemWorkbench_old/plugins/fr.ac6.mcu.externaltools.arm-none.linux64_1.17.0.201812190825/tools/compiler/bin/../lib/gcc/arm-none-eabi/7.3.1/../../../../arm-none-eabi/lib/thumb/v7e-m/fpv4-sp/hard/libc.a(lib_a-vfprintf.o)
                0x00000000080032f0                _vfprintf_r
 .text.__sbprintf
                0x0000000008004d6c       0x84 /home/edward/Ac6/SystemWorkbench_old/plugins/fr.ac6.mcu.externaltools.arm-none.linux64_1.17.0.201812190825/tools/compiler/bin/../lib/gcc/arm-none-eabi/7.3.1/../../../../arm-none-eabi/lib/thumb/v7e-m/fpv4-sp/hard/libc.a(lib_a-vfprintf.o)
 .text.__swsetup_r
                0x0000000008004df0       0xcc /home/edward/Ac6/SystemWorkbench_old/plugins/fr.ac6.mcu.externaltools.arm-none.linux64_1.17.0.201812190825/tools/compiler/bin/../lib/gcc/arm-none-eabi/7.3.1/../../../../arm-none-eabi/lib/thumb/v7e-m/fpv4-sp/hard/libc.a(lib_a-wsetup.o)
                0x0000000008004df0                __swsetup_r
 .text.startup.register_fini
                0x0000000008004ebc       0x14 /home/edward/Ac6/SystemWorkbench_old/plugins/fr.ac6.mcu.externaltools.arm-none.linux64_1.17.0.201812190825/tools/compiler/bin/../lib/gcc/arm-none-eabi/7.3.1/../../../../arm-none-eabi/lib/thumb/v7e-m/fpv4-sp/hard/libc.a(lib_a-__call_atexit.o)
 .text.atexit   0x0000000008004ed0        0xc /home/edward/Ac6/SystemWorkbench_old/plugins/fr.ac6.mcu.externaltools.arm-none.linux64_1.17.0.201812190825/tools/compiler/bin/../lib/gcc/arm-none-eabi/7.3.1/../../../../arm-none-eabi/lib/thumb/v7e-m/fpv4-sp/hard/libc.a(lib_a-atexit.o)
                0x0000000008004ed0                atexit
 .text.quorem   0x0000000008004edc      0x124 /home/edward/Ac6/SystemWorkbench_old/plugins/fr.ac6.mcu.externaltools.arm-none.linux64_1.17.0.201812190825/tools/compiler/bin/../lib/gcc/arm-none-eabi/7.3.1/../../../../arm-none-eabi/lib/thumb/v7e-m/fpv4-sp/hard/libc.a(lib_a-dtoa.o)
 .text._dtoa_r  0x0000000008005000      0xe20 /home/edward/Ac6/SystemWorkbench_old/plugins/fr.ac6.mcu.externaltools.arm-none.linux64_1.17.0.201812190825/tools/compiler/bin/../lib/gcc/arm-none-eabi/7.3.1/../../../../arm-none-eabi/lib/thumb/v7e-m/fpv4-sp/hard/libc.a(lib_a-dtoa.o)
                0x0000000008005000                _dtoa_r
 .text.__sflush_r
                0x0000000008005e20      0x154 /home/edward/Ac6/SystemWorkbench_old/plugins/fr.ac6.mcu.externaltools.arm-none.linux64_1.17.0.201812190825/tools/compiler/bin/../lib/gcc/arm-none-eabi/7.3.1/../../../../arm-none-eabi/lib/thumb/v7e-m/fpv4-sp/hard/libc.a(lib_a-fflush.o)
                0x0000000008005e20                __sflush_r
 .text._fflush_r
                0x0000000008005f74       0x5c /home/edward/Ac6/SystemWorkbench_old/plugins/fr.ac6.mcu.externaltools.arm-none.linux64_1.17.0.201812190825/tools/compiler/bin/../lib/gcc/arm-none-eabi/7.3.1/../../../../arm-none-eabi/lib/thumb/v7e-m/fpv4-sp/hard/libc.a(lib_a-fflush.o)
                0x0000000008005f74                _fflush_r
 .text.std      0x0000000008005fd0       0x50 /home/edward/Ac6/SystemWorkbench_old/plugins/fr.ac6.mcu.externaltools.arm-none.linux64_1.17.0.201812190825/tools/compiler/bin/../lib/gcc/arm-none-eabi/7.3.1/../../../../arm-none-eabi/lib/thumb/v7e-m/fpv4-sp/hard/libc.a(lib_a-findfp.o)
 .text._cleanup_r
                0x0000000008006020        0xc /home/edward/Ac6/SystemWorkbench_old/plugins/fr.ac6.mcu.externaltools.arm-none.linux64_1.17.0.201812190825/tools/compiler/bin/../lib/gcc/arm-none-eabi/7.3.1/../../../../arm-none-eabi/lib/thumb/v7e-m/fpv4-sp/hard/libc.a(lib_a-findfp.o)
                0x0000000008006020                _cleanup_r
 .text.__sinit  0x000000000800602c       0x58 /home/edward/Ac6/SystemWorkbench_old/plugins/fr.ac6.mcu.externaltools.arm-none.linux64_1.17.0.201812190825/tools/compiler/bin/../lib/gcc/arm-none-eabi/7.3.1/../../../../arm-none-eabi/lib/thumb/v7e-m/fpv4-sp/hard/libc.a(lib_a-findfp.o)
                0x000000000800602c                __sinit
 .text.__sfp_lock_acquire
                0x0000000008006084        0xc /home/edward/Ac6/SystemWorkbench_old/plugins/fr.ac6.mcu.externaltools.arm-none.linux64_1.17.0.201812190825/tools/compiler/bin/../lib/gcc/arm-none-eabi/7.3.1/../../../../arm-none-eabi/lib/thumb/v7e-m/fpv4-sp/hard/libc.a(lib_a-findfp.o)
                0x0000000008006084                __sfp_lock_acquire
 .text.__sfp_lock_release
                0x0000000008006090        0xc /home/edward/Ac6/SystemWorkbench_old/plugins/fr.ac6.mcu.externaltools.arm-none.linux64_1.17.0.201812190825/tools/compiler/bin/../lib/gcc/arm-none-eabi/7.3.1/../../../../arm-none-eabi/lib/thumb/v7e-m/fpv4-sp/hard/libc.a(lib_a-findfp.o)
                0x0000000008006090                __sfp_lock_release
 .text.__libc_fini_array
                0x000000000800609c       0x34 /home/edward/Ac6/SystemWorkbench_old/plugins/fr.ac6.mcu.externaltools.arm-none.linux64_1.17.0.201812190825/tools/compiler/bin/../lib/gcc/arm-none-eabi/7.3.1/../../../../arm-none-eabi/lib/thumb/v7e-m/fpv4-sp/hard/libc.a(lib_a-fini.o)
                0x000000000800609c                __libc_fini_array
 .text._malloc_trim_r
                0x00000000080060d0       0xa0 /home/edward/Ac6/SystemWorkbench_old/plugins/fr.ac6.mcu.externaltools.arm-none.linux64_1.17.0.201812190825/tools/compiler/bin/../lib/gcc/arm-none-eabi/7.3.1/../../../../arm-none-eabi/lib/thumb/v7e-m/fpv4-sp/hard/libc.a(lib_a-freer.o)
                0x00000000080060d0                _malloc_trim_r
 .text._free_r  0x0000000008006170      0x1e8 /home/edward/Ac6/SystemWorkbench_old/plugins/fr.ac6.mcu.externaltools.arm-none.linux64_1.17.0.201812190825/tools/compiler/bin/../lib/gcc/arm-none-eabi/7.3.1/../../../../arm-none-eabi/lib/thumb/v7e-m/fpv4-sp/hard/libc.a(lib_a-freer.o)
                0x0000000008006170                _free_r
 .text.__sfvwrite_r
                0x0000000008006358      0x2fc /home/edward/Ac6/SystemWorkbench_old/plugins/fr.ac6.mcu.externaltools.arm-none.linux64_1.17.0.201812190825/tools/compiler/bin/../lib/gcc/arm-none-eabi/7.3.1/../../../../arm-none-eabi/lib/thumb/v7e-m/fpv4-sp/hard/libc.a(lib_a-fvwrite.o)
                0x0000000008006358                __sfvwrite_r
 .text._fwalk_reent
                0x0000000008006654       0x54 /home/edward/Ac6/SystemWorkbench_old/plugins/fr.ac6.mcu.externaltools.arm-none.linux64_1.17.0.201812190825/tools/compiler/bin/../lib/gcc/arm-none-eabi/7.3.1/../../../../arm-none-eabi/lib/thumb/v7e-m/fpv4-sp/hard/libc.a(lib_a-fwalk.o)
                0x0000000008006654                _fwalk_reent
 .text._localeconv_r
                0x00000000080066a8       0x1c /home/edward/Ac6/SystemWorkbench_old/plugins/fr.ac6.mcu.externaltools.arm-none.linux64_1.17.0.201812190825/tools/compiler/bin/../lib/gcc/arm-none-eabi/7.3.1/../../../../arm-none-eabi/lib/thumb/v7e-m/fpv4-sp/hard/libc.a(lib_a-localeconv.o)
                0x00000000080066a8                _localeconv_r
 .text.__retarget_lock_init_recursive
                0x00000000080066c4        0x4 /home/edward/Ac6/SystemWorkbench_old/plugins/fr.ac6.mcu.externaltools.arm-none.linux64_1.17.0.201812190825/tools/compiler/bin/../lib/gcc/arm-none-eabi/7.3.1/../../../../arm-none-eabi/lib/thumb/v7e-m/fpv4-sp/hard/libc.a(lib_a-lock.o)
                0x00000000080066c4                __retarget_lock_init_recursive
 .text.__retarget_lock_close_recursive
                0x00000000080066c8        0x4 /home/edward/Ac6/SystemWorkbench_old/plugins/fr.ac6.mcu.externaltools.arm-none.linux64_1.17.0.201812190825/tools/compiler/bin/../lib/gcc/arm-none-eabi/7.3.1/../../../../arm-none-eabi/lib/thumb/v7e-m/fpv4-sp/hard/libc.a(lib_a-lock.o)
                0x00000000080066c8                __retarget_lock_close_recursive
 .text.__retarget_lock_acquire_recursive
                0x00000000080066cc        0x4 /home/edward/Ac6/SystemWorkbench_old/plugins/fr.ac6.mcu.externaltools.arm-none.linux64_1.17.0.201812190825/tools/compiler/bin/../lib/gcc/arm-none-eabi/7.3.1/../../../../arm-none-eabi/lib/thumb/v7e-m/fpv4-sp/hard/libc.a(lib_a-lock.o)
                0x00000000080066cc                __retarget_lock_acquire_recursive
 .text.__retarget_lock_release_recursive
                0x00000000080066d0        0x4 /home/edward/Ac6/SystemWorkbench_old/plugins/fr.ac6.mcu.externaltools.arm-none.linux64_1.17.0.201812190825/tools/compiler/bin/../lib/gcc/arm-none-eabi/7.3.1/../../../../arm-none-eabi/lib/thumb/v7e-m/fpv4-sp/hard/libc.a(lib_a-lock.o)
                0x00000000080066d0                __retarget_lock_release_recursive
 .text.__swhatbuf_r
                0x00000000080066d4       0x5c /home/edward/Ac6/SystemWorkbench_old/plugins/fr.ac6.mcu.externaltools.arm-none.linux64_1.17.0.201812190825/tools/compiler/bin/../lib/gcc/arm-none-eabi/7.3.1/../../../../arm-none-eabi/lib/thumb/v7e-m/fpv4-sp/hard/libc.a(lib_a-makebuf.o)
                0x00000000080066d4                __swhatbuf_r
 .text.__smakebuf_r
                0x0000000008006730       0x94 /home/edward/Ac6/SystemWorkbench_old/plugins/fr.ac6.mcu.externaltools.arm-none.linux64_1.17.0.201812190825/tools/compiler/bin/../lib/gcc/arm-none-eabi/7.3.1/../../../../arm-none-eabi/lib/thumb/v7e-m/fpv4-sp/hard/libc.a(lib_a-makebuf.o)
                0x0000000008006730                __smakebuf_r
 .text._malloc_r
                0x00000000080067c4      0x548 /home/edward/Ac6/SystemWorkbench_old/plugins/fr.ac6.mcu.externaltools.arm-none.linux64_1.17.0.201812190825/tools/compiler/bin/../lib/gcc/arm-none-eabi/7.3.1/../../../../arm-none-eabi/lib/thumb/v7e-m/fpv4-sp/hard/libc.a(lib_a-mallocr.o)
                0x00000000080067c4                _malloc_r
 .text.memmove  0x0000000008006d0c       0xc8 /home/edward/Ac6/SystemWorkbench_old/plugins/fr.ac6.mcu.externaltools.arm-none.linux64_1.17.0.201812190825/tools/compiler/bin/../lib/gcc/arm-none-eabi/7.3.1/../../../../arm-none-eabi/lib/thumb/v7e-m/fpv4-sp/hard/libc.a(lib_a-memmove.o)
                0x0000000008006d0c                memmove
 .text.__malloc_lock
                0x0000000008006dd4        0xc /home/edward/Ac6/SystemWorkbench_old/plugins/fr.ac6.mcu.externaltools.arm-none.linux64_1.17.0.201812190825/tools/compiler/bin/../lib/gcc/arm-none-eabi/7.3.1/../../../../arm-none-eabi/lib/thumb/v7e-m/fpv4-sp/hard/libc.a(lib_a-mlock.o)
                0x0000000008006dd4                __malloc_lock
 .text.__malloc_unlock
                0x0000000008006de0        0xc /home/edward/Ac6/SystemWorkbench_old/plugins/fr.ac6.mcu.externaltools.arm-none.linux64_1.17.0.201812190825/tools/compiler/bin/../lib/gcc/arm-none-eabi/7.3.1/../../../../arm-none-eabi/lib/thumb/v7e-m/fpv4-sp/hard/libc.a(lib_a-mlock.o)
                0x0000000008006de0                __malloc_unlock
 .text._Balloc  0x0000000008006dec       0x4c /home/edward/Ac6/SystemWorkbench_old/plugins/fr.ac6.mcu.externaltools.arm-none.linux64_1.17.0.201812190825/tools/compiler/bin/../lib/gcc/arm-none-eabi/7.3.1/../../../../arm-none-eabi/lib/thumb/v7e-m/fpv4-sp/hard/libc.a(lib_a-mprec.o)
                0x0000000008006dec                _Balloc
 .text._Bfree   0x0000000008006e38       0x14 /home/edward/Ac6/SystemWorkbench_old/plugins/fr.ac6.mcu.externaltools.arm-none.linux64_1.17.0.201812190825/tools/compiler/bin/../lib/gcc/arm-none-eabi/7.3.1/../../../../arm-none-eabi/lib/thumb/v7e-m/fpv4-sp/hard/libc.a(lib_a-mprec.o)
                0x0000000008006e38                _Bfree
 .text.__multadd
                0x0000000008006e4c       0x80 /home/edward/Ac6/SystemWorkbench_old/plugins/fr.ac6.mcu.externaltools.arm-none.linux64_1.17.0.201812190825/tools/compiler/bin/../lib/gcc/arm-none-eabi/7.3.1/../../../../arm-none-eabi/lib/thumb/v7e-m/fpv4-sp/hard/libc.a(lib_a-mprec.o)
                0x0000000008006e4c                __multadd
 .text.__hi0bits
                0x0000000008006ecc       0x40 /home/edward/Ac6/SystemWorkbench_old/plugins/fr.ac6.mcu.externaltools.arm-none.linux64_1.17.0.201812190825/tools/compiler/bin/../lib/gcc/arm-none-eabi/7.3.1/../../../../arm-none-eabi/lib/thumb/v7e-m/fpv4-sp/hard/libc.a(lib_a-mprec.o)
                0x0000000008006ecc                __hi0bits
 .text.__lo0bits
                0x0000000008006f0c       0x60 /home/edward/Ac6/SystemWorkbench_old/plugins/fr.ac6.mcu.externaltools.arm-none.linux64_1.17.0.201812190825/tools/compiler/bin/../lib/gcc/arm-none-eabi/7.3.1/../../../../arm-none-eabi/lib/thumb/v7e-m/fpv4-sp/hard/libc.a(lib_a-mprec.o)
                0x0000000008006f0c                __lo0bits
 .text.__i2b    0x0000000008006f6c       0x14 /home/edward/Ac6/SystemWorkbench_old/plugins/fr.ac6.mcu.externaltools.arm-none.linux64_1.17.0.201812190825/tools/compiler/bin/../lib/gcc/arm-none-eabi/7.3.1/../../../../arm-none-eabi/lib/thumb/v7e-m/fpv4-sp/hard/libc.a(lib_a-mprec.o)
                0x0000000008006f6c                __i2b
 .text.__multiply
                0x0000000008006f80      0x14c /home/edward/Ac6/SystemWorkbench_old/plugins/fr.ac6.mcu.externaltools.arm-none.linux64_1.17.0.201812190825/tools/compiler/bin/../lib/gcc/arm-none-eabi/7.3.1/../../../../arm-none-eabi/lib/thumb/v7e-m/fpv4-sp/hard/libc.a(lib_a-mprec.o)
                0x0000000008006f80                __multiply
 .text.__pow5mult
                0x00000000080070cc       0xa0 /home/edward/Ac6/SystemWorkbench_old/plugins/fr.ac6.mcu.externaltools.arm-none.linux64_1.17.0.201812190825/tools/compiler/bin/../lib/gcc/arm-none-eabi/7.3.1/../../../../arm-none-eabi/lib/thumb/v7e-m/fpv4-sp/hard/libc.a(lib_a-mprec.o)
                0x00000000080070cc                __pow5mult
 .text.__lshift
                0x000000000800716c       0xac /home/edward/Ac6/SystemWorkbench_old/plugins/fr.ac6.mcu.externaltools.arm-none.linux64_1.17.0.201812190825/tools/compiler/bin/../lib/gcc/arm-none-eabi/7.3.1/../../../../arm-none-eabi/lib/thumb/v7e-m/fpv4-sp/hard/libc.a(lib_a-mprec.o)
                0x000000000800716c                __lshift
 .text.__mcmp   0x0000000008007218       0x38 /home/edward/Ac6/SystemWorkbench_old/plugins/fr.ac6.mcu.externaltools.arm-none.linux64_1.17.0.201812190825/tools/compiler/bin/../lib/gcc/arm-none-eabi/7.3.1/../../../../arm-none-eabi/lib/thumb/v7e-m/fpv4-sp/hard/libc.a(lib_a-mprec.o)
                0x0000000008007218                __mcmp
 .text.__mdiff  0x0000000008007250       0xec /home/edward/Ac6/SystemWorkbench_old/plugins/fr.ac6.mcu.externaltools.arm-none.linux64_1.17.0.201812190825/tools/compiler/bin/../lib/gcc/arm-none-eabi/7.3.1/../../../../arm-none-eabi/lib/thumb/v7e-m/fpv4-sp/hard/libc.a(lib_a-mprec.o)
                0x0000000008007250                __mdiff
 .text.__d2b    0x000000000800733c       0xc4 /home/edward/Ac6/SystemWorkbench_old/plugins/fr.ac6.mcu.externaltools.arm-none.linux64_1.17.0.201812190825/tools/compiler/bin/../lib/gcc/arm-none-eabi/7.3.1/../../../../arm-none-eabi/lib/thumb/v7e-m/fpv4-sp/hard/libc.a(lib_a-mprec.o)
                0x000000000800733c                __d2b
 .text._realloc_r
                0x0000000008007400      0x35c /home/edward/Ac6/SystemWorkbench_old/plugins/fr.ac6.mcu.externaltools.arm-none.linux64_1.17.0.201812190825/tools/compiler/bin/../lib/gcc/arm-none-eabi/7.3.1/../../../../arm-none-eabi/lib/thumb/v7e-m/fpv4-sp/hard/libc.a(lib_a-reallocr.o)
                0x0000000008007400                _realloc_r
 .text.frexp    0x000000000800775c       0x68 /home/edward/Ac6/SystemWorkbench_old/plugins/fr.ac6.mcu.externaltools.arm-none.linux64_1.17.0.201812190825/tools/compiler/bin/../lib/gcc/arm-none-eabi/7.3.1/../../../../arm-none-eabi/lib/thumb/v7e-m/fpv4-sp/hard/libc.a(lib_a-s_frexp.o)
                0x000000000800775c                frexp
 .text._sbrk_r  0x00000000080077c4       0x24 /home/edward/Ac6/SystemWorkbench_old/plugins/fr.ac6.mcu.externaltools.arm-none.linux64_1.17.0.201812190825/tools/compiler/bin/../lib/gcc/arm-none-eabi/7.3.1/../../../../arm-none-eabi/lib/thumb/v7e-m/fpv4-sp/hard/libc.a(lib_a-sbrkr.o)
                0x00000000080077c4                _sbrk_r
 .text.__sread  0x00000000080077e8       0x24 /home/edward/Ac6/SystemWorkbench_old/plugins/fr.ac6.mcu.externaltools.arm-none.linux64_1.17.0.201812190825/tools/compiler/bin/../lib/gcc/arm-none-eabi/7.3.1/../../../../arm-none-eabi/lib/thumb/v7e-m/fpv4-sp/hard/libc.a(lib_a-stdio.o)
                0x00000000080077e8                __sread
 .text.__swrite
                0x000000000800780c       0x3c /home/edward/Ac6/SystemWorkbench_old/plugins/fr.ac6.mcu.externaltools.arm-none.linux64_1.17.0.201812190825/tools/compiler/bin/../lib/gcc/arm-none-eabi/7.3.1/../../../../arm-none-eabi/lib/thumb/v7e-m/fpv4-sp/hard/libc.a(lib_a-stdio.o)
                0x000000000800780c                __swrite
 .text.__sseek  0x0000000008007848       0x20 /home/edward/Ac6/SystemWorkbench_old/plugins/fr.ac6.mcu.externaltools.arm-none.linux64_1.17.0.201812190825/tools/compiler/bin/../lib/gcc/arm-none-eabi/7.3.1/../../../../arm-none-eabi/lib/thumb/v7e-m/fpv4-sp/hard/libc.a(lib_a-stdio.o)
                0x0000000008007848                __sseek
 .text.__sclose
                0x0000000008007868        0x8 /home/edward/Ac6/SystemWorkbench_old/plugins/fr.ac6.mcu.externaltools.arm-none.linux64_1.17.0.201812190825/tools/compiler/bin/../lib/gcc/arm-none-eabi/7.3.1/../../../../arm-none-eabi/lib/thumb/v7e-m/fpv4-sp/hard/libc.a(lib_a-stdio.o)
                0x0000000008007868                __sclose
 .text.strncpy  0x0000000008007870       0x64 /home/edward/Ac6/SystemWorkbench_old/plugins/fr.ac6.mcu.externaltools.arm-none.linux64_1.17.0.201812190825/tools/compiler/bin/../lib/gcc/arm-none-eabi/7.3.1/../../../../arm-none-eabi/lib/thumb/v7e-m/fpv4-sp/hard/libc.a(lib_a-strncpy.o)
                0x0000000008007870                strncpy
 .text.__sprint_r.part.0
                0x00000000080078d4       0x78 /home/edward/Ac6/SystemWorkbench_old/plugins/fr.ac6.mcu.externaltools.arm-none.linux64_1.17.0.201812190825/tools/compiler/bin/../lib/gcc/arm-none-eabi/7.3.1/../../../../arm-none-eabi/lib/thumb/v7e-m/fpv4-sp/hard/libc.a(lib_a-vfiprintf.o)
 .text.__sprint_r
                0x000000000800794c       0x14 /home/edward/Ac6/SystemWorkbench_old/plugins/fr.ac6.mcu.externaltools.arm-none.linux64_1.17.0.201812190825/tools/compiler/bin/../lib/gcc/arm-none-eabi/7.3.1/../../../../arm-none-eabi/lib/thumb/v7e-m/fpv4-sp/hard/libc.a(lib_a-vfiprintf.o)
                0x000000000800794c                __sprint_r
 .text._write_r
                0x0000000008007960       0x2c /home/edward/Ac6/SystemWorkbench_old/plugins/fr.ac6.mcu.externaltools.arm-none.linux64_1.17.0.201812190825/tools/compiler/bin/../lib/gcc/arm-none-eabi/7.3.1/../../../../arm-none-eabi/lib/thumb/v7e-m/fpv4-sp/hard/libc.a(lib_a-writer.o)
                0x0000000008007960                _write_r
 .text.__register_exitproc
                0x000000000800798c       0xc0 /home/edward/Ac6/SystemWorkbench_old/plugins/fr.ac6.mcu.externaltools.arm-none.linux64_1.17.0.201812190825/tools/compiler/bin/../lib/gcc/arm-none-eabi/7.3.1/../../../../arm-none-eabi/lib/thumb/v7e-m/fpv4-sp/hard/libc.a(lib_a-__atexit.o)
                0x000000000800798c                __register_exitproc
 .text._calloc_r
                0x0000000008007a4c       0x68 /home/edward/Ac6/SystemWorkbench_old/plugins/fr.ac6.mcu.externaltools.arm-none.linux64_1.17.0.201812190825/tools/compiler/bin/../lib/gcc/arm-none-eabi/7.3.1/../../../../arm-none-eabi/lib/thumb/v7e-m/fpv4-sp/hard/libc.a(lib_a-callocr.o)
                0x0000000008007a4c                _calloc_r
 .text._close_r
                0x0000000008007ab4       0x24 /home/edward/Ac6/SystemWorkbench_old/plugins/fr.ac6.mcu.externaltools.arm-none.linux64_1.17.0.201812190825/tools/compiler/bin/../lib/gcc/arm-none-eabi/7.3.1/../../../../arm-none-eabi/lib/thumb/v7e-m/fpv4-sp/hard/libc.a(lib_a-closer.o)
                0x0000000008007ab4                _close_r
 .text._fclose_r
                0x0000000008007ad8       0xd0 /home/edward/Ac6/SystemWorkbench_old/plugins/fr.ac6.mcu.externaltools.arm-none.linux64_1.17.0.201812190825/tools/compiler/bin/../lib/gcc/arm-none-eabi/7.3.1/../../../../arm-none-eabi/lib/thumb/v7e-m/fpv4-sp/hard/libc.a(lib_a-fclose.o)
                0x0000000008007ad8                _fclose_r
 .text.__fputwc
                0x0000000008007ba8       0xa0 /home/edward/Ac6/SystemWorkbench_old/plugins/fr.ac6.mcu.externaltools.arm-none.linux64_1.17.0.201812190825/tools/compiler/bin/../lib/gcc/arm-none-eabi/7.3.1/../../../../arm-none-eabi/lib/thumb/v7e-m/fpv4-sp/hard/libc.a(lib_a-fputwc.o)
                0x0000000008007ba8                __fputwc
 .text._fputwc_r
                0x0000000008007c48       0x64 /home/edward/Ac6/SystemWorkbench_old/plugins/fr.ac6.mcu.externaltools.arm-none.linux64_1.17.0.201812190825/tools/compiler/bin/../lib/gcc/arm-none-eabi/7.3.1/../../../../arm-none-eabi/lib/thumb/v7e-m/fpv4-sp/hard/libc.a(lib_a-fputwc.o)
                0x0000000008007c48                _fputwc_r
 .text._fstat_r
                0x0000000008007cac       0x28 /home/edward/Ac6/SystemWorkbench_old/plugins/fr.ac6.mcu.externaltools.arm-none.linux64_1.17.0.201812190825/tools/compiler/bin/../lib/gcc/arm-none-eabi/7.3.1/../../../../arm-none-eabi/lib/thumb/v7e-m/fpv4-sp/hard/libc.a(lib_a-fstatr.o)
                0x0000000008007cac                _fstat_r
 .text._isatty_r
                0x0000000008007cd4       0x24 /home/edward/Ac6/SystemWorkbench_old/plugins/fr.ac6.mcu.externaltools.arm-none.linux64_1.17.0.201812190825/tools/compiler/bin/../lib/gcc/arm-none-eabi/7.3.1/../../../../arm-none-eabi/lib/thumb/v7e-m/fpv4-sp/hard/libc.a(lib_a-isattyr.o)
                0x0000000008007cd4                _isatty_r
 .text.__locale_mb_cur_max
                0x0000000008007cf8       0x1c /home/edward/Ac6/SystemWorkbench_old/plugins/fr.ac6.mcu.externaltools.arm-none.linux64_1.17.0.201812190825/tools/compiler/bin/../lib/gcc/arm-none-eabi/7.3.1/../../../../arm-none-eabi/lib/thumb/v7e-m/fpv4-sp/hard/libc.a(lib_a-locale.o)
                0x0000000008007cf8                __locale_mb_cur_max
 .text._lseek_r
                0x0000000008007d14       0x2c /home/edward/Ac6/SystemWorkbench_old/plugins/fr.ac6.mcu.externaltools.arm-none.linux64_1.17.0.201812190825/tools/compiler/bin/../lib/gcc/arm-none-eabi/7.3.1/../../../../arm-none-eabi/lib/thumb/v7e-m/fpv4-sp/hard/libc.a(lib_a-lseekr.o)
                0x0000000008007d14                _lseek_r
 .text.__ascii_mbtowc
                0x0000000008007d40       0x2c /home/edward/Ac6/SystemWorkbench_old/plugins/fr.ac6.mcu.externaltools.arm-none.linux64_1.17.0.201812190825/tools/compiler/bin/../lib/gcc/arm-none-eabi/7.3.1/../../../../arm-none-eabi/lib/thumb/v7e-m/fpv4-sp/hard/libc.a(lib_a-mbtowc_r.o)
                0x0000000008007d40                __ascii_mbtowc
 .text._read_r  0x0000000008007d6c       0x2c /home/edward/Ac6/SystemWorkbench_old/plugins/fr.ac6.mcu.externaltools.arm-none.linux64_1.17.0.201812190825/tools/compiler/bin/../lib/gcc/arm-none-eabi/7.3.1/../../../../arm-none-eabi/lib/thumb/v7e-m/fpv4-sp/hard/libc.a(lib_a-readr.o)
                0x0000000008007d6c                _read_r
 .text.__swbuf_r
                0x0000000008007d98       0xb0 /home/edward/Ac6/SystemWorkbench_old/plugins/fr.ac6.mcu.externaltools.arm-none.linux64_1.17.0.201812190825/tools/compiler/bin/../lib/gcc/arm-none-eabi/7.3.1/../../../../arm-none-eabi/lib/thumb/v7e-m/fpv4-sp/hard/libc.a(lib_a-wbuf.o)
                0x0000000008007d98                __swbuf_r
 .text._wcrtomb_r
                0x0000000008007e48       0x50 /home/edward/Ac6/SystemWorkbench_old/plugins/fr.ac6.mcu.externaltools.arm-none.linux64_1.17.0.201812190825/tools/compiler/bin/../lib/gcc/arm-none-eabi/7.3.1/../../../../arm-none-eabi/lib/thumb/v7e-m/fpv4-sp/hard/libc.a(lib_a-wcrtomb.o)
                0x0000000008007e48                _wcrtomb_r
 .text.__ascii_wctomb
                0x0000000008007e98       0x1c /home/edward/Ac6/SystemWorkbench_old/plugins/fr.ac6.mcu.externaltools.arm-none.linux64_1.17.0.201812190825/tools/compiler/bin/../lib/gcc/arm-none-eabi/7.3.1/../../../../arm-none-eabi/lib/thumb/v7e-m/fpv4-sp/hard/libc.a(lib_a-wctomb_r.o)
                0x0000000008007e98                __ascii_wctomb
 *(.glue_7)
 .glue_7        0x0000000008007eb4        0x0 linker stubs
 *(.glue_7t)
 .glue_7t       0x0000000008007eb4        0x0 linker stubs
 *(.eh_frame)
 .eh_frame      0x0000000008007eb4        0x0 /home/edward/Ac6/SystemWorkbench_old/plugins/fr.ac6.mcu.externaltools.arm-none.linux64_1.17.0.201812190825/tools/compiler/bin/../lib/gcc/arm-none-eabi/7.3.1/thumb/v7e-m/fpv4-sp/hard/crtbegin.o
 *(.init)
 .init          0x0000000008007eb4        0x4 /home/edward/Ac6/SystemWorkbench_old/plugins/fr.ac6.mcu.externaltools.arm-none.linux64_1.17.0.201812190825/tools/compiler/bin/../lib/gcc/arm-none-eabi/7.3.1/thumb/v7e-m/fpv4-sp/hard/crti.o
                0x0000000008007eb4                _init
 .init          0x0000000008007eb8        0x8 /home/edward/Ac6/SystemWorkbench_old/plugins/fr.ac6.mcu.externaltools.arm-none.linux64_1.17.0.201812190825/tools/compiler/bin/../lib/gcc/arm-none-eabi/7.3.1/thumb/v7e-m/fpv4-sp/hard/crtn.o
 *(.fini)
 .fini          0x0000000008007ec0        0x4 /home/edward/Ac6/SystemWorkbench_old/plugins/fr.ac6.mcu.externaltools.arm-none.linux64_1.17.0.201812190825/tools/compiler/bin/../lib/gcc/arm-none-eabi/7.3.1/thumb/v7e-m/fpv4-sp/hard/crti.o
                0x0000000008007ec0                _fini
 .fini          0x0000000008007ec4        0x8 /home/edward/Ac6/SystemWorkbench_old/plugins/fr.ac6.mcu.externaltools.arm-none.linux64_1.17.0.201812190825/tools/compiler/bin/../lib/gcc/arm-none-eabi/7.3.1/thumb/v7e-m/fpv4-sp/hard/crtn.o
                0x0000000008007ed0                . = ALIGN (0x8)
 *fill*         0x0000000008007ecc        0x4 
                0x0000000008007ed0                _etext = .

.vfp11_veneer   0x0000000008007ed0        0x0
 .vfp11_veneer  0x0000000008007ed0        0x0 linker stubs

.v4_bx          0x0000000008007ed0        0x0
 .v4_bx         0x0000000008007ed0        0x0 linker stubs

.iplt           0x0000000008007ed0        0x0
 .iplt          0x0000000008007ed0        0x0 /home/edward/Ac6/SystemWorkbench_old/plugins/fr.ac6.mcu.externaltools.arm-none.linux64_1.17.0.201812190825/tools/compiler/bin/../lib/gcc/arm-none-eabi/7.3.1/thumb/v7e-m/fpv4-sp/hard/crtbegin.o

.rodata         0x0000000008007ed0      0x690
                0x0000000008007ed0                . = ALIGN (0x8)
 *(.rodata)
 .rodata        0x0000000008007ed0       0x14 HAL_Driver/Src/stm32l4xx_hal_uart.o
 .rodata        0x0000000008007ee4       0x50 src/arcfour.o
 .rodata        0x0000000008007f34       0x48 src/system_stm32l4xx.o
                0x0000000008007f34                MSIRangeTable
                0x0000000008007f64                AHBPrescTable
                0x0000000008007f74                APBPrescTable
 *(.rodata*)
 .rodata.str1.4
                0x0000000008007f7c       0xb7 src/main.o
                                         0xbb (size before relaxing)
 *fill*         0x0000000008008033        0x1 
 .rodata.str1.4
                0x0000000008008034      0x29f src/mpu.o
 *fill*         0x00000000080082d3        0x1 
 .rodata._global_impure_ptr
                0x00000000080082d4        0x4 /home/edward/Ac6/SystemWorkbench_old/plugins/fr.ac6.mcu.externaltools.arm-none.linux64_1.17.0.201812190825/tools/compiler/bin/../lib/gcc/arm-none-eabi/7.3.1/../../../../arm-none-eabi/lib/thumb/v7e-m/fpv4-sp/hard/libc.a(lib_a-impure.o)
                0x00000000080082d4                _global_impure_ptr
 .rodata._puts_r.str1.4
                0x00000000080082d8      0x29f /home/edward/Ac6/SystemWorkbench_old/plugins/fr.ac6.mcu.externaltools.arm-none.linux64_1.17.0.201812190825/tools/compiler/bin/../lib/gcc/arm-none-eabi/7.3.1/../../../../arm-none-eabi/lib/thumb/v7e-m/fpv4-sp/hard/libc.a(lib_a-puts.o)
                                          0x2 (size before relaxing)
 .rodata._vfprintf_r.str1.4
                0x00000000080082d8       0x42 /home/edward/Ac6/SystemWorkbench_old/plugins/fr.ac6.mcu.externaltools.arm-none.linux64_1.17.0.201812190825/tools/compiler/bin/../lib/gcc/arm-none-eabi/7.3.1/../../../../arm-none-eabi/lib/thumb/v7e-m/fpv4-sp/hard/libc.a(lib_a-vfprintf.o)
 *fill*         0x000000000800831a        0x2 
 .rodata.blanks.8605
                0x000000000800831c       0x10 /home/edward/Ac6/SystemWorkbench_old/plugins/fr.ac6.mcu.externaltools.arm-none.linux64_1.17.0.201812190825/tools/compiler/bin/../lib/gcc/arm-none-eabi/7.3.1/../../../../arm-none-eabi/lib/thumb/v7e-m/fpv4-sp/hard/libc.a(lib_a-vfprintf.o)
 .rodata.zeroes.8606
                0x000000000800832c       0x10 /home/edward/Ac6/SystemWorkbench_old/plugins/fr.ac6.mcu.externaltools.arm-none.linux64_1.17.0.201812190825/tools/compiler/bin/../lib/gcc/arm-none-eabi/7.3.1/../../../../arm-none-eabi/lib/thumb/v7e-m/fpv4-sp/hard/libc.a(lib_a-vfprintf.o)
 .rodata._dtoa_r.str1.4
                0x000000000800833c       0x10 /home/edward/Ac6/SystemWorkbench_old/plugins/fr.ac6.mcu.externaltools.arm-none.linux64_1.17.0.201812190825/tools/compiler/bin/../lib/gcc/arm-none-eabi/7.3.1/../../../../arm-none-eabi/lib/thumb/v7e-m/fpv4-sp/hard/libc.a(lib_a-dtoa.o)
                                         0x12 (size before relaxing)
 *fill*         0x000000000800834c        0x4 
 .rodata.__mprec_bigtens
                0x0000000008008350       0x28 /home/edward/Ac6/SystemWorkbench_old/plugins/fr.ac6.mcu.externaltools.arm-none.linux64_1.17.0.201812190825/tools/compiler/bin/../lib/gcc/arm-none-eabi/7.3.1/../../../../arm-none-eabi/lib/thumb/v7e-m/fpv4-sp/hard/libc.a(lib_a-mprec.o)
                0x0000000008008350                __mprec_bigtens
 .rodata.__mprec_tens
                0x0000000008008378       0xc8 /home/edward/Ac6/SystemWorkbench_old/plugins/fr.ac6.mcu.externaltools.arm-none.linux64_1.17.0.201812190825/tools/compiler/bin/../lib/gcc/arm-none-eabi/7.3.1/../../../../arm-none-eabi/lib/thumb/v7e-m/fpv4-sp/hard/libc.a(lib_a-mprec.o)
                0x0000000008008378                __mprec_tens
 .rodata.p05.7367
                0x0000000008008440        0xc /home/edward/Ac6/SystemWorkbench_old/plugins/fr.ac6.mcu.externaltools.arm-none.linux64_1.17.0.201812190825/tools/compiler/bin/../lib/gcc/arm-none-eabi/7.3.1/../../../../arm-none-eabi/lib/thumb/v7e-m/fpv4-sp/hard/libc.a(lib_a-mprec.o)
 .rodata._setlocale_r.str1.4
                0x000000000800844c        0xa /home/edward/Ac6/SystemWorkbench_old/plugins/fr.ac6.mcu.externaltools.arm-none.linux64_1.17.0.201812190825/tools/compiler/bin/../lib/gcc/arm-none-eabi/7.3.1/../../../../arm-none-eabi/lib/thumb/v7e-m/fpv4-sp/hard/libc.a(lib_a-locale.o)
                                          0xd (size before relaxing)
 *fill*         0x0000000008008456        0x2 
 .rodata.str1.4
                0x0000000008008458        0x4 /home/edward/Ac6/SystemWorkbench_old/plugins/fr.ac6.mcu.externaltools.arm-none.linux64_1.17.0.201812190825/tools/compiler/bin/../lib/gcc/arm-none-eabi/7.3.1/../../../../arm-none-eabi/lib/thumb/v7e-m/fpv4-sp/hard/libc.a(lib_a-locale.o)
                                          0x2 (size before relaxing)
 .rodata._ctype_
                0x000000000800845c      0x101 /home/edward/Ac6/SystemWorkbench_old/plugins/fr.ac6.mcu.externaltools.arm-none.linux64_1.17.0.201812190825/tools/compiler/bin/../lib/gcc/arm-none-eabi/7.3.1/../../../../arm-none-eabi/lib/thumb/v7e-m/fpv4-sp/hard/libc.a(lib_a-ctype_.o)
                0x000000000800845c                _ctype_
                0x0000000008008560                . = ALIGN (0x8)
 *fill*         0x000000000800855d        0x3 

.ARM.extab      0x0000000008008560        0x0
                0x0000000008008560                . = ALIGN (0x8)
 *(.ARM.extab* .gnu.linkonce.armextab.*)
                0x0000000008008560                . = ALIGN (0x8)

.ARM            0x0000000008008560        0x8
                0x0000000008008560                . = ALIGN (0x8)
                0x0000000008008560                __exidx_start = .
 *(.ARM.exidx*)
 .ARM.exidx     0x0000000008008560        0x8 /home/edward/Ac6/SystemWorkbench_old/plugins/fr.ac6.mcu.externaltools.arm-none.linux64_1.17.0.201812190825/tools/compiler/bin/../lib/gcc/arm-none-eabi/7.3.1/thumb/v7e-m/fpv4-sp/hard/libgcc.a(_udivmoddi4.o)
                0x0000000008008568                __exidx_end = .
                0x0000000008008568                . = ALIGN (0x8)

.rel.dyn        0x0000000008008568        0x0
 .rel.iplt      0x0000000008008568        0x0 /home/edward/Ac6/SystemWorkbench_old/plugins/fr.ac6.mcu.externaltools.arm-none.linux64_1.17.0.201812190825/tools/compiler/bin/../lib/gcc/arm-none-eabi/7.3.1/thumb/v7e-m/fpv4-sp/hard/crtbegin.o

.preinit_array  0x0000000008008568        0x0
                0x0000000008008568                . = ALIGN (0x8)
                0x0000000008008568                PROVIDE (__preinit_array_start = .)
 *(.preinit_array*)
                0x0000000008008568                PROVIDE (__preinit_array_end = .)
                0x0000000008008568                . = ALIGN (0x8)

.init_array     0x0000000008008568        0x8
                0x0000000008008568                . = ALIGN (0x8)
                0x0000000008008568                PROVIDE (__init_array_start = .)
 *(SORT_BY_NAME(.init_array.*))
 .init_array.00000
                0x0000000008008568        0x4 /home/edward/Ac6/SystemWorkbench_old/plugins/fr.ac6.mcu.externaltools.arm-none.linux64_1.17.0.201812190825/tools/compiler/bin/../lib/gcc/arm-none-eabi/7.3.1/../../../../arm-none-eabi/lib/thumb/v7e-m/fpv4-sp/hard/libc.a(lib_a-__call_atexit.o)
 *(.init_array*)
 .init_array    0x000000000800856c        0x4 /home/edward/Ac6/SystemWorkbench_old/plugins/fr.ac6.mcu.externaltools.arm-none.linux64_1.17.0.201812190825/tools/compiler/bin/../lib/gcc/arm-none-eabi/7.3.1/thumb/v7e-m/fpv4-sp/hard/crtbegin.o
                0x0000000008008570                PROVIDE (__init_array_end = .)
                0x0000000008008570                . = ALIGN (0x8)

.fini_array     0x0000000008008570        0x8
                0x0000000008008570                . = ALIGN (0x8)
                0x0000000008008570                PROVIDE (__fini_array_start = .)
 *(SORT_BY_NAME(.fini_array.*))
 *(.fini_array*)
 .fini_array    0x0000000008008570        0x4 /home/edward/Ac6/SystemWorkbench_old/plugins/fr.ac6.mcu.externaltools.arm-none.linux64_1.17.0.201812190825/tools/compiler/bin/../lib/gcc/arm-none-eabi/7.3.1/thumb/v7e-m/fpv4-sp/hard/crtbegin.o
                0x0000000008008574                PROVIDE (__fini_array_end = .)
                0x0000000008008578                . = ALIGN (0x8)
 *fill*         0x0000000008008574        0x4 
                0x0000000008008578                _sidata = LOADADDR (.data)

.data           0x0000000010000000      0x9c8 load address 0x0000000008008578
                0x0000000010000000                . = ALIGN (0x8)
                0x0000000010000000                _sdata = .
 *(.data)
 .data          0x0000000010000000       0x14 Utilities/B-L475E-IOT01/stm32l475e_iot01.o
                0x0000000010000000                GPIO_PORT
                0x0000000010000004                BUTTON_PORT
                0x0000000010000008                COM_TX_PORT
                0x000000001000000c                COM_RX_PORT
                0x0000000010000010                COM_USART
 .data          0x0000000010000014        0x4 src/system_stm32l4xx.o
                0x0000000010000014                SystemCoreClock
 *(.data*)
 .data._impure_ptr
                0x0000000010000018        0x4 /home/edward/Ac6/SystemWorkbench_old/plugins/fr.ac6.mcu.externaltools.arm-none.linux64_1.17.0.201812190825/tools/compiler/bin/../lib/gcc/arm-none-eabi/7.3.1/../../../../arm-none-eabi/lib/thumb/v7e-m/fpv4-sp/hard/libc.a(lib_a-impure.o)
                0x0000000010000018                _impure_ptr
 *fill*         0x000000001000001c        0x4 
 .data.impure_data
                0x0000000010000020      0x428 /home/edward/Ac6/SystemWorkbench_old/plugins/fr.ac6.mcu.externaltools.arm-none.linux64_1.17.0.201812190825/tools/compiler/bin/../lib/gcc/arm-none-eabi/7.3.1/../../../../arm-none-eabi/lib/thumb/v7e-m/fpv4-sp/hard/libc.a(lib_a-impure.o)
 .data.__atexit_recursive_mutex
                0x0000000010000448        0x4 /home/edward/Ac6/SystemWorkbench_old/plugins/fr.ac6.mcu.externaltools.arm-none.linux64_1.17.0.201812190825/tools/compiler/bin/../lib/gcc/arm-none-eabi/7.3.1/../../../../arm-none-eabi/lib/thumb/v7e-m/fpv4-sp/hard/libc.a(lib_a-__call_atexit.o)
                0x0000000010000448                __atexit_recursive_mutex
 .data.__malloc_av_
                0x000000001000044c      0x408 /home/edward/Ac6/SystemWorkbench_old/plugins/fr.ac6.mcu.externaltools.arm-none.linux64_1.17.0.201812190825/tools/compiler/bin/../lib/gcc/arm-none-eabi/7.3.1/../../../../arm-none-eabi/lib/thumb/v7e-m/fpv4-sp/hard/libc.a(lib_a-mallocr.o)
                0x000000001000044c                __malloc_av_
 .data.__malloc_sbrk_base
                0x0000000010000854        0x4 /home/edward/Ac6/SystemWorkbench_old/plugins/fr.ac6.mcu.externaltools.arm-none.linux64_1.17.0.201812190825/tools/compiler/bin/../lib/gcc/arm-none-eabi/7.3.1/../../../../arm-none-eabi/lib/thumb/v7e-m/fpv4-sp/hard/libc.a(lib_a-mallocr.o)
                0x0000000010000854                __malloc_sbrk_base
 .data.__malloc_trim_threshold
                0x0000000010000858        0x4 /home/edward/Ac6/SystemWorkbench_old/plugins/fr.ac6.mcu.externaltools.arm-none.linux64_1.17.0.201812190825/tools/compiler/bin/../lib/gcc/arm-none-eabi/7.3.1/../../../../arm-none-eabi/lib/thumb/v7e-m/fpv4-sp/hard/libc.a(lib_a-mallocr.o)
                0x0000000010000858                __malloc_trim_threshold
 .data.__global_locale
                0x000000001000085c      0x16c /home/edward/Ac6/SystemWorkbench_old/plugins/fr.ac6.mcu.externaltools.arm-none.linux64_1.17.0.201812190825/tools/compiler/bin/../lib/gcc/arm-none-eabi/7.3.1/../../../../arm-none-eabi/lib/thumb/v7e-m/fpv4-sp/hard/libc.a(lib_a-locale.o)
                0x000000001000085c                __global_locale
                0x00000000100009c8                . = ALIGN (0x8)
                0x00000000100009c8                _edata = .

.igot.plt       0x00000000100009c8        0x0 load address 0x0000000008008f40
 .igot.plt      0x00000000100009c8        0x0 /home/edward/Ac6/SystemWorkbench_old/plugins/fr.ac6.mcu.externaltools.arm-none.linux64_1.17.0.201812190825/tools/compiler/bin/../lib/gcc/arm-none-eabi/7.3.1/thumb/v7e-m/fpv4-sp/hard/crtbegin.o
                0x00000000100009c8                . = ALIGN (0x4)

.bss            0x00000000100009c8      0x250 load address 0x0000000008008f40
                0x00000000100009c8                _sbss = .
                0x00000000100009c8                __bss_start__ = _sbss
 *(.bss)
 .bss           0x00000000100009c8       0x1c /home/edward/Ac6/SystemWorkbench_old/plugins/fr.ac6.mcu.externaltools.arm-none.linux64_1.17.0.201812190825/tools/compiler/bin/../lib/gcc/arm-none-eabi/7.3.1/thumb/v7e-m/fpv4-sp/hard/crtbegin.o
 .bss           0x00000000100009e4       0x10 src/arcfour.o
 .bss           0x00000000100009f4       0x78 src/main.o
 .bss           0x0000000010000a6c        0x8 src/syscalls.o
                0x0000000010000a70                __env
 *(.bss*)
 .bss.__malloc_current_mallinfo
                0x0000000010000a74       0x28 /home/edward/Ac6/SystemWorkbench_old/plugins/fr.ac6.mcu.externaltools.arm-none.linux64_1.17.0.201812190825/tools/compiler/bin/../lib/gcc/arm-none-eabi/7.3.1/../../../../arm-none-eabi/lib/thumb/v7e-m/fpv4-sp/hard/libc.a(lib_a-mallocr.o)
                0x0000000010000a74                __malloc_current_mallinfo
 .bss.__malloc_max_sbrked_mem
                0x0000000010000a9c        0x4 /home/edward/Ac6/SystemWorkbench_old/plugins/fr.ac6.mcu.externaltools.arm-none.linux64_1.17.0.201812190825/tools/compiler/bin/../lib/gcc/arm-none-eabi/7.3.1/../../../../arm-none-eabi/lib/thumb/v7e-m/fpv4-sp/hard/libc.a(lib_a-mallocr.o)
                0x0000000010000a9c                __malloc_max_sbrked_mem
 .bss.__malloc_max_total_mem
                0x0000000010000aa0        0x4 /home/edward/Ac6/SystemWorkbench_old/plugins/fr.ac6.mcu.externaltools.arm-none.linux64_1.17.0.201812190825/tools/compiler/bin/../lib/gcc/arm-none-eabi/7.3.1/../../../../arm-none-eabi/lib/thumb/v7e-m/fpv4-sp/hard/libc.a(lib_a-mallocr.o)
                0x0000000010000aa0                __malloc_max_total_mem
 .bss.__malloc_top_pad
                0x0000000010000aa4        0x4 /home/edward/Ac6/SystemWorkbench_old/plugins/fr.ac6.mcu.externaltools.arm-none.linux64_1.17.0.201812190825/tools/compiler/bin/../lib/gcc/arm-none-eabi/7.3.1/../../../../arm-none-eabi/lib/thumb/v7e-m/fpv4-sp/hard/libc.a(lib_a-mallocr.o)
                0x0000000010000aa4                __malloc_top_pad
 *(COMMON)
 COMMON         0x0000000010000aa8        0x4 HAL_Driver/Src/stm32l4xx_hal.o
                0x0000000010000aa8                uwTick
 COMMON         0x0000000010000aac       0x40 HAL_Driver/Src/stm32l4xx_hal_timebase_tim_template.o
                0x0000000010000aac                TimHandle
 COMMON         0x0000000010000aec      0x102 src/arcfour.o
                0x0000000010000aec                arcfour_ctx
 *fill*         0x0000000010000bee        0x2 
 COMMON         0x0000000010000bf0       0x21 /home/edward/Ac6/SystemWorkbench_old/plugins/fr.ac6.mcu.externaltools.arm-none.linux64_1.17.0.201812190825/tools/compiler/bin/../lib/gcc/arm-none-eabi/7.3.1/../../../../arm-none-eabi/lib/thumb/v7e-m/fpv4-sp/hard/libc.a(lib_a-lock.o)
                0x0000000010000bf0                __lock___atexit_recursive_mutex
                0x0000000010000bf4                __lock___arc4random_mutex
                0x0000000010000bf8                __lock___env_recursive_mutex
                0x0000000010000bfc                __lock___sinit_recursive_mutex
                0x0000000010000c00                __lock___malloc_recursive_mutex
                0x0000000010000c04                __lock___at_quick_exit_mutex
                0x0000000010000c08                __lock___dd_hash_mutex
                0x0000000010000c0c                __lock___tz_mutex
                0x0000000010000c10                __lock___sfp_recursive_mutex
 *fill*         0x0000000010000c11        0x3 
 COMMON         0x0000000010000c14        0x4 /home/edward/Ac6/SystemWorkbench_old/plugins/fr.ac6.mcu.externaltools.arm-none.linux64_1.17.0.201812190825/tools/compiler/bin/../lib/gcc/arm-none-eabi/7.3.1/../../../../arm-none-eabi/lib/thumb/v7e-m/fpv4-sp/hard/libc.a(lib_a-reent.o)
                0x0000000010000c14                errno
                0x0000000010000c18                . = ALIGN (0x4)
                0x0000000010000c18                _ebss = .
                0x0000000010000c18                __bss_end__ = _ebss

._user_heap_stack
                0x0000000020000000      0x600
                0x0000000020000000                . = ALIGN (0x8)
                0x0000000020000000                PROVIDE (end = .)
                [!provide]                        PROVIDE (_end = .)
                0x0000000020000200                . = (. + _Min_Heap_Size)
 *fill*         0x0000000020000000      0x200 
                0x0000000020000600                . = (. + _Min_Stack_Size)
 *fill*         0x0000000020000200      0x400 
                0x0000000020000600                . = ALIGN (0x8)

.shadow_stack   0x0000000020004000        0x0
                0x0000000020004000                . = ALIGN (0x20)
                0x0000000020004000                _shadow_stack_start = .
 *(.shadow_stack)
                0x0000000020004000                . = ALIGN (0x20)

/DISCARD/
 libc.a(*)
 libm.a(*)
 libgcc.a(*)

.ARM.attributes
                0x0000000000000000       0x30
 *(.ARM.attributes)
 .ARM.attributes
                0x0000000000000000       0x22 /home/edward/Ac6/SystemWorkbench_old/plugins/fr.ac6.mcu.externaltools.arm-none.linux64_1.17.0.201812190825/tools/compiler/bin/../lib/gcc/arm-none-eabi/7.3.1/thumb/v7e-m/fpv4-sp/hard/crti.o
 .ARM.attributes
                0x0000000000000022       0x34 /home/edward/Ac6/SystemWorkbench_old/plugins/fr.ac6.mcu.externaltools.arm-none.linux64_1.17.0.201812190825/tools/compiler/bin/../lib/gcc/arm-none-eabi/7.3.1/thumb/v7e-m/fpv4-sp/hard/crtbegin.o
 .ARM.attributes
                0x0000000000000056       0x39 HAL_Driver/Src/stm32l4xx_hal.o
 .ARM.attributes
                0x000000000000008f       0x39 HAL_Driver/Src/stm32l4xx_hal_cortex.o
 .ARM.attributes
                0x00000000000000c8       0x39 HAL_Driver/Src/stm32l4xx_hal_gpio.o
 .ARM.attributes
                0x0000000000000101       0x39 HAL_Driver/Src/stm32l4xx_hal_pwr_ex.o
 .ARM.attributes
                0x000000000000013a       0x39 HAL_Driver/Src/stm32l4xx_hal_rcc.o
 .ARM.attributes
                0x0000000000000173       0x39 HAL_Driver/Src/stm32l4xx_hal_tim.o
 .ARM.attributes
                0x00000000000001ac       0x39 HAL_Driver/Src/stm32l4xx_hal_tim_ex.o
 .ARM.attributes
                0x00000000000001e5       0x39 HAL_Driver/Src/stm32l4xx_hal_timebase_tim_template.o
 .ARM.attributes
                0x000000000000021e       0x39 HAL_Driver/Src/stm32l4xx_hal_uart.o
 .ARM.attributes
                0x0000000000000257       0x39 Utilities/B-L475E-IOT01/stm32l475e_iot01.o
 .ARM.attributes
                0x0000000000000290       0x39 src/arcfour.o
 .ARM.attributes
                0x00000000000002c9       0x39 src/main.o
 .ARM.attributes
                0x0000000000000302       0x39 src/mpu.o
 .ARM.attributes
                0x000000000000033b       0x39 src/stm32l4xx_hal_msp.o
 .ARM.attributes
                0x0000000000000374       0x39 src/stm32l4xx_it.o
 .ARM.attributes
                0x00000000000003ad       0x39 src/syscalls.o
 .ARM.attributes
                0x00000000000003e6       0x39 src/system_stm32l4xx.o
 .ARM.attributes
                0x000000000000041f       0x21 startup/startup_stm32l475xx.o
 .ARM.attributes
                0x0000000000000440       0x22 /home/edward/Ac6/SystemWorkbench_old/plugins/fr.ac6.mcu.externaltools.arm-none.linux64_1.17.0.201812190825/tools/compiler/bin/../lib/gcc/arm-none-eabi/7.3.1/thumb/v7e-m/fpv4-sp/hard/libgcc.a(_aeabi_uldivmod.o)
 .ARM.attributes
                0x0000000000000462       0x34 /home/edward/Ac6/SystemWorkbench_old/plugins/fr.ac6.mcu.externaltools.arm-none.linux64_1.17.0.201812190825/tools/compiler/bin/../lib/gcc/arm-none-eabi/7.3.1/thumb/v7e-m/fpv4-sp/hard/libgcc.a(_udivmoddi4.o)
 .ARM.attributes
                0x0000000000000496       0x22 /home/edward/Ac6/SystemWorkbench_old/plugins/fr.ac6.mcu.externaltools.arm-none.linux64_1.17.0.201812190825/tools/compiler/bin/../lib/gcc/arm-none-eabi/7.3.1/thumb/v7e-m/fpv4-sp/hard/libgcc.a(_dvmd_tls.o)
 .ARM.attributes
                0x00000000000004b8       0x34 /home/edward/Ac6/SystemWorkbench_old/plugins/fr.ac6.mcu.externaltools.arm-none.linux64_1.17.0.201812190825/tools/compiler/bin/../lib/gcc/arm-none-eabi/7.3.1/../../../../arm-none-eabi/lib/thumb/v7e-m/fpv4-sp/hard/libc.a(lib_a-errno.o)
 .ARM.attributes
                0x00000000000004ec       0x34 /home/edward/Ac6/SystemWorkbench_old/plugins/fr.ac6.mcu.externaltools.arm-none.linux64_1.17.0.201812190825/tools/compiler/bin/../lib/gcc/arm-none-eabi/7.3.1/../../../../arm-none-eabi/lib/thumb/v7e-m/fpv4-sp/hard/libc.a(lib_a-impure.o)
 .ARM.attributes
                0x0000000000000520       0x34 /home/edward/Ac6/SystemWorkbench_old/plugins/fr.ac6.mcu.externaltools.arm-none.linux64_1.17.0.201812190825/tools/compiler/bin/../lib/gcc/arm-none-eabi/7.3.1/../../../../arm-none-eabi/lib/thumb/v7e-m/fpv4-sp/hard/libc.a(lib_a-init.o)
 .ARM.attributes
                0x0000000000000554       0x20 /home/edward/Ac6/SystemWorkbench_old/plugins/fr.ac6.mcu.externaltools.arm-none.linux64_1.17.0.201812190825/tools/compiler/bin/../lib/gcc/arm-none-eabi/7.3.1/../../../../arm-none-eabi/lib/thumb/v7e-m/fpv4-sp/hard/libc.a(lib_a-memcpy.o)
 .ARM.attributes
                0x0000000000000574       0x34 /home/edward/Ac6/SystemWorkbench_old/plugins/fr.ac6.mcu.externaltools.arm-none.linux64_1.17.0.201812190825/tools/compiler/bin/../lib/gcc/arm-none-eabi/7.3.1/../../../../arm-none-eabi/lib/thumb/v7e-m/fpv4-sp/hard/libc.a(lib_a-memset.o)
 .ARM.attributes
                0x00000000000005a8       0x34 /home/edward/Ac6/SystemWorkbench_old/plugins/fr.ac6.mcu.externaltools.arm-none.linux64_1.17.0.201812190825/tools/compiler/bin/../lib/gcc/arm-none-eabi/7.3.1/../../../../arm-none-eabi/lib/thumb/v7e-m/fpv4-sp/hard/libc.a(lib_a-printf.o)
 .ARM.attributes
                0x00000000000005dc       0x34 /home/edward/Ac6/SystemWorkbench_old/plugins/fr.ac6.mcu.externaltools.arm-none.linux64_1.17.0.201812190825/tools/compiler/bin/../lib/gcc/arm-none-eabi/7.3.1/../../../../arm-none-eabi/lib/thumb/v7e-m/fpv4-sp/hard/libc.a(lib_a-puts.o)
 .ARM.attributes
                0x0000000000000610       0x20 /home/edward/Ac6/SystemWorkbench_old/plugins/fr.ac6.mcu.externaltools.arm-none.linux64_1.17.0.201812190825/tools/compiler/bin/../lib/gcc/arm-none-eabi/7.3.1/../../../../arm-none-eabi/lib/thumb/v7e-m/fpv4-sp/hard/libc.a(lib_a-strlen.o)
 .ARM.attributes
                0x0000000000000630       0x34 /home/edward/Ac6/SystemWorkbench_old/plugins/fr.ac6.mcu.externaltools.arm-none.linux64_1.17.0.201812190825/tools/compiler/bin/../lib/gcc/arm-none-eabi/7.3.1/../../../../arm-none-eabi/lib/thumb/v7e-m/fpv4-sp/hard/libc.a(lib_a-vfprintf.o)
 .ARM.attributes
                0x0000000000000664       0x34 /home/edward/Ac6/SystemWorkbench_old/plugins/fr.ac6.mcu.externaltools.arm-none.linux64_1.17.0.201812190825/tools/compiler/bin/../lib/gcc/arm-none-eabi/7.3.1/../../../../arm-none-eabi/lib/thumb/v7e-m/fpv4-sp/hard/libc.a(lib_a-wsetup.o)
 .ARM.attributes
                0x0000000000000698       0x34 /home/edward/Ac6/SystemWorkbench_old/plugins/fr.ac6.mcu.externaltools.arm-none.linux64_1.17.0.201812190825/tools/compiler/bin/../lib/gcc/arm-none-eabi/7.3.1/../../../../arm-none-eabi/lib/thumb/v7e-m/fpv4-sp/hard/libc.a(lib_a-__call_atexit.o)
 .ARM.attributes
                0x00000000000006cc       0x34 /home/edward/Ac6/SystemWorkbench_old/plugins/fr.ac6.mcu.externaltools.arm-none.linux64_1.17.0.201812190825/tools/compiler/bin/../lib/gcc/arm-none-eabi/7.3.1/../../../../arm-none-eabi/lib/thumb/v7e-m/fpv4-sp/hard/libc.a(lib_a-atexit.o)
 .ARM.attributes
                0x0000000000000700       0x34 /home/edward/Ac6/SystemWorkbench_old/plugins/fr.ac6.mcu.externaltools.arm-none.linux64_1.17.0.201812190825/tools/compiler/bin/../lib/gcc/arm-none-eabi/7.3.1/../../../../arm-none-eabi/lib/thumb/v7e-m/fpv4-sp/hard/libc.a(lib_a-dtoa.o)
 .ARM.attributes
                0x0000000000000734       0x34 /home/edward/Ac6/SystemWorkbench_old/plugins/fr.ac6.mcu.externaltools.arm-none.linux64_1.17.0.201812190825/tools/compiler/bin/../lib/gcc/arm-none-eabi/7.3.1/../../../../arm-none-eabi/lib/thumb/v7e-m/fpv4-sp/hard/libc.a(lib_a-fflush.o)
 .ARM.attributes
                0x0000000000000768       0x34 /home/edward/Ac6/SystemWorkbench_old/plugins/fr.ac6.mcu.externaltools.arm-none.linux64_1.17.0.201812190825/tools/compiler/bin/../lib/gcc/arm-none-eabi/7.3.1/../../../../arm-none-eabi/lib/thumb/v7e-m/fpv4-sp/hard/libc.a(lib_a-findfp.o)
 .ARM.attributes
                0x000000000000079c       0x34 /home/edward/Ac6/SystemWorkbench_old/plugins/fr.ac6.mcu.externaltools.arm-none.linux64_1.17.0.201812190825/tools/compiler/bin/../lib/gcc/arm-none-eabi/7.3.1/../../../../arm-none-eabi/lib/thumb/v7e-m/fpv4-sp/hard/libc.a(lib_a-fini.o)
 .ARM.attributes
                0x00000000000007d0       0x34 /home/edward/Ac6/SystemWorkbench_old/plugins/fr.ac6.mcu.externaltools.arm-none.linux64_1.17.0.201812190825/tools/compiler/bin/../lib/gcc/arm-none-eabi/7.3.1/../../../../arm-none-eabi/lib/thumb/v7e-m/fpv4-sp/hard/libc.a(lib_a-freer.o)
 .ARM.attributes
                0x0000000000000804       0x34 /home/edward/Ac6/SystemWorkbench_old/plugins/fr.ac6.mcu.externaltools.arm-none.linux64_1.17.0.201812190825/tools/compiler/bin/../lib/gcc/arm-none-eabi/7.3.1/../../../../arm-none-eabi/lib/thumb/v7e-m/fpv4-sp/hard/libc.a(lib_a-fvwrite.o)
 .ARM.attributes
                0x0000000000000838       0x34 /home/edward/Ac6/SystemWorkbench_old/plugins/fr.ac6.mcu.externaltools.arm-none.linux64_1.17.0.201812190825/tools/compiler/bin/../lib/gcc/arm-none-eabi/7.3.1/../../../../arm-none-eabi/lib/thumb/v7e-m/fpv4-sp/hard/libc.a(lib_a-fwalk.o)
 .ARM.attributes
                0x000000000000086c       0x34 /home/edward/Ac6/SystemWorkbench_old/plugins/fr.ac6.mcu.externaltools.arm-none.linux64_1.17.0.201812190825/tools/compiler/bin/../lib/gcc/arm-none-eabi/7.3.1/../../../../arm-none-eabi/lib/thumb/v7e-m/fpv4-sp/hard/libc.a(lib_a-localeconv.o)
 .ARM.attributes
                0x00000000000008a0       0x34 /home/edward/Ac6/SystemWorkbench_old/plugins/fr.ac6.mcu.externaltools.arm-none.linux64_1.17.0.201812190825/tools/compiler/bin/../lib/gcc/arm-none-eabi/7.3.1/../../../../arm-none-eabi/lib/thumb/v7e-m/fpv4-sp/hard/libc.a(lib_a-lock.o)
 .ARM.attributes
                0x00000000000008d4       0x34 /home/edward/Ac6/SystemWorkbench_old/plugins/fr.ac6.mcu.externaltools.arm-none.linux64_1.17.0.201812190825/tools/compiler/bin/../lib/gcc/arm-none-eabi/7.3.1/../../../../arm-none-eabi/lib/thumb/v7e-m/fpv4-sp/hard/libc.a(lib_a-makebuf.o)
 .ARM.attributes
                0x0000000000000908       0x34 /home/edward/Ac6/SystemWorkbench_old/plugins/fr.ac6.mcu.externaltools.arm-none.linux64_1.17.0.201812190825/tools/compiler/bin/../lib/gcc/arm-none-eabi/7.3.1/../../../../arm-none-eabi/lib/thumb/v7e-m/fpv4-sp/hard/libc.a(lib_a-mallocr.o)
 .ARM.attributes
                0x000000000000093c       0x20 /home/edward/Ac6/SystemWorkbench_old/plugins/fr.ac6.mcu.externaltools.arm-none.linux64_1.17.0.201812190825/tools/compiler/bin/../lib/gcc/arm-none-eabi/7.3.1/../../../../arm-none-eabi/lib/thumb/v7e-m/fpv4-sp/hard/libc.a(lib_a-memchr.o)
 .ARM.attributes
                0x000000000000095c       0x34 /home/edward/Ac6/SystemWorkbench_old/plugins/fr.ac6.mcu.externaltools.arm-none.linux64_1.17.0.201812190825/tools/compiler/bin/../lib/gcc/arm-none-eabi/7.3.1/../../../../arm-none-eabi/lib/thumb/v7e-m/fpv4-sp/hard/libc.a(lib_a-memmove.o)
 .ARM.attributes
                0x0000000000000990       0x34 /home/edward/Ac6/SystemWorkbench_old/plugins/fr.ac6.mcu.externaltools.arm-none.linux64_1.17.0.201812190825/tools/compiler/bin/../lib/gcc/arm-none-eabi/7.3.1/../../../../arm-none-eabi/lib/thumb/v7e-m/fpv4-sp/hard/libc.a(lib_a-mlock.o)
 .ARM.attributes
                0x00000000000009c4       0x34 /home/edward/Ac6/SystemWorkbench_old/plugins/fr.ac6.mcu.externaltools.arm-none.linux64_1.17.0.201812190825/tools/compiler/bin/../lib/gcc/arm-none-eabi/7.3.1/../../../../arm-none-eabi/lib/thumb/v7e-m/fpv4-sp/hard/libc.a(lib_a-mprec.o)
 .ARM.attributes
                0x00000000000009f8       0x34 /home/edward/Ac6/SystemWorkbench_old/plugins/fr.ac6.mcu.externaltools.arm-none.linux64_1.17.0.201812190825/tools/compiler/bin/../lib/gcc/arm-none-eabi/7.3.1/../../../../arm-none-eabi/lib/thumb/v7e-m/fpv4-sp/hard/libc.a(lib_a-reallocr.o)
 .ARM.attributes
                0x0000000000000a2c       0x34 /home/edward/Ac6/SystemWorkbench_old/plugins/fr.ac6.mcu.externaltools.arm-none.linux64_1.17.0.201812190825/tools/compiler/bin/../lib/gcc/arm-none-eabi/7.3.1/../../../../arm-none-eabi/lib/thumb/v7e-m/fpv4-sp/hard/libc.a(lib_a-s_frexp.o)
 .ARM.attributes
                0x0000000000000a60       0x34 /home/edward/Ac6/SystemWorkbench_old/plugins/fr.ac6.mcu.externaltools.arm-none.linux64_1.17.0.201812190825/tools/compiler/bin/../lib/gcc/arm-none-eabi/7.3.1/../../../../arm-none-eabi/lib/thumb/v7e-m/fpv4-sp/hard/libc.a(lib_a-sbrkr.o)
 .ARM.attributes
                0x0000000000000a94       0x34 /home/edward/Ac6/SystemWorkbench_old/plugins/fr.ac6.mcu.externaltools.arm-none.linux64_1.17.0.201812190825/tools/compiler/bin/../lib/gcc/arm-none-eabi/7.3.1/../../../../arm-none-eabi/lib/thumb/v7e-m/fpv4-sp/hard/libc.a(lib_a-stdio.o)
 .ARM.attributes
                0x0000000000000ac8       0x34 /home/edward/Ac6/SystemWorkbench_old/plugins/fr.ac6.mcu.externaltools.arm-none.linux64_1.17.0.201812190825/tools/compiler/bin/../lib/gcc/arm-none-eabi/7.3.1/../../../../arm-none-eabi/lib/thumb/v7e-m/fpv4-sp/hard/libc.a(lib_a-strncpy.o)
 .ARM.attributes
                0x0000000000000afc       0x34 /home/edward/Ac6/SystemWorkbench_old/plugins/fr.ac6.mcu.externaltools.arm-none.linux64_1.17.0.201812190825/tools/compiler/bin/../lib/gcc/arm-none-eabi/7.3.1/../../../../arm-none-eabi/lib/thumb/v7e-m/fpv4-sp/hard/libc.a(lib_a-vfiprintf.o)
 .ARM.attributes
                0x0000000000000b30       0x34 /home/edward/Ac6/SystemWorkbench_old/plugins/fr.ac6.mcu.externaltools.arm-none.linux64_1.17.0.201812190825/tools/compiler/bin/../lib/gcc/arm-none-eabi/7.3.1/../../../../arm-none-eabi/lib/thumb/v7e-m/fpv4-sp/hard/libc.a(lib_a-writer.o)
 .ARM.attributes
                0x0000000000000b64       0x34 /home/edward/Ac6/SystemWorkbench_old/plugins/fr.ac6.mcu.externaltools.arm-none.linux64_1.17.0.201812190825/tools/compiler/bin/../lib/gcc/arm-none-eabi/7.3.1/../../../../arm-none-eabi/lib/thumb/v7e-m/fpv4-sp/hard/libc.a(lib_a-__atexit.o)
 .ARM.attributes
                0x0000000000000b98       0x34 /home/edward/Ac6/SystemWorkbench_old/plugins/fr.ac6.mcu.externaltools.arm-none.linux64_1.17.0.201812190825/tools/compiler/bin/../lib/gcc/arm-none-eabi/7.3.1/../../../../arm-none-eabi/lib/thumb/v7e-m/fpv4-sp/hard/libc.a(lib_a-callocr.o)
 .ARM.attributes
                0x0000000000000bcc       0x34 /home/edward/Ac6/SystemWorkbench_old/plugins/fr.ac6.mcu.externaltools.arm-none.linux64_1.17.0.201812190825/tools/compiler/bin/../lib/gcc/arm-none-eabi/7.3.1/../../../../arm-none-eabi/lib/thumb/v7e-m/fpv4-sp/hard/libc.a(lib_a-closer.o)
 .ARM.attributes
                0x0000000000000c00       0x34 /home/edward/Ac6/SystemWorkbench_old/plugins/fr.ac6.mcu.externaltools.arm-none.linux64_1.17.0.201812190825/tools/compiler/bin/../lib/gcc/arm-none-eabi/7.3.1/../../../../arm-none-eabi/lib/thumb/v7e-m/fpv4-sp/hard/libc.a(lib_a-fclose.o)
 .ARM.attributes
                0x0000000000000c34       0x34 /home/edward/Ac6/SystemWorkbench_old/plugins/fr.ac6.mcu.externaltools.arm-none.linux64_1.17.0.201812190825/tools/compiler/bin/../lib/gcc/arm-none-eabi/7.3.1/../../../../arm-none-eabi/lib/thumb/v7e-m/fpv4-sp/hard/libc.a(lib_a-fputwc.o)
 .ARM.attributes
                0x0000000000000c68       0x34 /home/edward/Ac6/SystemWorkbench_old/plugins/fr.ac6.mcu.externaltools.arm-none.linux64_1.17.0.201812190825/tools/compiler/bin/../lib/gcc/arm-none-eabi/7.3.1/../../../../arm-none-eabi/lib/thumb/v7e-m/fpv4-sp/hard/libc.a(lib_a-fstatr.o)
 .ARM.attributes
                0x0000000000000c9c       0x34 /home/edward/Ac6/SystemWorkbench_old/plugins/fr.ac6.mcu.externaltools.arm-none.linux64_1.17.0.201812190825/tools/compiler/bin/../lib/gcc/arm-none-eabi/7.3.1/../../../../arm-none-eabi/lib/thumb/v7e-m/fpv4-sp/hard/libc.a(lib_a-isattyr.o)
 .ARM.attributes
                0x0000000000000cd0       0x34 /home/edward/Ac6/SystemWorkbench_old/plugins/fr.ac6.mcu.externaltools.arm-none.linux64_1.17.0.201812190825/tools/compiler/bin/../lib/gcc/arm-none-eabi/7.3.1/../../../../arm-none-eabi/lib/thumb/v7e-m/fpv4-sp/hard/libc.a(lib_a-locale.o)
 .ARM.attributes
                0x0000000000000d04       0x34 /home/edward/Ac6/SystemWorkbench_old/plugins/fr.ac6.mcu.externaltools.arm-none.linux64_1.17.0.201812190825/tools/compiler/bin/../lib/gcc/arm-none-eabi/7.3.1/../../../../arm-none-eabi/lib/thumb/v7e-m/fpv4-sp/hard/libc.a(lib_a-lseekr.o)
 .ARM.attributes
                0x0000000000000d38       0x34 /home/edward/Ac6/SystemWorkbench_old/plugins/fr.ac6.mcu.externaltools.arm-none.linux64_1.17.0.201812190825/tools/compiler/bin/../lib/gcc/arm-none-eabi/7.3.1/../../../../arm-none-eabi/lib/thumb/v7e-m/fpv4-sp/hard/libc.a(lib_a-mbtowc_r.o)
 .ARM.attributes
                0x0000000000000d6c       0x34 /home/edward/Ac6/SystemWorkbench_old/plugins/fr.ac6.mcu.externaltools.arm-none.linux64_1.17.0.201812190825/tools/compiler/bin/../lib/gcc/arm-none-eabi/7.3.1/../../../../arm-none-eabi/lib/thumb/v7e-m/fpv4-sp/hard/libc.a(lib_a-readr.o)
 .ARM.attributes
                0x0000000000000da0       0x34 /home/edward/Ac6/SystemWorkbench_old/plugins/fr.ac6.mcu.externaltools.arm-none.linux64_1.17.0.201812190825/tools/compiler/bin/../lib/gcc/arm-none-eabi/7.3.1/../../../../arm-none-eabi/lib/thumb/v7e-m/fpv4-sp/hard/libc.a(lib_a-reent.o)
 .ARM.attributes
                0x0000000000000dd4       0x34 /home/edward/Ac6/SystemWorkbench_old/plugins/fr.ac6.mcu.externaltools.arm-none.linux64_1.17.0.201812190825/tools/compiler/bin/../lib/gcc/arm-none-eabi/7.3.1/../../../../arm-none-eabi/lib/thumb/v7e-m/fpv4-sp/hard/libc.a(lib_a-wbuf.o)
 .ARM.attributes
                0x0000000000000e08       0x34 /home/edward/Ac6/SystemWorkbench_old/plugins/fr.ac6.mcu.externaltools.arm-none.linux64_1.17.0.201812190825/tools/compiler/bin/../lib/gcc/arm-none-eabi/7.3.1/../../../../arm-none-eabi/lib/thumb/v7e-m/fpv4-sp/hard/libc.a(lib_a-wcrtomb.o)
 .ARM.attributes
                0x0000000000000e3c       0x34 /home/edward/Ac6/SystemWorkbench_old/plugins/fr.ac6.mcu.externaltools.arm-none.linux64_1.17.0.201812190825/tools/compiler/bin/../lib/gcc/arm-none-eabi/7.3.1/../../../../arm-none-eabi/lib/thumb/v7e-m/fpv4-sp/hard/libc.a(lib_a-wctomb_r.o)
 .ARM.attributes
                0x0000000000000e70       0x34 /home/edward/Ac6/SystemWorkbench_old/plugins/fr.ac6.mcu.externaltools.arm-none.linux64_1.17.0.201812190825/tools/compiler/bin/../lib/gcc/arm-none-eabi/7.3.1/../../../../arm-none-eabi/lib/thumb/v7e-m/fpv4-sp/hard/libc.a(lib_a-ctype_.o)
 .ARM.attributes
                0x0000000000000ea4       0x22 /home/edward/Ac6/SystemWorkbench_old/plugins/fr.ac6.mcu.externaltools.arm-none.linux64_1.17.0.201812190825/tools/compiler/bin/../lib/gcc/arm-none-eabi/7.3.1/thumb/v7e-m/fpv4-sp/hard/libgcc.a(_arm_addsubdf3.o)
 .ARM.attributes
                0x0000000000000ec6       0x22 /home/edward/Ac6/SystemWorkbench_old/plugins/fr.ac6.mcu.externaltools.arm-none.linux64_1.17.0.201812190825/tools/compiler/bin/../lib/gcc/arm-none-eabi/7.3.1/thumb/v7e-m/fpv4-sp/hard/libgcc.a(_arm_muldivdf3.o)
 .ARM.attributes
                0x0000000000000ee8       0x22 /home/edward/Ac6/SystemWorkbench_old/plugins/fr.ac6.mcu.externaltools.arm-none.linux64_1.17.0.201812190825/tools/compiler/bin/../lib/gcc/arm-none-eabi/7.3.1/thumb/v7e-m/fpv4-sp/hard/libgcc.a(_arm_cmpdf2.o)
 .ARM.attributes
                0x0000000000000f0a       0x22 /home/edward/Ac6/SystemWorkbench_old/plugins/fr.ac6.mcu.externaltools.arm-none.linux64_1.17.0.201812190825/tools/compiler/bin/../lib/gcc/arm-none-eabi/7.3.1/thumb/v7e-m/fpv4-sp/hard/libgcc.a(_arm_unorddf2.o)
 .ARM.attributes